Archive member included to satisfy reference by file (symbol)

C:/ST/STM32CubeIDE_1.18.1/STM32CubeIDE/plugins/com.st.stm32cube.ide.mcu.externaltools.gnu-tools-for-stm32.13.3.rel1.win32_1.0.0.202411081344/tools/bin/../lib/gcc/arm-none-eabi/13.3.1/../../../../arm-none-eabi/lib/thumb/v7e-m+fp/hard\libc_nano.a(libc_a-exit.o)
                              C:/ST/STM32CubeIDE_1.18.1/STM32CubeIDE/plugins/com.st.stm32cube.ide.mcu.externaltools.gnu-tools-for-stm32.13.3.rel1.win32_1.0.0.202411081344/tools/bin/../lib/gcc/arm-none-eabi/13.3.1/../../../../arm-none-eabi/lib/thumb/v7e-m+fp/hard/crt0.o (exit)
C:/ST/STM32CubeIDE_1.18.1/STM32CubeIDE/plugins/com.st.stm32cube.ide.mcu.externaltools.gnu-tools-for-stm32.13.3.rel1.win32_1.0.0.202411081344/tools/bin/../lib/gcc/arm-none-eabi/13.3.1/../../../../arm-none-eabi/lib/thumb/v7e-m+fp/hard\libc_nano.a(libc_a-malloc.o)
                              ./Middlewares/ST/STM32_USB_Device_Library/Class/CDC/Src/usbd_cdc.o (malloc)
C:/ST/STM32CubeIDE_1.18.1/STM32CubeIDE/plugins/com.st.stm32cube.ide.mcu.externaltools.gnu-tools-for-stm32.13.3.rel1.win32_1.0.0.202411081344/tools/bin/../lib/gcc/arm-none-eabi/13.3.1/../../../../arm-none-eabi/lib/thumb/v7e-m+fp/hard\libc_nano.a(libc_a-mallocr.o)
                              C:/ST/STM32CubeIDE_1.18.1/STM32CubeIDE/plugins/com.st.stm32cube.ide.mcu.externaltools.gnu-tools-for-stm32.13.3.rel1.win32_1.0.0.202411081344/tools/bin/../lib/gcc/arm-none-eabi/13.3.1/../../../../arm-none-eabi/lib/thumb/v7e-m+fp/hard\libc_nano.a(libc_a-malloc.o) (_malloc_r)
C:/ST/STM32CubeIDE_1.18.1/STM32CubeIDE/plugins/com.st.stm32cube.ide.mcu.externaltools.gnu-tools-for-stm32.13.3.rel1.win32_1.0.0.202411081344/tools/bin/../lib/gcc/arm-none-eabi/13.3.1/../../../../arm-none-eabi/lib/thumb/v7e-m+fp/hard\libc_nano.a(libc_a-mlock.o)
                              C:/ST/STM32CubeIDE_1.18.1/STM32CubeIDE/plugins/com.st.stm32cube.ide.mcu.externaltools.gnu-tools-for-stm32.13.3.rel1.win32_1.0.0.202411081344/tools/bin/../lib/gcc/arm-none-eabi/13.3.1/../../../../arm-none-eabi/lib/thumb/v7e-m+fp/hard\libc_nano.a(libc_a-mallocr.o) (__malloc_lock)
C:/ST/STM32CubeIDE_1.18.1/STM32CubeIDE/plugins/com.st.stm32cube.ide.mcu.externaltools.gnu-tools-for-stm32.13.3.rel1.win32_1.0.0.202411081344/tools/bin/../lib/gcc/arm-none-eabi/13.3.1/../../../../arm-none-eabi/lib/thumb/v7e-m+fp/hard\libc_nano.a(libc_a-nano-vfprintf_float.o)
                              (_printf_float)
C:/ST/STM32CubeIDE_1.18.1/STM32CubeIDE/plugins/com.st.stm32cube.ide.mcu.externaltools.gnu-tools-for-stm32.13.3.rel1.win32_1.0.0.202411081344/tools/bin/../lib/gcc/arm-none-eabi/13.3.1/../../../../arm-none-eabi/lib/thumb/v7e-m+fp/hard\libc_nano.a(libc_a-nano-vfprintf_i.o)
                              C:/ST/STM32CubeIDE_1.18.1/STM32CubeIDE/plugins/com.st.stm32cube.ide.mcu.externaltools.gnu-tools-for-stm32.13.3.rel1.win32_1.0.0.202411081344/tools/bin/../lib/gcc/arm-none-eabi/13.3.1/../../../../arm-none-eabi/lib/thumb/v7e-m+fp/hard\libc_nano.a(libc_a-nano-vfprintf_float.o) (_printf_common)
C:/ST/STM32CubeIDE_1.18.1/STM32CubeIDE/plugins/com.st.stm32cube.ide.mcu.externaltools.gnu-tools-for-stm32.13.3.rel1.win32_1.0.0.202411081344/tools/bin/../lib/gcc/arm-none-eabi/13.3.1/../../../../arm-none-eabi/lib/thumb/v7e-m+fp/hard\libc_nano.a(libc_a-findfp.o)
                              C:/ST/STM32CubeIDE_1.18.1/STM32CubeIDE/plugins/com.st.stm32cube.ide.mcu.externaltools.gnu-tools-for-stm32.13.3.rel1.win32_1.0.0.202411081344/tools/bin/../lib/gcc/arm-none-eabi/13.3.1/../../../../arm-none-eabi/lib/thumb/v7e-m+fp/hard\libc_nano.a(libc_a-exit.o) (__stdio_exit_handler)
C:/ST/STM32CubeIDE_1.18.1/STM32CubeIDE/plugins/com.st.stm32cube.ide.mcu.externaltools.gnu-tools-for-stm32.13.3.rel1.win32_1.0.0.202411081344/tools/bin/../lib/gcc/arm-none-eabi/13.3.1/../../../../arm-none-eabi/lib/thumb/v7e-m+fp/hard\libc_nano.a(libc_a-fwalk.o)
                              C:/ST/STM32CubeIDE_1.18.1/STM32CubeIDE/plugins/com.st.stm32cube.ide.mcu.externaltools.gnu-tools-for-stm32.13.3.rel1.win32_1.0.0.202411081344/tools/bin/../lib/gcc/arm-none-eabi/13.3.1/../../../../arm-none-eabi/lib/thumb/v7e-m+fp/hard\libc_nano.a(libc_a-findfp.o) (_fwalk_sglue)
C:/ST/STM32CubeIDE_1.18.1/STM32CubeIDE/plugins/com.st.stm32cube.ide.mcu.externaltools.gnu-tools-for-stm32.13.3.rel1.win32_1.0.0.202411081344/tools/bin/../lib/gcc/arm-none-eabi/13.3.1/../../../../arm-none-eabi/lib/thumb/v7e-m+fp/hard\libc_nano.a(libc_a-sprintf.o)
                              ./Core/Src/main.o (sprintf)
C:/ST/STM32CubeIDE_1.18.1/STM32CubeIDE/plugins/com.st.stm32cube.ide.mcu.externaltools.gnu-tools-for-stm32.13.3.rel1.win32_1.0.0.202411081344/tools/bin/../lib/gcc/arm-none-eabi/13.3.1/../../../../arm-none-eabi/lib/thumb/v7e-m+fp/hard\libc_nano.a(libc_a-stdio.o)
[...]
Memory Configuration

Name             Origin             Length             Attributes
RAM              0x20000000         0x00040000         xrw
FLASH            0x08000000         0x00080000         xr
*default*        0x00000000         0xffffffff

Linker script and memory map

LOAD C:/ST/STM32CubeIDE_1.18.1/STM32CubeIDE/plugins/com.st.stm32cube.ide.mcu.externaltools.gnu-tools-for-stm32.13.3.rel1.win32_1.0.0.202411081344/tools/bin/../lib/gcc/arm-none-eabi/13.3.1/thumb/v7e-m+fp/hard/crti.o
LOAD C:/ST/STM32CubeIDE_1.18.1/STM32CubeIDE/plugins/com.st.stm32cube.ide.mcu.externaltools.gnu-tools-for-stm32.13.3.rel1.win32_1.0.0.202411081344/tools/bin/../lib/gcc/arm-none-eabi/13.3.1/thumb/v7e-m+fp/hard/crtbegin.o
LOAD C:/ST/STM32CubeIDE_1.18.1/STM32CubeIDE/plugins/com.st.stm32cube.ide.mcu.externaltools.gnu-tools-for-stm32.13.3.rel1.win32_1.0.0.202411081344/tools/bin/../lib/gcc/arm-none-eabi/13.3.1/../../../../arm-none-eabi/lib/thumb/v7e-m+fp/hard/crt0.o
LOAD ./Core/Src/AHRS.o
LOAD ./Core/Src/Battery.o
LOAD ./Core/Src/Flight_Modes.o
LOAD ./Core/Src/ICM42688P.o
LOAD ./Core/Src/Outputs.o
LOAD ./Core/Src/PIDs.o
LOAD ./Core/Src/Quaternion.o
LOAD ./Core/Src/Sbus.o
LOAD ./Core/Src/main.o
LOAD ./Core/Src/stm32f7xx_hal_msp.o
LOAD ./Core/Src/stm32f7xx_it.o
LOAD ./Core/Src/syscalls.o
LOAD ./Core/Src/sysmem.o
LOAD ./Core/Src/system_stm32f7xx.o
LOAD ./Core/Startup/startup_stm32f722retx.o
LOAD ./Drivers/STM32F7xx_HAL_Driver/Src/stm32f7xx_hal.o
LOAD ./Drivers/STM32F7xx_HAL_Driver/Src/stm32f7xx_hal_adc.o
LOAD ./Drivers/STM32F7xx_HAL_Driver/Src/stm32f7xx_hal_adc_ex.o
LOAD ./Drivers/STM32F7xx_HAL_Driver/Src/stm32f7xx_hal_cortex.o
LOAD ./Drivers/STM32F7xx_HAL_Driver/Src/stm32f7xx_hal_dma.o
LOAD ./Drivers/STM32F7xx_HAL_Driver/Src/stm32f7xx_hal_dma_ex.o
LOAD ./Drivers/STM32F7xx_HAL_Driver/Src/stm32f7xx_hal_exti.o
LOAD ./Drivers/STM32F7xx_HAL_Driver/Src/stm32f7xx_hal_flash.o
LOAD ./Drivers/STM32F7xx_HAL_Driver/Src/stm32f7xx_hal_flash_ex.o
LOAD ./Drivers/STM32F7xx_HAL_Driver/Src/stm32f7xx_hal_gpio.o
LOAD ./Drivers/STM32F7xx_HAL_Driver/Src/stm32f7xx_hal_i2c.o
LOAD ./Drivers/STM32F7xx_HAL_Driver/Src/stm32f7xx_hal_i2c_ex.o
LOAD ./Drivers/STM32F7xx_HAL_Driver/Src/stm32f7xx_hal_pcd.o
LOAD ./Drivers/STM32F7xx_HAL_Driver/Src/stm32f7xx_hal_pcd_ex.o
LOAD ./Drivers/STM32F7xx_HAL_Driver/Src/stm32f7xx_hal_pwr.o
LOAD ./Drivers/STM32F7xx_HAL_Driver/Src/stm32f7xx_hal_pwr_ex.o
LOAD ./Drivers/STM32F7xx_HAL_Driver/Src/stm32f7xx_hal_rcc.o
LOAD ./Drivers/STM32F7xx_HAL_Driver/Src/stm32f7xx_hal_rcc_ex.o
LOAD ./Drivers/STM32F7xx_HAL_Driver/Src/stm32f7xx_hal_spi.o
LOAD ./Drivers/STM32F7xx_HAL_Driver/Src/stm32f7xx_hal_spi_ex.o
LOAD ./Drivers/STM32F7xx_HAL_Driver/Src/stm32f7xx_hal_tim.o
LOAD ./Drivers/STM32F7xx_HAL_Driver/Src/stm32f7xx_hal_tim_ex.o
LOAD ./Drivers/STM32F7xx_HAL_Driver/Src/stm32f7xx_hal_uart.o
LOAD ./Drivers/STM32F7xx_HAL_Driver/Src/stm32f7xx_hal_uart_ex.o
LOAD ./Drivers/STM32F7xx_HAL_Driver/Src/stm32f7xx_ll_usb.o
LOAD ./Middlewares/ST/STM32_USB_Device_Library/Class/CDC/Src/usbd_cdc.o
LOAD ./Middlewares/ST/STM32_USB_Device_Library/Core/Src/usbd_core.o
LOAD ./Middlewares/ST/STM32_USB_Device_Library/Core/Src/usbd_ctlreq.o
LOAD ./Middlewares/ST/STM32_USB_Device_Library/Core/Src/usbd_ioreq.o
LOAD ./USB_DEVICE/App/usb_device.o
LOAD ./USB_DEVICE/App/usbd_cdc_if.o
LOAD ./USB_DEVICE/App/usbd_desc.o
LOAD ./USB_DEVICE/Target/usbd_conf.o
START GROUP
LOAD C:/ST/STM32CubeIDE_1.18.1/STM32CubeIDE/plugins/com.st.stm32cube.ide.mcu.externaltools.gnu-tools-for-stm32.13.3.rel1.win32_1.0.0.202411081344/tools/bin/../lib/gcc/arm-none-eabi/13.3.1/../../../../arm-none-eabi/lib/thumb/v7e-m+fp/hard\libc_nano.a
LOAD C:/ST/STM32CubeIDE_1.18.1/STM32CubeIDE/plugins/com.st.stm32cube.ide.mcu.externaltools.gnu-tools-for-stm32.13.3.rel1.win32_1.0.0.202411081344/tools/bin/../lib/gcc/arm-none-eabi/13.3.1/../../../../arm-none-eabi/lib/thumb/v7e-m+fp/hard\libm.a
END GROUP
START GROUP
LOAD C:/ST/STM32CubeIDE_1.18.1/STM32CubeIDE/plugins/com.st.stm32cube.ide.mcu.externaltools.gnu-tools-for-stm32.13.3.rel1.win32_1.0.0.202411081344/tools/bin/../lib/gcc/arm-none-eabi/13.3.1/thumb/v7e-m+fp/hard\libgcc.a
LOAD C:/ST/STM32CubeIDE_1.18.1/STM32CubeIDE/plugins/com.st.stm32cube.ide.mcu.externaltools.gnu-tools-for-stm32.13.3.rel1.win32_1.0.0.202411081344/tools/bin/../lib/gcc/arm-none-eabi/13.3.1/../../../../arm-none-eabi/lib/thumb/v7e-m+fp/hard\libc_nano.a
END GROUP
START GROUP
LOAD C:/ST/STM32CubeIDE_1.18.1/STM32CubeIDE/plugins/com.st.stm32cube.ide.mcu.externaltools.gnu-tools-for-stm32.13.3.rel1.win32_1.0.0.202411081344/tools/bin/../lib/gcc/arm-none-eabi/13.3.1/thumb/v7e-m+fp/hard\libgcc.a
LOAD C:/ST/STM32CubeIDE_1.18.1/STM32CubeIDE/plugins/com.st.stm32cube.ide.mcu.externaltools.gnu-tools-for-stm32.13.3.rel1.win32_1.0.0.202411081344/tools/bin/../lib/gcc/arm-none-eabi/13.3.1/../../../../arm-none-eabi/lib/thumb/v7e-m+fp/hard\libc_nano.a
LOAD C:/ST/STM32CubeIDE_1.18.1/STM32CubeIDE/plugins/com.st.stm32cube.ide.mcu.externaltools.gnu-tools-for-stm32.13.3.rel1.win32_1.0.0.202411081344/tools/bin/../lib/gcc/arm-none-eabi/13.3.1/../../../../arm-none-eabi/lib/thumb/v7e-m+fp/hard\libnosys.a
END GROUP
START GROUP
LOAD C:/ST/STM32CubeIDE_1.18.1/STM32CubeIDE/plugins/com.st.stm32cube.ide.mcu.externaltools.gnu-tools-for-stm32.13.3.rel1.win32_1.0.0.202411081344/tools/bin/../lib/gcc/arm-none-eabi/13.3.1/thumb/v7e-m+fp/hard\libgcc.a
LOAD C:/ST/STM32CubeIDE_1.18.1/STM32CubeIDE/plugins/com.st.stm32cube.ide.mcu.externaltools.gnu-tools-for-stm32.13.3.rel1.win32_1.0.0.202411081344/tools/bin/../lib/gcc/arm-none-eabi/13.3.1/../../../../arm-none-eabi/lib/thumb/v7e-m+fp/hard\libc_nano.a
LOAD C:/ST/STM32CubeIDE_1.18.1/STM32CubeIDE/plugins/com.st.stm32cube.ide.mcu.externaltools.gnu-tools-for-stm32.13.3.rel1.win32_1.0.0.202411081344/tools/bin/../lib/gcc/arm-none-eabi/13.3.1/../../../../arm-none-eabi/lib/thumb/v7e-m+fp/hard\libnosys.a
END GROUP
LOAD C:/ST/STM32CubeIDE_1.18.1/STM32CubeIDE/plugins/com.st.stm32cube.ide.mcu.externaltools.gnu-tools-for-stm32.13.3.rel1.win32_1.0.0.202411081344/tools/bin/../lib/gcc/arm-none-eabi/13.3.1/thumb/v7e-m+fp/hard/crtend.o
LOAD C:/ST/STM32CubeIDE_1.18.1/STM32CubeIDE/plugins/com.st.stm32cube.ide.mcu.externaltools.gnu-tools-for-stm32.13.3.rel1.win32_1.0.0.202411081344/tools/bin/../lib/gcc/arm-none-eabi/13.3.1/thumb/v7e-m+fp/hard/crtn.o
                0x20040000                        _estack = (ORIGIN (RAM) + LENGTH (RAM))
                0x00000200                        _Min_Heap_Size = 0x200
                0x00000400                        _Min_Stack_Size = 0x400

.isr_vector     0x08000000      0x1e0
                0x08000000                        . = ALIGN (0x4)
 *(.isr_vector)
 .isr_vector    0x08000000      0x1e0 ./Core/Startup/startup_stm32f722retx.o
                0x08000000                g_pfnVectors
                0x080001e0                        . = ALIGN (0x4)

.text           0x080001e0    0x13c54
                0x080001e0                        . = ALIGN (0x4)
 *(.text)
 .text          0x080001e0       0x40 C:/ST/STM32CubeIDE_1.18.1/STM32CubeIDE/plugins/com.st.stm32cube.ide.mcu.externaltools.gnu-tools-for-stm32.13.3.rel1.win32_1.0.0.202411081344/tools/bin/../lib/gcc/arm-none-eabi/13.3.1/thumb/v7e-m+fp/hard/crtbegin.o
 .text          0x08000220       0xa0 C:/ST/STM32CubeIDE_1.18.1/STM32CubeIDE/plugins/com.st.stm32cube.ide.mcu.externaltools.gnu-tools-for-stm32.13.3.rel1.win32_1.0.0.202411081344/tools/bin/../lib/gcc/arm-none-eabi/13.3.1/../../../../arm-none-eabi/lib/thumb/v7e-m+fp/hard\libc_nano.a(libc_a-memchr.o)
                0x08000220                memchr
 .text          0x080002c0       0x10 C:/ST/STM32CubeIDE_1.18.1/STM32CubeIDE/plugins/com.st.stm32cube.ide.mcu.externaltools.gnu-tools-for-stm32.13.3.rel1.win32_1.0.0.202411081344/tools/bin/../lib/gcc/arm-none-eabi/13.3.1/../../../../arm-none-eabi/lib/thumb/v7e-m+fp/hard\libc_nano.a(libc_a-strlen.o)
                0x080002c0                strlen
 .text          0x080002d0      0x378 C:/ST/STM32CubeIDE_1.18.1/STM32CubeIDE/plugins/com.st.stm32cube.ide.mcu.externaltools.gnu-tools-for-stm32.13.3.rel1.win32_1.0.0.202411081344/tools/bin/../lib/gcc/arm-none-eabi/13.3.1/thumb/v7e-m+fp/hard\libgcc.a(_arm_addsubdf3.o)
                0x080002d0                __aeabi_drsub
                0x080002d8                __aeabi_dsub
                0x080002d8                __subdf3
                0x080002dc                __aeabi_dadd
                0x080002dc                __adddf3
                0x08000554                __floatunsidf
                0x08000554                __aeabi_ui2d
                0x08000574                __floatsidf
                0x08000574                __aeabi_i2d
                0x08000598                __aeabi_f2d
                0x08000598                __extendsfdf2
                0x080005dc                __floatundidf
                0x080005dc                __aeabi_ul2d
                0x080005ec                __floatdidf
                0x080005ec                __aeabi_l2d
 .text          0x08000648      0x424 C:/ST/STM32CubeIDE_1.18.1/STM32CubeIDE/plugins/com.st.stm32cube.ide.mcu.externaltools.gnu-tools-for-stm32.13.3.rel1.win32_1.0.0.202411081344/tools/bin/../lib/gcc/arm-none-eabi/13.3.1/thumb/v7e-m+fp/hard\libgcc.a(_arm_muldivdf3.o)
                0x08000648                __aeabi_dmul
                0x08000648                __muldf3
                0x0800089c                __divdf3
                0x0800089c                __aeabi_ddiv
 .text          0x08000a6c      0x110 C:/ST/STM32CubeIDE_1.18.1/STM32CubeIDE/plugins/com.st.stm32cube.ide.mcu.externaltools.gnu-tools-for-stm32.13.3.rel1.win32_1.0.0.202411081344/tools/bin/../lib/gcc/arm-none-eabi/13.3.1/thumb/v7e-m+fp/hard\libgcc.a(_arm_cmpdf2.o)
                0x08000a6c                __gtdf2
                0x08000a6c                __gedf2
                0x08000a74                __ltdf2
                0x08000a74                __ledf2
                0x08000a7c                __nedf2
                0x08000a7c                __eqdf2
                0x08000a7c                __cmpdf2
                0x08000af8                __aeabi_cdrcmple
                0x08000b08                __aeabi_cdcmpeq
                0x08000b08                __aeabi_cdcmple
                0x08000b18                __aeabi_dcmpeq
                0x08000b2c                __aeabi_dcmplt
                0x08000b40                __aeabi_dcmple
                0x08000b54                __aeabi_dcmpge
                0x08000b68                __aeabi_dcmpgt
 .text          0x08000b7c       0x2c C:/ST/STM32CubeIDE_1.18.1/STM32CubeIDE/plugins/com.st.stm32cube.ide.mcu.externaltools.gnu-tools-for-stm32.13.3.rel1.win32_1.0.0.202411081344/tools/bin/../lib/gcc/arm-none-eabi/13.3.1/thumb/v7e-m+fp/hard\libgcc.a(_arm_unorddf2.o)
                0x08000b7c                __unorddf2
                0x08000b7c                __aeabi_dcmpun
 .text          0x08000ba8       0x50 C:/ST/STM32CubeIDE_1.18.1/STM32CubeIDE/plugins/com.st.stm32cube.ide.mcu.externaltools.gnu-tools-for-stm32.13.3.rel1.win32_1.0.0.202411081344/tools/bin/../lib/gcc/arm-none-eabi/13.3.1/thumb/v7e-m+fp/hard\libgcc.a(_arm_fixdfsi.o)
                0x08000ba8                __aeabi_d2iz
                0x08000ba8                __fixdfsi
 .text          0x08000bf8       0x40 C:/ST/STM32CubeIDE_1.18.1/STM32CubeIDE/plugins/com.st.stm32cube.ide.mcu.externaltools.gnu-tools-for-stm32.13.3.rel1.win32_1.0.0.202411081344/tools/bin/../lib/gcc/arm-none-eabi/13.3.1/thumb/v7e-m+fp/hard\libgcc.a(_arm_fixunsdfsi.o)
                0x08000bf8                __aeabi_d2uiz
                0x08000bf8                __fixunsdfsi
 .text          0x08000c38       0xa0 C:/ST/STM32CubeIDE_1.18.1/STM32CubeIDE/plugins/com.st.stm32cube.ide.mcu.externaltools.gnu-tools-for-stm32.13.3.rel1.win32_1.0.0.202411081344/tools/bin/../lib/gcc/arm-none-eabi/13.3.1/thumb/v7e-m+fp/hard\libgcc.a(_arm_truncdfsf2.o)
                0x08000c38                __truncdfsf2
                0x08000c38                __aeabi_d2f
 .text          0x08000cd8       0x30 C:/ST/STM32CubeIDE_1.18.1/STM32CubeIDE/plugins/com.st.stm32cube.ide.mcu.externaltools.gnu-tools-for-stm32.13.3.rel1.win32_1.0.0.202411081344/tools/bin/../lib/gcc/arm-none-eabi/13.3.1/thumb/v7e-m+fp/hard\libgcc.a(_aeabi_uldivmod.o)
                0x08000cd8                __aeabi_uldivmod
 .text          0x08000d08      0x2f8 C:/ST/STM32CubeIDE_1.18.1/STM32CubeIDE/plugins/com.st.stm32cube.ide.mcu.externaltools.gnu-tools-for-stm32.13.3.rel1.win32_1.0.0.202411081344/tools/bin/../lib/gcc/arm-none-eabi/13.3.1/thumb/v7e-m+fp/hard\libgcc.a(_udivmoddi4.o)
                0x08000d08                __udivmoddi4
 .text          0x08001000        0x4 C:/ST/STM32CubeIDE_1.18.1/STM32CubeIDE/plugins/com.st.stm32cube.ide.mcu.externaltools.gnu-tools-for-stm32.13.3.rel1.win32_1.0.0.202411081344/tools/bin/../lib/gcc/arm-none-eabi/13.3.1/thumb/v7e-m+fp/hard\libgcc.a(_dvmd_tls.o)
                0x08001000                __aeabi_idiv0
                0x08001000                __aeabi_ldiv0
 *(.text*)
 *fill*         0x08001004        0x4 
 .text.AHRS_Update_Gyro
                0x08001008      0x324 ./Core/Src/AHRS.o
                0x08001008                AHRS_Update_Gyro
 .text.AHRS_Update_Acc
                0x0800132c       0xb8 ./Core/Src/AHRS.o
                0x0800132c                AHRS_Update_Acc
 .text.AHRS_Update_Complementary_Filter
                0x080013e4      0x118 ./Core/Src/AHRS.o
                0x080013e4                AHRS_Update_Complementary_Filter
 .text.Battery_Begin
                0x080014fc       0x30 ./Core/Src/Battery.o
                0x080014fc                Battery_Begin
 .text.Battery_Update
                0x0800152c       0x30 ./Core/Src/Battery.o
                0x0800152c                Battery_Update
 *fill*         0x0800155c        0x4 
 .text.Stabilized_Mode
                0x08001560      0x14c ./Core/Src/Flight_Modes.o
                0x08001560                Stabilized_Mode
 *fill*         0x080016ac        0x4 
 .text.Acro_Mode
                0x080016b0      0x24c ./Core/Src/Flight_Modes.o
                0x080016b0                Acro_Mode
 .text.Manual_Mode
                0x080018fc       0xa4 ./Core/Src/Flight_Modes.o
                0x080018fc                Manual_Mode
 .text.Process_Input
                0x080019a0      0x108 ./Core/Src/Flight_Modes.o
                0x080019a0                Process_Input
 .text.ICM42688_Begin
                0x08001aa8      0x136 ./Core/Src/ICM42688P.o
                0x08001aa8                ICM42688_Begin
 .text.ICM42688_Set_Filters
                0x08001bde       0x72 ./Core/Src/ICM42688P.o
                0x08001bde                ICM42688_Set_Filters
 .text.ICM42688_Set_Interrupts
                0x08001c50       0x94 ./Core/Src/ICM42688P.o
                0x08001c50                ICM42688_Set_Interrupts
 *fill*         0x08001ce4        0x4 
 .text.ICM42688_Process_Buffer
                0x08001ce8      0x224 ./Core/Src/ICM42688P.o
                0x08001ce8                ICM42688_Process_Buffer
 .text.ICM42688_Write
                0x08001f0c       0x50 ./Core/Src/ICM42688P.o
                0x08001f0c                ICM42688_Write
 .text.ICM42688_Read
                0x08001f5c       0x78 ./Core/Src/ICM42688P.o
                0x08001f5c                ICM42688_Read
 .text.ICM42688_Read_DMA
                0x08001fd4       0x48 ./Core/Src/ICM42688P.o
                0x08001fd4                ICM42688_Read_DMA
 .text.Output_Begin
                0x0800201c       0xc4 ./Core/Src/Outputs.o
                0x0800201c                Output_Begin
 .text.Servo_Move
                0x080020e0       0x8c ./Core/Src/Outputs.o
                0x080020e0                Servo_Move
 *fill*         0x0800216c        0x4 
 .text.Output_Update
                0x08002170      0x3a0 ./Core/Src/Outputs.o
                0x08002170                Output_Update
 .text.PID_Update
                0x08002510      0x28c ./Core/Src/PIDs.o
                0x08002510                PID_Update
 .text.Sbus_Begin
                0x0800279c       0x34 ./Core/Src/Sbus.o
                0x0800279c                Sbus_Begin
 .text.sbus_raw_to_us
                0x080027d0       0x8c ./Core/Src/Sbus.o
                0x080027d0                sbus_raw_to_us
 .text.Sbus_decode
                0x0800285c      0x2f4 ./Core/Src/Sbus.o
                0x0800285c                Sbus_decode
 .text.HAL_UARTEx_RxEventCallback
                0x08002b50       0x60 ./Core/Src/main.o
                0x08002b50                HAL_UARTEx_RxEventCallback
 .text.HAL_GPIO_EXTI_Callback
                0x08002bb0       0x2c ./Core/Src/main.o
                0x08002bb0                HAL_GPIO_EXTI_Callback
 .text.HAL_SPI_TxRxCpltCallback
                0x08002bdc       0x40 ./Core/Src/main.o
                0x08002bdc                HAL_SPI_TxRxCpltCallback
 .text.main     0x08002c1c      0x23c ./Core/Src/main.o
                0x08002c1c                main
 .text.SystemClock_Config
                0x08002e58       0xd8 ./Core/Src/main.o
                0x08002e58                SystemClock_Config
 .text.MX_ADC1_Init
                0x08002f30       0xa4 ./Core/Src/main.o
 .text.MX_I2C1_Init
                0x08002fd4       0x80 ./Core/Src/main.o
 .text.MX_SPI1_Init
                0x08003054       0x7c ./Core/Src/main.o
 .text.MX_TIM2_Init
                0x080030d0      0x130 ./Core/Src/main.o
 .text.MX_TIM3_Init
                0x08003200      0x130 ./Core/Src/main.o
 .text.MX_UART4_Init
                0x08003330       0x70 ./Core/Src/main.o
 .text.MX_UART5_Init
                0x080033a0       0x60 ./Core/Src/main.o
 .text.MX_USART6_UART_Init
                0x08003400       0x60 ./Core/Src/main.o
 .text.MX_DMA_Init
                0x08003460       0x84 ./Core/Src/main.o
 .text.MX_GPIO_Init
                0x080034e4      0x118 ./Core/Src/main.o
 .text.MPU_Config
                0x080035fc       0x58 ./Core/Src/main.o
 .text.Error_Handler
                0x08003654       0x34 ./Core/Src/main.o
                0x08003654                Error_Handler
 .text.HAL_MspInit
                0x08003688       0x48 ./Core/Src/stm32f7xx_hal_msp.o
                0x08003688                HAL_MspInit
 .text.HAL_ADC_MspInit
                0x080036d0       0xe8 ./Core/Src/stm32f7xx_hal_msp.o
                0x080036d0                HAL_ADC_MspInit
 .text.HAL_I2C_MspInit
                0x080037b8       0xbc ./Core/Src/stm32f7xx_hal_msp.o
                0x080037b8                HAL_I2C_MspInit
 .text.HAL_SPI_MspInit
                0x08003874      0x160 ./Core/Src/stm32f7xx_hal_msp.o
                0x08003874                HAL_SPI_MspInit
 .text.HAL_TIM_Base_MspInit
                0x080039d4       0x64 ./Core/Src/stm32f7xx_hal_msp.o
                0x080039d4                HAL_TIM_Base_MspInit
 .text.HAL_TIM_MspPostInit
                0x08003a38       0xf0 ./Core/Src/stm32f7xx_hal_msp.o
                0x08003a38                HAL_TIM_MspPostInit
 .text.HAL_UART_MspInit
                0x08003b28      0x2d4 ./Core/Src/stm32f7xx_hal_msp.o
                0x08003b28                HAL_UART_MspInit
 .text.NMI_Handler
                0x08003dfc        0x8 ./Core/Src/stm32f7xx_it.o
                0x08003dfc                NMI_Handler
 .text.HardFault_Handler
                0x08003e04        0x8 ./Core/Src/stm32f7xx_it.o
                0x08003e04                HardFault_Handler
 .text.MemManage_Handler
                0x08003e0c        0x8 ./Core/Src/stm32f7xx_it.o
                0x08003e0c                MemManage_Handler
 .text.BusFault_Handler
                0x08003e14        0x8 ./Core/Src/stm32f7xx_it.o
                0x08003e14                BusFault_Handler
 .text.UsageFault_Handler
                0x08003e1c        0x8 ./Core/Src/stm32f7xx_it.o
                0x08003e1c                UsageFault_Handler
 .text.SVC_Handler
                0x08003e24        0xe ./Core/Src/stm32f7xx_it.o
                0x08003e24                SVC_Handler
 .text.DebugMon_Handler
                0x08003e32        0xe ./Core/Src/stm32f7xx_it.o
                0x08003e32                DebugMon_Handler
 .text.PendSV_Handler
                0x08003e40        0xe ./Core/Src/stm32f7xx_it.o
                0x08003e40                PendSV_Handler
 .text.SysTick_Handler
                0x08003e4e        0xc ./Core/Src/stm32f7xx_it.o
                0x08003e4e                SysTick_Handler
 .text.EXTI4_IRQHandler
                0x08003e5a        0xe ./Core/Src/stm32f7xx_it.o
                0x08003e5a                EXTI4_IRQHandler
 .text.DMA1_Stream2_IRQHandler
                0x08003e68       0x14 ./Core/Src/stm32f7xx_it.o
                0x08003e68                DMA1_Stream2_IRQHandler
 .text.SPI1_IRQHandler
                0x08003e7c       0x14 ./Core/Src/stm32f7xx_it.o
                0x08003e7c                SPI1_IRQHandler
 .text.UART4_IRQHandler
                0x08003e90       0x14 ./Core/Src/stm32f7xx_it.o
                0x08003e90                UART4_IRQHandler
 .text.DMA2_Stream0_IRQHandler
                0x08003ea4       0x14 ./Core/Src/stm32f7xx_it.o
                0x08003ea4                DMA2_Stream0_IRQHandler
 .text.DMA2_Stream3_IRQHandler
                0x08003eb8       0x14 ./Core/Src/stm32f7xx_it.o
                0x08003eb8                DMA2_Stream3_IRQHandler
 .text.DMA2_Stream4_IRQHandler
                0x08003ecc       0x14 ./Core/Src/stm32f7xx_it.o
                0x08003ecc                DMA2_Stream4_IRQHandler
 .text.OTG_FS_IRQHandler
                0x08003ee0       0x14 ./Core/Src/stm32f7xx_it.o
                0x08003ee0                OTG_FS_IRQHandler
 .text._getpid  0x08003ef4       0x10 ./Core/Src/syscalls.o
                0x08003ef4                _getpid
 .text._kill    0x08003f04       0x20 ./Core/Src/syscalls.o
                0x08003f04                _kill
 .text._exit    0x08003f24       0x16 ./Core/Src/syscalls.o
                0x08003f24                _exit
 .text._read    0x08003f3a       0x3a ./Core/Src/syscalls.o
                0x08003f3a                _read
 .text._write   0x08003f74       0x38 ./Core/Src/syscalls.o
                0x08003f74                _write
 .text._close   0x08003fac       0x18 ./Core/Src/syscalls.o
                0x08003fac                _close
 .text._fstat   0x08003fc4       0x20 ./Core/Src/syscalls.o
                0x08003fc4                _fstat
 .text._isatty  0x08003fe4       0x16 ./Core/Src/syscalls.o
                0x08003fe4                _isatty
 .text._lseek   0x08003ffa       0x1a ./Core/Src/syscalls.o
                0x08003ffa                _lseek
 .text._sbrk    0x08004014       0x6c ./Core/Src/sysmem.o
                0x08004014                _sbrk
 .text.SystemInit
                0x08004080       0x24 ./Core/Src/system_stm32f7xx.o
                0x08004080                SystemInit
 .text.Reset_Handler
                0x080040a4       0x50 ./Core/Startup/startup_stm32f722retx.o
                0x080040a4                Reset_Handler
 .text.Default_Handler
                0x080040f4        0x2 ./Core/Startup/startup_stm32f722retx.o
                0x080040f4                RTC_Alarm_IRQHandler
                0x080040f4                EXTI2_IRQHandler
                0x080040f4                TIM8_CC_IRQHandler
                0x080040f4                UART8_IRQHandler
                0x080040f4                SPI4_IRQHandler
                0x080040f4                TIM1_CC_IRQHandler
                0x080040f4                DMA2_Stream5_IRQHandler
                0x080040f4                DMA1_Stream5_IRQHandler
                0x080040f4                PVD_IRQHandler
                0x080040f4                TAMP_STAMP_IRQHandler
                0x080040f4                EXTI3_IRQHandler
                0x080040f4                TIM8_TRG_COM_TIM14_IRQHandler
                0x080040f4                TIM1_UP_TIM10_IRQHandler
                0x080040f4                TIM8_UP_TIM13_IRQHandler
                0x080040f4                I2C3_ER_IRQHandler
                0x080040f4                EXTI0_IRQHandler
                0x080040f4                I2C2_EV_IRQHandler
                0x080040f4                CAN1_RX0_IRQHandler
                0x080040f4                FPU_IRQHandler
                0x080040f4                OTG_HS_WKUP_IRQHandler
                0x080040f4                DMA2_Stream2_IRQHandler
                0x080040f4                TIM6_DAC_IRQHandler
                0x080040f4                TIM1_BRK_TIM9_IRQHandler
                0x080040f4                SAI2_IRQHandler
                0x080040f4                USART6_IRQHandler
                0x080040f4                USART3_IRQHandler
                0x080040f4                CAN1_RX1_IRQHandler
                0x080040f4                UART5_IRQHandler
                0x080040f4                TIM4_IRQHandler
                0x080040f4                QUADSPI_IRQHandler
                0x080040f4                I2C1_EV_IRQHandler
                0x080040f4                DMA1_Stream6_IRQHandler
                0x080040f4                DMA1_Stream1_IRQHandler
                0x080040f4                TIM3_IRQHandler
                0x080040f4                RCC_IRQHandler
                0x080040f4                TIM8_BRK_TIM12_IRQHandler
                0x080040f4                Default_Handler
                0x080040f4                EXTI15_10_IRQHandler
                0x080040f4                ADC_IRQHandler
                0x080040f4                DMA1_Stream7_IRQHandler
                0x080040f4                SPI5_IRQHandler
                0x080040f4                TIM7_IRQHandler
                0x080040f4                SDMMC1_IRQHandler
                0x080040f4                TIM5_IRQHandler
                0x080040f4                DMA2_Stream7_IRQHandler
                0x080040f4                I2C3_EV_IRQHandler
                0x080040f4                EXTI9_5_IRQHandler
                0x080040f4                RTC_WKUP_IRQHandler
                0x080040f4                SPI2_IRQHandler
                0x080040f4                OTG_HS_EP1_IN_IRQHandler
                0x080040f4                DMA1_Stream0_IRQHandler
                0x080040f4                CAN1_TX_IRQHandler
                0x080040f4                RNG_IRQHandler
                0x080040f4                OTG_HS_EP1_OUT_IRQHandler
                0x080040f4                WWDG_IRQHandler
                0x080040f4                TIM2_IRQHandler
                0x080040f4                OTG_FS_WKUP_IRQHandler
                0x080040f4                TIM1_TRG_COM_TIM11_IRQHandler
                0x080040f4                OTG_HS_IRQHandler
                0x080040f4                EXTI1_IRQHandler
                0x080040f4                SDMMC2_IRQHandler
                0x080040f4                UART7_IRQHandler
                0x080040f4                USART2_IRQHandler
                0x080040f4                I2C2_ER_IRQHandler
                0x080040f4                DMA2_Stream1_IRQHandler
                0x080040f4                CAN1_SCE_IRQHandler
                0x080040f4                FLASH_IRQHandler
                0x080040f4                USART1_IRQHandler
                0x080040f4                SPI3_IRQHandler
                0x080040f4                DMA1_Stream4_IRQHandler
                0x080040f4                I2C1_ER_IRQHandler
                0x080040f4                FMC_IRQHandler
                0x080040f4                LPTIM1_IRQHandler
                0x080040f4                DMA2_Stream6_IRQHandler
                0x080040f4                SAI1_IRQHandler
                0x080040f4                DMA1_Stream3_IRQHandler
 .text.HAL_Init
                0x080040f6       0x1a ./Drivers/STM32F7xx_HAL_Driver/Src/stm32f7xx_hal.o
                0x080040f6                HAL_Init
 .text.HAL_InitTick
                0x08004110       0x60 ./Drivers/STM32F7xx_HAL_Driver/Src/stm32f7xx_hal.o
                0x08004110                HAL_InitTick
 .text.HAL_IncTick
                0x08004170       0x28 ./Drivers/STM32F7xx_HAL_Driver/Src/stm32f7xx_hal.o
                0x08004170                HAL_IncTick
 .text.HAL_GetTick
                0x08004198       0x18 ./Drivers/STM32F7xx_HAL_Driver/Src/stm32f7xx_hal.o
                0x08004198                HAL_GetTick
 .text.HAL_Delay
                0x080041b0       0x48 ./Drivers/STM32F7xx_HAL_Driver/Src/stm32f7xx_hal.o
                0x080041b0                HAL_Delay
 .text.HAL_ADC_Init
                0x080041f8       0x88 ./Drivers/STM32F7xx_HAL_Driver/Src/stm32f7xx_hal_adc.o
                0x080041f8                HAL_ADC_Init
 .text.HAL_ADC_Start_DMA
                0x08004280      0x1fc ./Drivers/STM32F7xx_HAL_Driver/Src/stm32f7xx_hal_adc.o
                0x08004280                HAL_ADC_Start_DMA
 .text.HAL_ADC_ConvCpltCallback
                0x0800447c       0x14 ./Drivers/STM32F7xx_HAL_Driver/Src/stm32f7xx_hal_adc.o
                0x0800447c                HAL_ADC_ConvCpltCallback
 .text.HAL_ADC_ConvHalfCpltCallback
                0x08004490       0x14 ./Drivers/STM32F7xx_HAL_Driver/Src/stm32f7xx_hal_adc.o
                0x08004490                HAL_ADC_ConvHalfCpltCallback
 .text.HAL_ADC_ErrorCallback
                0x080044a4       0x14 ./Drivers/STM32F7xx_HAL_Driver/Src/stm32f7xx_hal_adc.o
                0x080044a4                HAL_ADC_ErrorCallback
 .text.HAL_ADC_ConfigChannel
                0x080044b8      0x2b4 ./Drivers/STM32F7xx_HAL_Driver/Src/stm32f7xx_hal_adc.o
                0x080044b8                HAL_ADC_ConfigChannel
 .text.ADC_Init
                0x0800476c      0x1f4 ./Drivers/STM32F7xx_HAL_Driver/Src/stm32f7xx_hal_adc.o
 .text.ADC_DMAConvCplt
                0x08004960       0xba ./Drivers/STM32F7xx_HAL_Driver/Src/stm32f7xx_hal_adc.o
 .text.ADC_DMAHalfConvCplt
                0x08004a1a       0x1c ./Drivers/STM32F7xx_HAL_Driver/Src/stm32f7xx_hal_adc.o
 .text.ADC_DMAError
                0x08004a36       0x2e ./Drivers/STM32F7xx_HAL_Driver/Src/stm32f7xx_hal_adc.o
 .text.__NVIC_SetPriorityGrouping
                0x08004a64       0x48 ./Drivers/STM32F7xx_HAL_Driver/Src/stm32f7xx_hal_cortex.o
 .text.__NVIC_GetPriorityGrouping
                0x08004aac       0x1c ./Drivers/STM32F7xx_HAL_Driver/Src/stm32f7xx_hal_cortex.o
 .text.__NVIC_EnableIRQ
                0x08004ac8       0x3c ./Drivers/STM32F7xx_HAL_Driver/Src/stm32f7xx_hal_cortex.o
 .text.__NVIC_SetPriority
                0x08004b04       0x54 ./Drivers/STM32F7xx_HAL_Driver/Src/stm32f7xx_hal_cortex.o
 .text.NVIC_EncodePriority
                0x08004b58       0x66 ./Drivers/STM32F7xx_HAL_Driver/Src/stm32f7xx_hal_cortex.o
 *fill*         0x08004bbe        0x2 
 .text.SysTick_Config
                0x08004bc0       0x44 ./Drivers/STM32F7xx_HAL_Driver/Src/stm32f7xx_hal_cortex.o
 .text.HAL_NVIC_SetPriorityGrouping
                0x08004c04       0x16 ./Drivers/STM32F7xx_HAL_Driver/Src/stm32f7xx_hal_cortex.o
                0x08004c04                HAL_NVIC_SetPriorityGrouping
 .text.HAL_NVIC_SetPriority
                0x08004c1a       0x38 ./Drivers/STM32F7xx_HAL_Driver/Src/stm32f7xx_hal_cortex.o
                0x08004c1a                HAL_NVIC_SetPriority
 .text.HAL_NVIC_EnableIRQ
                0x08004c52       0x1c ./Drivers/STM32F7xx_HAL_Driver/Src/stm32f7xx_hal_cortex.o
                0x08004c52                HAL_NVIC_EnableIRQ
 .text.HAL_SYSTICK_Config
                0x08004c6e       0x18 ./Drivers/STM32F7xx_HAL_Driver/Src/stm32f7xx_hal_cortex.o
                0x08004c6e                HAL_SYSTICK_Config
 *fill*         0x08004c86        0x2 
 .text.HAL_MPU_Disable
                0x08004c88       0x30 ./Drivers/STM32F7xx_HAL_Driver/Src/stm32f7xx_hal_cortex.o
                0x08004c88                HAL_MPU_Disable
 .text.HAL_MPU_Enable
                0x08004cb8       0x40 ./Drivers/STM32F7xx_HAL_Driver/Src/stm32f7xx_hal_cortex.o
                0x08004cb8                HAL_MPU_Enable
 .text.HAL_MPU_ConfigRegion
                0x08004cf8       0x80 ./Drivers/STM32F7xx_HAL_Driver/Src/stm32f7xx_hal_cortex.o
                0x08004cf8                HAL_MPU_ConfigRegion
 .text.HAL_DMA_Init
                0x08004d78      0x15c ./Drivers/STM32F7xx_HAL_Driver/Src/stm32f7xx_hal_dma.o
                0x08004d78                HAL_DMA_Init
 .text.HAL_DMA_Start_IT
                0x08004ed4       0xc0 ./Drivers/STM32F7xx_HAL_Driver/Src/stm32f7xx_hal_dma.o
                0x08004ed4                HAL_DMA_Start_IT
 .text.HAL_DMA_Abort
                0x08004f94       0xe0 ./Drivers/STM32F7xx_HAL_Driver/Src/stm32f7xx_hal_dma.o
                0x08004f94                HAL_DMA_Abort
 .text.HAL_DMA_Abort_IT
                0x08005074       0x44 ./Drivers/STM32F7xx_HAL_Driver/Src/stm32f7xx_hal_dma.o
                0x08005074                HAL_DMA_Abort_IT
 .text.HAL_DMA_IRQHandler
                0x080050b8      0x314 ./Drivers/STM32F7xx_HAL_Driver/Src/stm32f7xx_hal_dma.o
                0x080050b8                HAL_DMA_IRQHandler
 .text.HAL_DMA_GetError
                0x080053cc       0x18 ./Drivers/STM32F7xx_HAL_Driver/Src/stm32f7xx_hal_dma.o
                0x080053cc                HAL_DMA_GetError
 .text.DMA_SetConfig
                0x080053e4       0x5c ./Drivers/STM32F7xx_HAL_Driver/Src/stm32f7xx_hal_dma.o
 .text.DMA_CalcBaseAndBitshift
                0x08005440       0x6c ./Drivers/STM32F7xx_HAL_Driver/Src/stm32f7xx_hal_dma.o
 .text.DMA_CheckFifoParam
                0x080054ac       0xf8 ./Drivers/STM32F7xx_HAL_Driver/Src/stm32f7xx_hal_dma.o
 .text.HAL_GPIO_Init
                0x080055a4      0x338 ./Drivers/STM32F7xx_HAL_Driver/Src/stm32f7xx_hal_gpio.o
                0x080055a4                HAL_GPIO_Init
 .text.HAL_GPIO_WritePin
                0x080058dc       0x32 ./Drivers/STM32F7xx_HAL_Driver/Src/stm32f7xx_hal_gpio.o
                0x080058dc                HAL_GPIO_WritePin
 .text.HAL_GPIO_TogglePin
                0x0800590e       0x34 ./Drivers/STM32F7xx_HAL_Driver/Src/stm32f7xx_hal_gpio.o
                0x0800590e                HAL_GPIO_TogglePin
 *fill*         0x08005942        0x2 
 .text.HAL_GPIO_EXTI_IRQHandler
                0x08005944       0x30 ./Drivers/STM32F7xx_HAL_Driver/Src/stm32f7xx_hal_gpio.o
                0x08005944                HAL_GPIO_EXTI_IRQHandler
 .text.HAL_I2C_Init
                0x08005974      0x138 ./Drivers/STM32F7xx_HAL_Driver/Src/stm32f7xx_hal_i2c.o
                0x08005974                HAL_I2C_Init
 .text.HAL_I2CEx_ConfigAnalogFilter
                0x08005aac       0x96 ./Drivers/STM32F7xx_HAL_Driver/Src/stm32f7xx_hal_i2c_ex.o
                0x08005aac                HAL_I2CEx_ConfigAnalogFilter
 .text.HAL_I2CEx_ConfigDigitalFilter
                0x08005b42       0x98 ./Drivers/STM32F7xx_HAL_Driver/Src/stm32f7xx_hal_i2c_ex.o
                0x08005b42                HAL_I2CEx_ConfigDigitalFilter
 .text.HAL_PCD_Init
                0x08005bda      0x22c ./Drivers/STM32F7xx_HAL_Driver/Src/stm32f7xx_hal_pcd.o
                0x08005bda                HAL_PCD_Init
 .text.HAL_PCD_Start
                0x08005e06       0x44 ./Drivers/STM32F7xx_HAL_Driver/Src/stm32f7xx_hal_pcd.o
                0x08005e06                HAL_PCD_Start
 .text.HAL_PCD_IRQHandler
                0x08005e4a      0x99c ./Drivers/STM32F7xx_HAL_Driver/Src/stm32f7xx_hal_pcd.o
                0x08005e4a                HAL_PCD_IRQHandler
 .text.HAL_PCD_SetAddress
                0x080067e6       0x48 ./Drivers/STM32F7xx_HAL_Driver/Src/stm32f7xx_hal_pcd.o
                0x080067e6                HAL_PCD_SetAddress
 .text.HAL_PCD_EP_Open
                0x0800682e       0xd4 ./Drivers/STM32F7xx_HAL_Driver/Src/stm32f7xx_hal_pcd.o
                0x0800682e                HAL_PCD_EP_Open
 .text.HAL_PCD_EP_Close
                0x08006902       0x94 ./Drivers/STM32F7xx_HAL_Driver/Src/stm32f7xx_hal_pcd.o
                0x08006902                HAL_PCD_EP_Close
 .text.HAL_PCD_EP_Receive
                0x08006996       0x76 ./Drivers/STM32F7xx_HAL_Driver/Src/stm32f7xx_hal_pcd.o
                0x08006996                HAL_PCD_EP_Receive
 .text.HAL_PCD_EP_GetRxCount
                0x08006a0c       0x30 ./Drivers/STM32F7xx_HAL_Driver/Src/stm32f7xx_hal_pcd.o
                0x08006a0c                HAL_PCD_EP_GetRxCount
 .text.HAL_PCD_EP_Transmit
                0x08006a3c       0x74 ./Drivers/STM32F7xx_HAL_Driver/Src/stm32f7xx_hal_pcd.o
                0x08006a3c                HAL_PCD_EP_Transmit
 .text.HAL_PCD_EP_SetStall
                0x08006ab0       0xc6 ./Drivers/STM32F7xx_HAL_Driver/Src/stm32f7xx_hal_pcd.o
                0x08006ab0                HAL_PCD_EP_SetStall
 .text.HAL_PCD_EP_ClrStall
                0x08006b76       0xac ./Drivers/STM32F7xx_HAL_Driver/Src/stm32f7xx_hal_pcd.o
                0x08006b76                HAL_PCD_EP_ClrStall
 .text.HAL_PCD_EP_Abort
                0x08006c22       0x62 ./Drivers/STM32F7xx_HAL_Driver/Src/stm32f7xx_hal_pcd.o
                0x08006c22                HAL_PCD_EP_Abort
 .text.PCD_WriteEmptyTxFifo
                0x08006c84      0x118 ./Drivers/STM32F7xx_HAL_Driver/Src/stm32f7xx_hal_pcd.o
 .text.PCD_EP_OutXfrComplete_int
                0x08006d9c      0x1d0 ./Drivers/STM32F7xx_HAL_Driver/Src/stm32f7xx_hal_pcd.o
 .text.PCD_EP_OutSetupPacket_int
                0x08006f6c       0x8c ./Drivers/STM32F7xx_HAL_Driver/Src/stm32f7xx_hal_pcd.o
 .text.HAL_PCDEx_SetTxFiFo
                0x08006ff8       0x8e ./Drivers/STM32F7xx_HAL_Driver/Src/stm32f7xx_hal_pcd_ex.o
                0x08006ff8                HAL_PCDEx_SetTxFiFo
 .text.HAL_PCDEx_SetRxFiFo
                0x08007086       0x22 ./Drivers/STM32F7xx_HAL_Driver/Src/stm32f7xx_hal_pcd_ex.o
                0x08007086                HAL_PCDEx_SetRxFiFo
 .text.HAL_PCDEx_ActivateLPM
                0x080070a8       0x48 ./Drivers/STM32F7xx_HAL_Driver/Src/stm32f7xx_hal_pcd_ex.o
                0x080070a8                HAL_PCDEx_ActivateLPM
 .text.HAL_PWREx_EnableOverDrive
                0x080070f0       0xa0 ./Drivers/STM32F7xx_HAL_Driver/Src/stm32f7xx_hal_pwr_ex.o
                0x080070f0                HAL_PWREx_EnableOverDrive
 .text.HAL_RCC_OscConfig
                0x08007190      0x548 ./Drivers/STM32F7xx_HAL_Driver/Src/stm32f7xx_hal_rcc.o
                0x08007190                HAL_RCC_OscConfig
 .text.HAL_RCC_ClockConfig
                0x080076d8      0x1d8 ./Drivers/STM32F7xx_HAL_Driver/Src/stm32f7xx_hal_rcc.o
                0x080076d8                HAL_RCC_ClockConfig
 .text.HAL_RCC_GetSysClockFreq
                0x080078b0      0x20c ./Drivers/STM32F7xx_HAL_Driver/Src/stm32f7xx_hal_rcc.o
                0x080078b0                HAL_RCC_GetSysClockFreq
 .text.HAL_RCC_GetHCLKFreq
                0x08007abc       0x18 ./Drivers/STM32F7xx_HAL_Driver/Src/stm32f7xx_hal_rcc.o
                0x08007abc                HAL_RCC_GetHCLKFreq
 .text.HAL_RCC_GetPCLK1Freq
                0x08007ad4       0x28 ./Drivers/STM32F7xx_HAL_Driver/Src/stm32f7xx_hal_rcc.o
                0x08007ad4                HAL_RCC_GetPCLK1Freq
 .text.HAL_RCC_GetPCLK2Freq
                0x08007afc       0x28 ./Drivers/STM32F7xx_HAL_Driver/Src/stm32f7xx_hal_rcc.o
                0x08007afc                HAL_RCC_GetPCLK2Freq
 .text.HAL_RCCEx_PeriphCLKConfig
                0x08007b24      0x694 ./Drivers/STM32F7xx_HAL_Driver/Src/stm32f7xx_hal_rcc_ex.o
                0x08007b24                HAL_RCCEx_PeriphCLKConfig
 .text.HAL_SPI_Init
                0x080081b8      0x156 ./Drivers/STM32F7xx_HAL_Driver/Src/stm32f7xx_hal_spi.o
                0x080081b8                HAL_SPI_Init
 .text.HAL_SPI_Transmit
                0x0800830e      0x2ec ./Drivers/STM32F7xx_HAL_Driver/Src/stm32f7xx_hal_spi.o
                0x0800830e                HAL_SPI_Transmit
 .text.HAL_SPI_Receive
                0x080085fa      0x270 ./Drivers/STM32F7xx_HAL_Driver/Src/stm32f7xx_hal_spi.o
                0x080085fa                HAL_SPI_Receive
 .text.HAL_SPI_TransmitReceive
                0x0800886a      0x43e ./Drivers/STM32F7xx_HAL_Driver/Src/stm32f7xx_hal_spi.o
                0x0800886a                HAL_SPI_TransmitReceive
 .text.HAL_SPI_TransmitReceive_DMA
                0x08008ca8      0x30c ./Drivers/STM32F7xx_HAL_Driver/Src/stm32f7xx_hal_spi.o
                0x08008ca8                HAL_SPI_TransmitReceive_DMA
 .text.HAL_SPI_IRQHandler
                0x08008fb4      0x200 ./Drivers/STM32F7xx_HAL_Driver/Src/stm32f7xx_hal_spi.o
                0x08008fb4                HAL_SPI_IRQHandler
 .text.HAL_SPI_RxCpltCallback
                0x080091b4       0x14 ./Drivers/STM32F7xx_HAL_Driver/Src/stm32f7xx_hal_spi.o
                0x080091b4                HAL_SPI_RxCpltCallback
 .text.HAL_SPI_RxHalfCpltCallback
                0x080091c8       0x14 ./Drivers/STM32F7xx_HAL_Driver/Src/stm32f7xx_hal_spi.o
                0x080091c8                HAL_SPI_RxHalfCpltCallback
 .text.HAL_SPI_TxRxHalfCpltCallback
                0x080091dc       0x14 ./Drivers/STM32F7xx_HAL_Driver/Src/stm32f7xx_hal_spi.o
                0x080091dc                HAL_SPI_TxRxHalfCpltCallback
 .text.HAL_SPI_ErrorCallback
                0x080091f0       0x14 ./Drivers/STM32F7xx_HAL_Driver/Src/stm32f7xx_hal_spi.o
                0x080091f0                HAL_SPI_ErrorCallback
 .text.SPI_DMAReceiveCplt
                0x08009204       0xaa ./Drivers/STM32F7xx_HAL_Driver/Src/stm32f7xx_hal_spi.o
 .text.SPI_DMATransmitReceiveCplt
                0x080092ae       0x92 ./Drivers/STM32F7xx_HAL_Driver/Src/stm32f7xx_hal_spi.o
 .text.SPI_DMAHalfReceiveCplt
                0x08009340       0x1c ./Drivers/STM32F7xx_HAL_Driver/Src/stm32f7xx_hal_spi.o
 .text.SPI_DMAHalfTransmitReceiveCplt
                0x0800935c       0x1c ./Drivers/STM32F7xx_HAL_Driver/Src/stm32f7xx_hal_spi.o
 .text.SPI_DMAError
                0x08009378       0x40 ./Drivers/STM32F7xx_HAL_Driver/Src/stm32f7xx_hal_spi.o
 .text.SPI_DMAAbortOnError
                0x080093b8       0x2a ./Drivers/STM32F7xx_HAL_Driver/Src/stm32f7xx_hal_spi.o
 *fill*         0x080093e2        0x2 
 .text.SPI_WaitFlagStateUntilTimeout
                0x080093e4      0x110 ./Drivers/STM32F7xx_HAL_Driver/Src/stm32f7xx_hal_spi.o
 .text.SPI_WaitFifoStateUntilTimeout
                0x080094f4      0x12c ./Drivers/STM32F7xx_HAL_Driver/Src/stm32f7xx_hal_spi.o
 .text.SPI_EndRxTransaction
                0x08009620       0xf8 ./Drivers/STM32F7xx_HAL_Driver/Src/stm32f7xx_hal_spi.o
 .text.SPI_EndRxTxTransaction
                0x08009718       0xd4 ./Drivers/STM32F7xx_HAL_Driver/Src/stm32f7xx_hal_spi.o
 .text.HAL_TIM_Base_Init
                0x080097ec       0xae ./Drivers/STM32F7xx_HAL_Driver/Src/stm32f7xx_hal_tim.o
                0x080097ec                HAL_TIM_Base_Init
 .text.HAL_TIM_PWM_Init
                0x0800989a       0xae ./Drivers/STM32F7xx_HAL_Driver/Src/stm32f7xx_hal_tim.o
                0x0800989a                HAL_TIM_PWM_Init
 .text.HAL_TIM_PWM_MspInit
                0x08009948       0x14 ./Drivers/STM32F7xx_HAL_Driver/Src/stm32f7xx_hal_tim.o
                0x08009948                HAL_TIM_PWM_MspInit
 .text.HAL_TIM_PWM_Start
                0x0800995c      0x1f4 ./Drivers/STM32F7xx_HAL_Driver/Src/stm32f7xx_hal_tim.o
                0x0800995c                HAL_TIM_PWM_Start
 .text.HAL_TIM_PWM_ConfigChannel
                0x08009b50      0x228 ./Drivers/STM32F7xx_HAL_Driver/Src/stm32f7xx_hal_tim.o
                0x08009b50                HAL_TIM_PWM_ConfigChannel
 .text.HAL_TIM_ConfigClockSource
                0x08009d78      0x194 ./Drivers/STM32F7xx_HAL_Driver/Src/stm32f7xx_hal_tim.o
                0x08009d78                HAL_TIM_ConfigClockSource
 .text.TIM_Base_SetConfig
                0x08009f0c      0x14c ./Drivers/STM32F7xx_HAL_Driver/Src/stm32f7xx_hal_tim.o
                0x08009f0c                TIM_Base_SetConfig
 .text.TIM_OC1_SetConfig
                0x0800a058       0xe4 ./Drivers/STM32F7xx_HAL_Driver/Src/stm32f7xx_hal_tim.o
 .text.TIM_OC2_SetConfig
                0x0800a13c       0xf0 ./Drivers/STM32F7xx_HAL_Driver/Src/stm32f7xx_hal_tim.o
                0x0800a13c                TIM_OC2_SetConfig
 .text.TIM_OC3_SetConfig
                0x0800a22c       0xec ./Drivers/STM32F7xx_HAL_Driver/Src/stm32f7xx_hal_tim.o
 .text.TIM_OC4_SetConfig
                0x0800a318       0xb0 ./Drivers/STM32F7xx_HAL_Driver/Src/stm32f7xx_hal_tim.o
 .text.TIM_OC5_SetConfig
                0x0800a3c8       0xa4 ./Drivers/STM32F7xx_HAL_Driver/Src/stm32f7xx_hal_tim.o
 .text.TIM_OC6_SetConfig
                0x0800a46c       0xa8 ./Drivers/STM32F7xx_HAL_Driver/Src/stm32f7xx_hal_tim.o
 .text.TIM_TI1_ConfigInputStage
                0x0800a514       0x5e ./Drivers/STM32F7xx_HAL_Driver/Src/stm32f7xx_hal_tim.o
 .text.TIM_TI2_ConfigInputStage
                0x0800a572       0x60 ./Drivers/STM32F7xx_HAL_Driver/Src/stm32f7xx_hal_tim.o
 .text.TIM_ITRx_SetConfig
                0x0800a5d2       0x36 ./Drivers/STM32F7xx_HAL_Driver/Src/stm32f7xx_hal_tim.o
 .text.TIM_ETR_SetConfig
                0x0800a608       0x40 ./Drivers/STM32F7xx_HAL_Driver/Src/stm32f7xx_hal_tim.o
                0x0800a608                TIM_ETR_SetConfig
 .text.TIM_CCxChannelCmd
                0x0800a648       0x4a ./Drivers/STM32F7xx_HAL_Driver/Src/stm32f7xx_hal_tim.o
                0x0800a648                TIM_CCxChannelCmd
 *fill*         0x0800a692        0x2 
 .text.HAL_TIMEx_MasterConfigSynchronization
                0x0800a694      0x11c ./Drivers/STM32F7xx_HAL_Driver/Src/stm32f7xx_hal_tim_ex.o
                0x0800a694                HAL_TIMEx_MasterConfigSynchronization
 .text.HAL_UART_Init
                0x0800a7b0       0x9c ./Drivers/STM32F7xx_HAL_Driver/Src/stm32f7xx_hal_uart.o
                0x0800a7b0                HAL_UART_Init
 .text.HAL_UART_AbortReceive
                0x0800a84c      0x15e ./Drivers/STM32F7xx_HAL_Driver/Src/stm32f7xx_hal_uart.o
                0x0800a84c                HAL_UART_AbortReceive
 *fill*         0x0800a9aa        0x2 
 .text.HAL_UART_IRQHandler
                0x0800a9ac      0x5d8 ./Drivers/STM32F7xx_HAL_Driver/Src/stm32f7xx_hal_uart.o
                0x0800a9ac                HAL_UART_IRQHandler
 .text.HAL_UART_TxCpltCallback
                0x0800af84       0x14 ./Drivers/STM32F7xx_HAL_Driver/Src/stm32f7xx_hal_uart.o
                0x0800af84                HAL_UART_TxCpltCallback
 .text.HAL_UART_RxCpltCallback
                0x0800af98       0x14 ./Drivers/STM32F7xx_HAL_Driver/Src/stm32f7xx_hal_uart.o
                0x0800af98                HAL_UART_RxCpltCallback
 .text.HAL_UART_RxHalfCpltCallback
                0x0800afac       0x14 ./Drivers/STM32F7xx_HAL_Driver/Src/stm32f7xx_hal_uart.o
                0x0800afac                HAL_UART_RxHalfCpltCallback
 .text.HAL_UART_ErrorCallback
                0x0800afc0       0x14 ./Drivers/STM32F7xx_HAL_Driver/Src/stm32f7xx_hal_uart.o
                0x0800afc0                HAL_UART_ErrorCallback
 .text.UART_SetConfig
                0x0800afd4      0x4c8 ./Drivers/STM32F7xx_HAL_Driver/Src/stm32f7xx_hal_uart.o
                0x0800afd4                UART_SetConfig
 .text.UART_AdvFeatureConfig
                0x0800b49c      0x144 ./Drivers/STM32F7xx_HAL_Driver/Src/stm32f7xx_hal_uart.o
                0x0800b49c                UART_AdvFeatureConfig
 .text.UART_CheckIdleState
                0x0800b5e0       0xae ./Drivers/STM32F7xx_HAL_Driver/Src/stm32f7xx_hal_uart.o
                0x0800b5e0                UART_CheckIdleState
 .text.UART_WaitOnFlagUntilTimeout
                0x0800b68e       0xda ./Drivers/STM32F7xx_HAL_Driver/Src/stm32f7xx_hal_uart.o
                0x0800b68e                UART_WaitOnFlagUntilTimeout
 .text.UART_Start_Receive_DMA
                0x0800b768      0x140 ./Drivers/STM32F7xx_HAL_Driver/Src/stm32f7xx_hal_uart.o
                0x0800b768                UART_Start_Receive_DMA
 .text.UART_EndTxTransfer
                0x0800b8a8       0x4c ./Drivers/STM32F7xx_HAL_Driver/Src/stm32f7xx_hal_uart.o
 .text.UART_EndRxTransfer
                0x0800b8f4       0xc8 ./Drivers/STM32F7xx_HAL_Driver/Src/stm32f7xx_hal_uart.o
 .text.UART_DMAReceiveCplt
                0x0800b9bc      0x15e ./Drivers/STM32F7xx_HAL_Driver/Src/stm32f7xx_hal_uart.o
 .text.UART_DMARxHalfCplt
                0x0800bb1a       0x72 ./Drivers/STM32F7xx_HAL_Driver/Src/stm32f7xx_hal_uart.o
 .text.UART_DMAError
                0x0800bb8c       0x7e ./Drivers/STM32F7xx_HAL_Driver/Src/stm32f7xx_hal_uart.o
 .text.UART_DMAAbortOnError
                0x0800bc0a       0x24 ./Drivers/STM32F7xx_HAL_Driver/Src/stm32f7xx_hal_uart.o
 .text.UART_EndTransmit_IT
                0x0800bc2e       0x54 ./Drivers/STM32F7xx_HAL_Driver/Src/stm32f7xx_hal_uart.o
 .text.HAL_UARTEx_ReceiveToIdle_DMA
                0x0800bc82       0xa8 ./Drivers/STM32F7xx_HAL_Driver/Src/stm32f7xx_hal_uart_ex.o
                0x0800bc82                HAL_UARTEx_ReceiveToIdle_DMA
 *fill*         0x0800bd2a        0x2 
 .text.USB_CoreInit
                0x0800bd2c      0x118 ./Drivers/STM32F7xx_HAL_Driver/Src/stm32f7xx_ll_usb.o
                0x0800bd2c                USB_CoreInit
 .text.USB_SetTurnaroundTime
                0x0800be44      0x144 ./Drivers/STM32F7xx_HAL_Driver/Src/stm32f7xx_ll_usb.o
                0x0800be44                USB_SetTurnaroundTime
 .text.USB_EnableGlobalInt
                0x0800bf88       0x22 ./Drivers/STM32F7xx_HAL_Driver/Src/stm32f7xx_ll_usb.o
                0x0800bf88                USB_EnableGlobalInt
 .text.USB_DisableGlobalInt
                0x0800bfaa       0x22 ./Drivers/STM32F7xx_HAL_Driver/Src/stm32f7xx_ll_usb.o
                0x0800bfaa                USB_DisableGlobalInt
 .text.USB_SetCurrentMode
                0x0800bfcc       0x98 ./Drivers/STM32F7xx_HAL_Driver/Src/stm32f7xx_ll_usb.o
                0x0800bfcc                USB_SetCurrentMode
 .text.USB_DevInit
                0x0800c064      0x2e0 ./Drivers/STM32F7xx_HAL_Driver/Src/stm32f7xx_ll_usb.o
                0x0800c064                USB_DevInit
 .text.USB_FlushTxFifo
                0x0800c344       0x64 ./Drivers/STM32F7xx_HAL_Driver/Src/stm32f7xx_ll_usb.o
                0x0800c344                USB_FlushTxFifo
 .text.USB_FlushRxFifo
                0x0800c3a8       0x5c ./Drivers/STM32F7xx_HAL_Driver/Src/stm32f7xx_ll_usb.o
                0x0800c3a8                USB_FlushRxFifo
 .text.USB_SetDevSpeed
                0x0800c404       0x32 ./Drivers/STM32F7xx_HAL_Driver/Src/stm32f7xx_ll_usb.o
                0x0800c404                USB_SetDevSpeed
 .text.USB_GetDevSpeed
                0x0800c436       0x4a ./Drivers/STM32F7xx_HAL_Driver/Src/stm32f7xx_ll_usb.o
                0x0800c436                USB_GetDevSpeed
 .text.USB_ActivateEndpoint
                0x0800c480      0x110 ./Drivers/STM32F7xx_HAL_Driver/Src/stm32f7xx_ll_usb.o
                0x0800c480                USB_ActivateEndpoint
 .text.USB_DeactivateEndpoint
                0x0800c590      0x1b8 ./Drivers/STM32F7xx_HAL_Driver/Src/stm32f7xx_ll_usb.o
                0x0800c590                USB_DeactivateEndpoint
 .text.USB_EPStartXfer
                0x0800c748      0x548 ./Drivers/STM32F7xx_HAL_Driver/Src/stm32f7xx_ll_usb.o
                0x0800c748                USB_EPStartXfer
 .text.USB_EPStopXfer
                0x0800cc90      0x154 ./Drivers/STM32F7xx_HAL_Driver/Src/stm32f7xx_ll_usb.o
                0x0800cc90                USB_EPStopXfer
 .text.USB_WritePacket
                0x0800cde4       0x7c ./Drivers/STM32F7xx_HAL_Driver/Src/stm32f7xx_ll_usb.o
                0x0800cde4                USB_WritePacket
 .text.USB_ReadPacket
                0x0800ce60       0xb0 ./Drivers/STM32F7xx_HAL_Driver/Src/stm32f7xx_ll_usb.o
                0x0800ce60                USB_ReadPacket
 .text.USB_EPSetStall
                0x0800cf10       0xdc ./Drivers/STM32F7xx_HAL_Driver/Src/stm32f7xx_ll_usb.o
                0x0800cf10                USB_EPSetStall
 .text.USB_EPClearStall
                0x0800cfec       0xcc ./Drivers/STM32F7xx_HAL_Driver/Src/stm32f7xx_ll_usb.o
                0x0800cfec                USB_EPClearStall
 .text.USB_SetDevAddress
                0x0800d0b8       0x4c ./Drivers/STM32F7xx_HAL_Driver/Src/stm32f7xx_ll_usb.o
                0x0800d0b8                USB_SetDevAddress
 .text.USB_DevConnect
                0x0800d104       0x42 ./Drivers/STM32F7xx_HAL_Driver/Src/stm32f7xx_ll_usb.o
                0x0800d104                USB_DevConnect
 .text.USB_DevDisconnect
                0x0800d146       0x42 ./Drivers/STM32F7xx_HAL_Driver/Src/stm32f7xx_ll_usb.o
                0x0800d146                USB_DevDisconnect
 .text.USB_ReadInterrupts
                0x0800d188       0x26 ./Drivers/STM32F7xx_HAL_Driver/Src/stm32f7xx_ll_usb.o
                0x0800d188                USB_ReadInterrupts
 .text.USB_ReadDevAllOutEpInterrupt
                0x0800d1ae       0x34 ./Drivers/STM32F7xx_HAL_Driver/Src/stm32f7xx_ll_usb.o
                0x0800d1ae                USB_ReadDevAllOutEpInterrupt
 .text.USB_ReadDevAllInEpInterrupt
                0x0800d1e2       0x34 ./Drivers/STM32F7xx_HAL_Driver/Src/stm32f7xx_ll_usb.o
                0x0800d1e2                USB_ReadDevAllInEpInterrupt
 .text.USB_ReadDevOutEPInterrupt
                0x0800d216       0x3c ./Drivers/STM32F7xx_HAL_Driver/Src/stm32f7xx_ll_usb.o
                0x0800d216                USB_ReadDevOutEPInterrupt
 .text.USB_ReadDevInEPInterrupt
                0x0800d252       0x5c ./Drivers/STM32F7xx_HAL_Driver/Src/stm32f7xx_ll_usb.o
                0x0800d252                USB_ReadDevInEPInterrupt
 .text.USB_GetMode
                0x0800d2ae       0x1c ./Drivers/STM32F7xx_HAL_Driver/Src/stm32f7xx_ll_usb.o
                0x0800d2ae                USB_GetMode
 *fill*         0x0800d2ca        0x2 
 .text.USB_ActivateSetup
                0x0800d2cc       0x48 ./Drivers/STM32F7xx_HAL_Driver/Src/stm32f7xx_ll_usb.o
                0x0800d2cc                USB_ActivateSetup
 .text.USB_EP0_OutStart
                0x0800d314       0xbc ./Drivers/STM32F7xx_HAL_Driver/Src/stm32f7xx_ll_usb.o
                0x0800d314                USB_EP0_OutStart
 .text.USB_CoreReset
                0x0800d3d0       0x70 ./Drivers/STM32F7xx_HAL_Driver/Src/stm32f7xx_ll_usb.o
 .text.USBD_CDC_Init
                0x0800d440      0x1f0 ./Middlewares/ST/STM32_USB_Device_Library/Class/CDC/Src/usbd_cdc.o
 .text.USBD_CDC_DeInit
                0x0800d630      0x104 ./Middlewares/ST/STM32_USB_Device_Library/Class/CDC/Src/usbd_cdc.o
 .text.USBD_CDC_Setup
                0x0800d734      0x1b8 ./Middlewares/ST/STM32_USB_Device_Library/Class/CDC/Src/usbd_cdc.o
 .text.USBD_CDC_DataIn
                0x0800d8ec       0xfe ./Middlewares/ST/STM32_USB_Device_Library/Class/CDC/Src/usbd_cdc.o
 .text.USBD_CDC_DataOut
                0x0800d9ea       0x70 ./Middlewares/ST/STM32_USB_Device_Library/Class/CDC/Src/usbd_cdc.o
 .text.USBD_CDC_EP0_RxReady
                0x0800da5a       0x74 ./Middlewares/ST/STM32_USB_Device_Library/Class/CDC/Src/usbd_cdc.o
 *fill*         0x0800dace        0x2 
 .text.USBD_CDC_GetFSCfgDesc
                0x0800dad0       0x70 ./Middlewares/ST/STM32_USB_Device_Library/Class/CDC/Src/usbd_cdc.o
 .text.USBD_CDC_GetHSCfgDesc
                0x0800db40       0x70 ./Middlewares/ST/STM32_USB_Device_Library/Class/CDC/Src/usbd_cdc.o
 .text.USBD_CDC_GetOtherSpeedCfgDesc
                0x0800dbb0       0x70 ./Middlewares/ST/STM32_USB_Device_Library/Class/CDC/Src/usbd_cdc.o
 .text.USBD_CDC_GetDeviceQualifierDescriptor
                0x0800dc20       0x20 ./Middlewares/ST/STM32_USB_Device_Library/Class/CDC/Src/usbd_cdc.o
                0x0800dc20                USBD_CDC_GetDeviceQualifierDescriptor
 .text.USBD_CDC_RegisterInterface
                0x0800dc40       0x34 ./Middlewares/ST/STM32_USB_Device_Library/Class/CDC/Src/usbd_cdc.o
                0x0800dc40                USBD_CDC_RegisterInterface
 .text.USBD_CDC_SetTxBuffer
                0x0800dc74       0x44 ./Middlewares/ST/STM32_USB_Device_Library/Class/CDC/Src/usbd_cdc.o
                0x0800dc74                USBD_CDC_SetTxBuffer
 .text.USBD_CDC_SetRxBuffer
                0x0800dcb8       0x3a ./Middlewares/ST/STM32_USB_Device_Library/Class/CDC/Src/usbd_cdc.o
                0x0800dcb8                USBD_CDC_SetRxBuffer
 *fill*         0x0800dcf2        0x2 
 .text.USBD_CDC_TransmitPacket
                0x0800dcf4       0x80 ./Middlewares/ST/STM32_USB_Device_Library/Class/CDC/Src/usbd_cdc.o
                0x0800dcf4                USBD_CDC_TransmitPacket
 .text.USBD_CDC_ReceivePacket
                0x0800dd74       0x6c ./Middlewares/ST/STM32_USB_Device_Library/Class/CDC/Src/usbd_cdc.o
                0x0800dd74                USBD_CDC_ReceivePacket
 .text.USBD_Init
                0x0800dde0       0x60 ./Middlewares/ST/STM32_USB_Device_Library/Core/Src/usbd_core.o
                0x0800dde0                USBD_Init
 .text.USBD_RegisterClass
                0x0800de40       0x6c ./Middlewares/ST/STM32_USB_Device_Library/Core/Src/usbd_core.o
                0x0800de40                USBD_RegisterClass
 .text.USBD_Start
                0x0800deac       0x18 ./Middlewares/ST/STM32_USB_Device_Library/Core/Src/usbd_core.o
                0x0800deac                USBD_Start
 .text.USBD_RunTestMode
                0x0800dec4       0x16 ./Middlewares/ST/STM32_USB_Device_Library/Core/Src/usbd_core.o
                0x0800dec4                USBD_RunTestMode
 .text.USBD_SetClassConfig
                0x0800deda       0x38 ./Middlewares/ST/STM32_USB_Device_Library/Core/Src/usbd_core.o
                0x0800deda                USBD_SetClassConfig
 .text.USBD_ClrClassConfig
                0x0800df12       0x34 ./Middlewares/ST/STM32_USB_Device_Library/Core/Src/usbd_core.o
                0x0800df12                USBD_ClrClassConfig
 .text.USBD_LL_SetupStage
                0x0800df46       0xaa ./Middlewares/ST/STM32_USB_Device_Library/Core/Src/usbd_core.o
                0x0800df46                USBD_LL_SetupStage
 .text.USBD_LL_DataOutStage
                0x0800dff0      0x178 ./Middlewares/ST/STM32_USB_Device_Library/Core/Src/usbd_core.o
                0x0800dff0                USBD_LL_DataOutStage
 .text.USBD_LL_DataInStage
                0x0800e168      0x176 ./Middlewares/ST/STM32_USB_Device_Library/Core/Src/usbd_core.o
                0x0800e168                USBD_LL_DataInStage
 .text.USBD_LL_Reset
                0x0800e2de       0xa6 ./Middlewares/ST/STM32_USB_Device_Library/Core/Src/usbd_core.o
                0x0800e2de                USBD_LL_Reset
 .text.USBD_LL_SetSpeed
                0x0800e384       0x20 ./Middlewares/ST/STM32_USB_Device_Library/Core/Src/usbd_core.o
                0x0800e384                USBD_LL_SetSpeed
 .text.USBD_LL_Suspend
                0x0800e3a4       0x38 ./Middlewares/ST/STM32_USB_Device_Library/Core/Src/usbd_core.o
                0x0800e3a4                USBD_LL_Suspend
 .text.USBD_LL_Resume
                0x0800e3dc       0x30 ./Middlewares/ST/STM32_USB_Device_Library/Core/Src/usbd_core.o
                0x0800e3dc                USBD_LL_Resume
 .text.USBD_LL_SOF
                0x0800e40c       0x40 ./Middlewares/ST/STM32_USB_Device_Library/Core/Src/usbd_core.o
                0x0800e40c                USBD_LL_SOF
 .text.USBD_LL_IsoINIncomplete
                0x0800e44c       0x64 ./Middlewares/ST/STM32_USB_Device_Library/Core/Src/usbd_core.o
                0x0800e44c                USBD_LL_IsoINIncomplete
 .text.USBD_LL_IsoOUTIncomplete
                0x0800e4b0       0x64 ./Middlewares/ST/STM32_USB_Device_Library/Core/Src/usbd_core.o
                0x0800e4b0                USBD_LL_IsoOUTIncomplete
 .text.USBD_LL_DevConnected
                0x0800e514       0x16 ./Middlewares/ST/STM32_USB_Device_Library/Core/Src/usbd_core.o
                0x0800e514                USBD_LL_DevConnected
 .text.USBD_LL_DevDisconnected
                0x0800e52a       0x46 ./Middlewares/ST/STM32_USB_Device_Library/Core/Src/usbd_core.o
                0x0800e52a                USBD_LL_DevDisconnected
 .text.USBD_CoreFindIF
                0x0800e570       0x1a ./Middlewares/ST/STM32_USB_Device_Library/Core/Src/usbd_core.o
                0x0800e570                USBD_CoreFindIF
 .text.USBD_CoreFindEP
                0x0800e58a       0x1a ./Middlewares/ST/STM32_USB_Device_Library/Core/Src/usbd_core.o
                0x0800e58a                USBD_CoreFindEP
 .text.USBD_GetEpDesc
                0x0800e5a4       0x70 ./Middlewares/ST/STM32_USB_Device_Library/Core/Src/usbd_core.o
                0x0800e5a4                USBD_GetEpDesc
 .text.USBD_GetNextDesc
                0x0800e614       0x38 ./Middlewares/ST/STM32_USB_Device_Library/Core/Src/usbd_core.o
                0x0800e614                USBD_GetNextDesc
 .text.SWAPBYTE
                0x0800e64c       0x3e ./Middlewares/ST/STM32_USB_Device_Library/Core/Src/usbd_ctlreq.o
 *fill*         0x0800e68a        0x2 
 .text.USBD_StdDevReq
                0x0800e68c       0xe4 ./Middlewares/ST/STM32_USB_Device_Library/Core/Src/usbd_ctlreq.o
                0x0800e68c                USBD_StdDevReq
 .text.USBD_StdItfReq
                0x0800e770       0xd8 ./Middlewares/ST/STM32_USB_Device_Library/Core/Src/usbd_ctlreq.o
                0x0800e770                USBD_StdItfReq
 .text.USBD_StdEPReq
                0x0800e848      0x33e ./Middlewares/ST/STM32_USB_Device_Library/Core/Src/usbd_ctlreq.o
                0x0800e848                USBD_StdEPReq
 *fill*         0x0800eb86        0x2 
 .text.USBD_GetDescriptor
                0x0800eb88      0x328 ./Middlewares/ST/STM32_USB_Device_Library/Core/Src/usbd_ctlreq.o
 .text.USBD_SetAddress
                0x0800eeb0       0x88 ./Middlewares/ST/STM32_USB_Device_Library/Core/Src/usbd_ctlreq.o
 .text.USBD_SetConfig
                0x0800ef38      0x154 ./Middlewares/ST/STM32_USB_Device_Library/Core/Src/usbd_ctlreq.o
 .text.USBD_GetConfig
                0x0800f08c       0x6c ./Middlewares/ST/STM32_USB_Device_Library/Core/Src/usbd_ctlreq.o
 .text.USBD_GetStatus
                0x0800f0f8       0x68 ./Middlewares/ST/STM32_USB_Device_Library/Core/Src/usbd_ctlreq.o
 .text.USBD_SetFeature
                0x0800f160       0x52 ./Middlewares/ST/STM32_USB_Device_Library/Core/Src/usbd_ctlreq.o
 .text.USBD_ClrFeature
                0x0800f1b2       0x44 ./Middlewares/ST/STM32_USB_Device_Library/Core/Src/usbd_ctlreq.o
 .text.USBD_ParseSetupRequest
                0x0800f1f6       0x74 ./Middlewares/ST/STM32_USB_Device_Library/Core/Src/usbd_ctlreq.o
                0x0800f1f6                USBD_ParseSetupRequest
 .text.USBD_CtlError
                0x0800f26a       0x22 ./Middlewares/ST/STM32_USB_Device_Library/Core/Src/usbd_ctlreq.o
                0x0800f26a                USBD_CtlError
 .text.USBD_GetString
                0x0800f28c       0xa4 ./Middlewares/ST/STM32_USB_Device_Library/Core/Src/usbd_ctlreq.o
                0x0800f28c                USBD_GetString
 .text.USBD_GetLen
                0x0800f330       0x34 ./Middlewares/ST/STM32_USB_Device_Library/Core/Src/usbd_ctlreq.o
 .text.USBD_CtlSendData
                0x0800f364       0x3c ./Middlewares/ST/STM32_USB_Device_Library/Core/Src/usbd_ioreq.o
                0x0800f364                USBD_CtlSendData
 .text.USBD_CtlContinueSendData
                0x0800f3a0       0x22 ./Middlewares/ST/STM32_USB_Device_Library/Core/Src/usbd_ioreq.o
                0x0800f3a0                USBD_CtlContinueSendData
 .text.USBD_CtlPrepareRx
                0x0800f3c2       0x42 ./Middlewares/ST/STM32_USB_Device_Library/Core/Src/usbd_ioreq.o
                0x0800f3c2                USBD_CtlPrepareRx
 .text.USBD_CtlContinueRx
                0x0800f404       0x22 ./Middlewares/ST/STM32_USB_Device_Library/Core/Src/usbd_ioreq.o
                0x0800f404                USBD_CtlContinueRx
 .text.USBD_CtlSendStatus
                0x0800f426       0x26 ./Middlewares/ST/STM32_USB_Device_Library/Core/Src/usbd_ioreq.o
                0x0800f426                USBD_CtlSendStatus
 .text.USBD_CtlReceiveStatus
                0x0800f44c       0x26 ./Middlewares/ST/STM32_USB_Device_Library/Core/Src/usbd_ioreq.o
                0x0800f44c                USBD_CtlReceiveStatus
 *fill*         0x0800f472        0x2 
 .text.MX_USB_DEVICE_Init
                0x0800f474       0x60 ./USB_DEVICE/App/usb_device.o
                0x0800f474                MX_USB_DEVICE_Init
 .text.CDC_Init_FS
                0x0800f4d4       0x28 ./USB_DEVICE/App/usbd_cdc_if.o
 .text.CDC_DeInit_FS
                0x0800f4fc       0x10 ./USB_DEVICE/App/usbd_cdc_if.o
 .text.CDC_Control_FS
                0x0800f50c       0xbc ./USB_DEVICE/App/usbd_cdc_if.o
 .text.CDC_Receive_FS
                0x0800f5c8       0x28 ./USB_DEVICE/App/usbd_cdc_if.o
 .text.CDC_Transmit_FS
                0x0800f5f0       0x4c ./USB_DEVICE/App/usbd_cdc_if.o
                0x0800f5f0                CDC_Transmit_FS
 .text.CDC_TransmitCplt_FS
                0x0800f63c       0x22 ./USB_DEVICE/App/usbd_cdc_if.o
 *fill*         0x0800f65e        0x2 
 .text.USBD_FS_DeviceDescriptor
                0x0800f660       0x24 ./USB_DEVICE/App/usbd_desc.o
                0x0800f660                USBD_FS_DeviceDescriptor
 .text.USBD_FS_LangIDStrDescriptor
                0x0800f684       0x24 ./USB_DEVICE/App/usbd_desc.o
                0x0800f684                USBD_FS_LangIDStrDescriptor
 .text.USBD_FS_ProductStrDescriptor
                0x0800f6a8       0x3c ./USB_DEVICE/App/usbd_desc.o
                0x0800f6a8                USBD_FS_ProductStrDescriptor
 .text.USBD_FS_ManufacturerStrDescriptor
                0x0800f6e4       0x28 ./USB_DEVICE/App/usbd_desc.o
                0x0800f6e4                USBD_FS_ManufacturerStrDescriptor
 .text.USBD_FS_SerialStrDescriptor
                0x0800f70c       0x24 ./USB_DEVICE/App/usbd_desc.o
                0x0800f70c                USBD_FS_SerialStrDescriptor
 .text.USBD_FS_ConfigStrDescriptor
                0x0800f730       0x3c ./USB_DEVICE/App/usbd_desc.o
                0x0800f730                USBD_FS_ConfigStrDescriptor
 .text.USBD_FS_InterfaceStrDescriptor
                0x0800f76c       0x3c ./USB_DEVICE/App/usbd_desc.o
                0x0800f76c                USBD_FS_InterfaceStrDescriptor
 .text.USBD_FS_USR_BOSDescriptor
                0x0800f7a8       0x24 ./USB_DEVICE/App/usbd_desc.o
                0x0800f7a8                USBD_FS_USR_BOSDescriptor
 .text.Get_SerialNum
                0x0800f7cc       0x58 ./USB_DEVICE/App/usbd_desc.o
 .text.IntToUnicode
                0x0800f824       0x7e ./USB_DEVICE/App/usbd_desc.o
 *fill*         0x0800f8a2        0x2 
 .text.HAL_PCD_MspInit
                0x0800f8a4       0xe4 ./USB_DEVICE/Target/usbd_conf.o
                0x0800f8a4                HAL_PCD_MspInit
 .text.HAL_PCD_SetupStageCallback
                0x0800f988       0x24 ./USB_DEVICE/Target/usbd_conf.o
                0x0800f988                HAL_PCD_SetupStageCallback
 .text.HAL_PCD_DataOutStageCallback
                0x0800f9ac       0x36 ./USB_DEVICE/Target/usbd_conf.o
                0x0800f9ac                HAL_PCD_DataOutStageCallback
 .text.HAL_PCD_DataInStageCallback
                0x0800f9e2       0x34 ./USB_DEVICE/Target/usbd_conf.o
                0x0800f9e2                HAL_PCD_DataInStageCallback
 .text.HAL_PCD_SOFCallback
                0x0800fa16       0x1c ./USB_DEVICE/Target/usbd_conf.o
                0x0800fa16                HAL_PCD_SOFCallback
 .text.HAL_PCD_ResetCallback
                0x0800fa32       0x50 ./USB_DEVICE/Target/usbd_conf.o
                0x0800fa32                HAL_PCD_ResetCallback
 *fill*         0x0800fa82        0x2 
 .text.HAL_PCD_SuspendCallback
                0x0800fa84       0x4c ./USB_DEVICE/Target/usbd_conf.o
                0x0800fa84                HAL_PCD_SuspendCallback
 .text.HAL_PCD_ResumeCallback
                0x0800fad0       0x1c ./USB_DEVICE/Target/usbd_conf.o
                0x0800fad0                HAL_PCD_ResumeCallback
 .text.HAL_PCD_ISOOUTIncompleteCallback
                0x0800faec       0x24 ./USB_DEVICE/Target/usbd_conf.o
                0x0800faec                HAL_PCD_ISOOUTIncompleteCallback
 .text.HAL_PCD_ISOINIncompleteCallback
                0x0800fb10       0x24 ./USB_DEVICE/Target/usbd_conf.o
                0x0800fb10                HAL_PCD_ISOINIncompleteCallback
 .text.HAL_PCD_ConnectCallback
                0x0800fb34       0x1c ./USB_DEVICE/Target/usbd_conf.o
                0x0800fb34                HAL_PCD_ConnectCallback
 .text.HAL_PCD_DisconnectCallback
                0x0800fb50       0x1c ./USB_DEVICE/Target/usbd_conf.o
                0x0800fb50                HAL_PCD_DisconnectCallback
 .text.USBD_LL_Init
                0x0800fb6c       0xa0 ./USB_DEVICE/Target/usbd_conf.o
                0x0800fb6c                USBD_LL_Init
 .text.USBD_LL_Start
                0x0800fc0c       0x36 ./USB_DEVICE/Target/usbd_conf.o
                0x0800fc0c                USBD_LL_Start
 .text.USBD_LL_OpenEP
                0x0800fc42       0x4c ./USB_DEVICE/Target/usbd_conf.o
                0x0800fc42                USBD_LL_OpenEP
 .text.USBD_LL_CloseEP
                0x0800fc8e       0x3e ./USB_DEVICE/Target/usbd_conf.o
                0x0800fc8e                USBD_LL_CloseEP
 .text.USBD_LL_StallEP
                0x0800fccc       0x3e ./USB_DEVICE/Target/usbd_conf.o
                0x0800fccc                USBD_LL_StallEP
 .text.USBD_LL_ClearStallEP
                0x0800fd0a       0x3e ./USB_DEVICE/Target/usbd_conf.o
                0x0800fd0a                USBD_LL_ClearStallEP
 .text.USBD_LL_IsStallEP
                0x0800fd48       0x58 ./USB_DEVICE/Target/usbd_conf.o
                0x0800fd48                USBD_LL_IsStallEP
 .text.USBD_LL_SetUSBAddress
                0x0800fda0       0x3e ./USB_DEVICE/Target/usbd_conf.o
                0x0800fda0                USBD_LL_SetUSBAddress
 .text.USBD_LL_Transmit
                0x0800fdde       0x42 ./USB_DEVICE/Target/usbd_conf.o
                0x0800fdde                USBD_LL_Transmit
 .text.USBD_LL_PrepareReceive
                0x0800fe20       0x42 ./USB_DEVICE/Target/usbd_conf.o
                0x0800fe20                USBD_LL_PrepareReceive
 .text.USBD_LL_GetRxDataSize
                0x0800fe62       0x26 ./USB_DEVICE/Target/usbd_conf.o
                0x0800fe62                USBD_LL_GetRxDataSize
 .text.HAL_PCDEx_LPM_Callback
                0x0800fe88       0x9c ./USB_DEVICE/Target/usbd_conf.o
                0x0800fe88                HAL_PCDEx_LPM_Callback
 .text.SystemClockConfig_Resume
                0x0800ff24        0xc ./USB_DEVICE/Target/usbd_conf.o
 .text.USBD_Get_USB_Status
                0x0800ff30       0x58 ./USB_DEVICE/Target/usbd_conf.o
                0x0800ff30                USBD_Get_USB_Status
 .text.malloc   0x0800ff88       0x10 C:/ST/STM32CubeIDE_1.18.1/STM32CubeIDE/plugins/com.st.stm32cube.ide.mcu.externaltools.gnu-tools-for-stm32.13.3.rel1.win32_1.0.0.202411081344/tools/bin/../lib/gcc/arm-none-eabi/13.3.1/../../../../arm-none-eabi/lib/thumb/v7e-m+fp/hard\libc_nano.a(libc_a-malloc.o)
                0x0800ff88                malloc
 .text.free     0x0800ff98       0x10 C:/ST/STM32CubeIDE_1.18.1/STM32CubeIDE/plugins/com.st.stm32cube.ide.mcu.externaltools.gnu-tools-for-stm32.13.3.rel1.win32_1.0.0.202411081344/tools/bin/../lib/gcc/arm-none-eabi/13.3.1/../../../../arm-none-eabi/lib/thumb/v7e-m+fp/hard\libc_nano.a(libc_a-malloc.o)
                0x0800ff98                free
 .text.sbrk_aligned
                0x0800ffa8       0x44 C:/ST/STM32CubeIDE_1.18.1/STM32CubeIDE/plugins/com.st.stm32cube.ide.mcu.externaltools.gnu-tools-for-stm32.13.3.rel1.win32_1.0.0.202411081344/tools/bin/../lib/gcc/arm-none-eabi/13.3.1/../../../../arm-none-eabi/lib/thumb/v7e-m+fp/hard\libc_nano.a(libc_a-mallocr.o)
 .text._malloc_r
                0x0800ffec      0x100 C:/ST/STM32CubeIDE_1.18.1/STM32CubeIDE/plugins/com.st.stm32cube.ide.mcu.externaltools.gnu-tools-for-stm32.13.3.rel1.win32_1.0.0.202411081344/tools/bin/../lib/gcc/arm-none-eabi/13.3.1/../../../../arm-none-eabi/lib/thumb/v7e-m+fp/hard\libc_nano.a(libc_a-mallocr.o)
                0x0800ffec                _malloc_r
 .text.__malloc_lock
                0x080100ec        0xc C:/ST/STM32CubeIDE_1.18.1/STM32CubeIDE/plugins/com.st.stm32cube.ide.mcu.externaltools.gnu-tools-for-stm32.13.3.rel1.win32_1.0.0.202411081344/tools/bin/../lib/gcc/arm-none-eabi/13.3.1/../../../../arm-none-eabi/lib/thumb/v7e-m+fp/hard\libc_nano.a(libc_a-mlock.o)
                0x080100ec                __malloc_lock
 .text.__malloc_unlock
                0x080100f8        0xc C:/ST/STM32CubeIDE_1.18.1/STM32CubeIDE/plugins/com.st.stm32cube.ide.mcu.externaltools.gnu-tools-for-stm32.13.3.rel1.win32_1.0.0.202411081344/tools/bin/../lib/gcc/arm-none-eabi/13.3.1/../../../../arm-none-eabi/lib/thumb/v7e-m+fp/hard\libc_nano.a(libc_a-mlock.o)
                0x080100f8                __malloc_unlock
 .text.__cvt    0x08010104       0xca C:/ST/STM32CubeIDE_1.18.1/STM32CubeIDE/plugins/com.st.stm32cube.ide.mcu.externaltools.gnu-tools-for-stm32.13.3.rel1.win32_1.0.0.202411081344/tools/bin/../lib/gcc/arm-none-eabi/13.3.1/../../../../arm-none-eabi/lib/thumb/v7e-m+fp/hard\libc_nano.a(libc_a-nano-vfprintf_float.o)
                0x08010104                __cvt
 .text.__exponent
                0x080101ce       0x74 C:/ST/STM32CubeIDE_1.18.1/STM32CubeIDE/plugins/com.st.stm32cube.ide.mcu.externaltools.gnu-tools-for-stm32.13.3.rel1.win32_1.0.0.202411081344/tools/bin/../lib/gcc/arm-none-eabi/13.3.1/../../../../arm-none-eabi/lib/thumb/v7e-m+fp/hard\libc_nano.a(libc_a-nano-vfprintf_float.o)
                0x080101ce                __exponent
 *fill*         0x08010242        0x2 
 .text._printf_float
                0x08010244      0x454 C:/ST/STM32CubeIDE_1.18.1/STM32CubeIDE/plugins/com.st.stm32cube.ide.mcu.externaltools.gnu-tools-for-stm32.13.3.rel1.win32_1.0.0.202411081344/tools/bin/../lib/gcc/arm-none-eabi/13.3.1/../../../../arm-none-eabi/lib/thumb/v7e-m+fp/hard\libc_nano.a(libc_a-nano-vfprintf_float.o)
                0x08010244                _printf_float
 .text._printf_common
                0x08010698       0xda C:/ST/STM32CubeIDE_1.18.1/STM32CubeIDE/plugins/com.st.stm32cube.ide.mcu.externaltools.gnu-tools-for-stm32.13.3.rel1.win32_1.0.0.202411081344/tools/bin/../lib/gcc/arm-none-eabi/13.3.1/../../../../arm-none-eabi/lib/thumb/v7e-m+fp/hard\libc_nano.a(libc_a-nano-vfprintf_i.o)
                0x08010698                _printf_common
 *fill*         0x08010772        0x2 
 .text._printf_i
                0x08010774      0x23c C:/ST/STM32CubeIDE_1.18.1/STM32CubeIDE/plugins/com.st.stm32cube.ide.mcu.externaltools.gnu-tools-for-stm32.13.3.rel1.win32_1.0.0.202411081344/tools/bin/../lib/gcc/arm-none-eabi/13.3.1/../../../../arm-none-eabi/lib/thumb/v7e-m+fp/hard\libc_nano.a(libc_a-nano-vfprintf_i.o)
                0x08010774                _printf_i
 .text.std      0x080109b0       0x6c C:/ST/STM32CubeIDE_1.18.1/STM32CubeIDE/plugins/com.st.stm32cube.ide.mcu.externaltools.gnu-tools-for-stm32.13.3.rel1.win32_1.0.0.202411081344/tools/bin/../lib/gcc/arm-none-eabi/13.3.1/../../../../arm-none-eabi/lib/thumb/v7e-m+fp/hard\libc_nano.a(libc_a-findfp.o)
 .text.stdio_exit_handler
                0x08010a1c       0x18 C:/ST/STM32CubeIDE_1.18.1/STM32CubeIDE/plugins/com.st.stm32cube.ide.mcu.externaltools.gnu-tools-for-stm32.13.3.rel1.win32_1.0.0.202411081344/tools/bin/../lib/gcc/arm-none-eabi/13.3.1/../../../../arm-none-eabi/lib/thumb/v7e-m+fp/hard\libc_nano.a(libc_a-findfp.o)
 .text.cleanup_stdio
                0x08010a34       0x40 C:/ST/STM32CubeIDE_1.18.1/STM32CubeIDE/plugins/com.st.stm32cube.ide.mcu.externaltools.gnu-tools-for-stm32.13.3.rel1.win32_1.0.0.202411081344/tools/bin/../lib/gcc/arm-none-eabi/13.3.1/../../../../arm-none-eabi/lib/thumb/v7e-m+fp/hard\libc_nano.a(libc_a-findfp.o)
 .text.global_stdio_init.part.0
                0x08010a74       0x3c C:/ST/STM32CubeIDE_1.18.1/STM32CubeIDE/plugins/com.st.stm32cube.ide.mcu.externaltools.gnu-tools-for-stm32.13.3.rel1.win32_1.0.0.202411081344/tools/bin/../lib/gcc/arm-none-eabi/13.3.1/../../../../arm-none-eabi/lib/thumb/v7e-m+fp/hard\libc_nano.a(libc_a-findfp.o)
 .text.__sfp_lock_acquire
                0x08010ab0        0xc C:/ST/STM32CubeIDE_1.18.1/STM32CubeIDE/plugins/com.st.stm32cube.ide.mcu.externaltools.gnu-tools-for-stm32.13.3.rel1.win32_1.0.0.202411081344/tools/bin/../lib/gcc/arm-none-eabi/13.3.1/../../../../arm-none-eabi/lib/thumb/v7e-m+fp/hard\libc_nano.a(libc_a-findfp.o)
                0x08010ab0                __sfp_lock_acquire
 .text.__sfp_lock_release
                0x08010abc        0xc C:/ST/STM32CubeIDE_1.18.1/STM32CubeIDE/plugins/com.st.stm32cube.ide.mcu.externaltools.gnu-tools-for-stm32.13.3.rel1.win32_1.0.0.202411081344/tools/bin/../lib/gcc/arm-none-eabi/13.3.1/../../../../arm-none-eabi/lib/thumb/v7e-m+fp/hard\libc_nano.a(libc_a-findfp.o)
                0x08010abc                __sfp_lock_release
 .text.__sinit  0x08010ac8       0x30 C:/ST/STM32CubeIDE_1.18.1/STM32CubeIDE/plugins/com.st.stm32cube.ide.mcu.externaltools.gnu-tools-for-stm32.13.3.rel1.win32_1.0.0.202411081344/tools/bin/../lib/gcc/arm-none-eabi/13.3.1/../../../../arm-none-eabi/lib/thumb/v7e-m+fp/hard\libc_nano.a(libc_a-findfp.o)
                0x08010ac8                __sinit
 .text._fwalk_sglue
                0x08010af8       0x3c C:/ST/STM32CubeIDE_1.18.1/STM32CubeIDE/plugins/com.st.stm32cube.ide.mcu.externaltools.gnu-tools-for-stm32.13.3.rel1.win32_1.0.0.202411081344/tools/bin/../lib/gcc/arm-none-eabi/13.3.1/../../../../arm-none-eabi/lib/thumb/v7e-m+fp/hard\libc_nano.a(libc_a-fwalk.o)
                0x08010af8                _fwalk_sglue
 .text.sprintf  0x08010b34       0x44 C:/ST/STM32CubeIDE_1.18.1/STM32CubeIDE/plugins/com.st.stm32cube.ide.mcu.externaltools.gnu-tools-for-stm32.13.3.rel1.win32_1.0.0.202411081344/tools/bin/../lib/gcc/arm-none-eabi/13.3.1/../../../../arm-none-eabi/lib/thumb/v7e-m+fp/hard\libc_nano.a(libc_a-sprintf.o)
                0x08010b34                siprintf
                0x08010b34                sprintf
 .text.__sread  0x08010b78       0x22 C:/ST/STM32CubeIDE_1.18.1/STM32CubeIDE/plugins/com.st.stm32cube.ide.mcu.externaltools.gnu-tools-for-stm32.13.3.rel1.win32_1.0.0.202411081344/tools/bin/../lib/gcc/arm-none-eabi/13.3.1/../../../../arm-none-eabi/lib/thumb/v7e-m+fp/hard\libc_nano.a(libc_a-stdio.o)
                0x08010b78                __sread
 .text.__swrite
                0x08010b9a       0x38 C:/ST/STM32CubeIDE_1.18.1/STM32CubeIDE/plugins/com.st.stm32cube.ide.mcu.externaltools.gnu-tools-for-stm32.13.3.rel1.win32_1.0.0.202411081344/tools/bin/../lib/gcc/arm-none-eabi/13.3.1/../../../../arm-none-eabi/lib/thumb/v7e-m+fp/hard\libc_nano.a(libc_a-stdio.o)
                0x08010b9a                __swrite
 .text.__sseek  0x08010bd2       0x24 C:/ST/STM32CubeIDE_1.18.1/STM32CubeIDE/plugins/com.st.stm32cube.ide.mcu.externaltools.gnu-tools-for-stm32.13.3.rel1.win32_1.0.0.202411081344/tools/bin/../lib/gcc/arm-none-eabi/13.3.1/../../../../arm-none-eabi/lib/thumb/v7e-m+fp/hard\libc_nano.a(libc_a-stdio.o)
                0x08010bd2                __sseek
 .text.__sclose
                0x08010bf6        0x8 C:/ST/STM32CubeIDE_1.18.1/STM32CubeIDE/plugins/com.st.stm32cube.ide.mcu.externaltools.gnu-tools-for-stm32.13.3.rel1.win32_1.0.0.202411081344/tools/bin/../lib/gcc/arm-none-eabi/13.3.1/../../../../arm-none-eabi/lib/thumb/v7e-m+fp/hard\libc_nano.a(libc_a-stdio.o)
                0x08010bf6                __sclose
 .text.memset   0x08010bfe       0x10 C:/ST/STM32CubeIDE_1.18.1/STM32CubeIDE/plugins/com.st.stm32cube.ide.mcu.externaltools.gnu-tools-for-stm32.13.3.rel1.win32_1.0.0.202411081344/tools/bin/../lib/gcc/arm-none-eabi/13.3.1/../../../../arm-none-eabi/lib/thumb/v7e-m+fp/hard\libc_nano.a(libc_a-memset.o)
                0x08010bfe                memset
 *fill*         0x08010c0e        0x2 
 .text._localeconv_r
                0x08010c10        0x8 C:/ST/STM32CubeIDE_1.18.1/STM32CubeIDE/plugins/com.st.stm32cube.ide.mcu.externaltools.gnu-tools-for-stm32.13.3.rel1.win32_1.0.0.202411081344/tools/bin/../lib/gcc/arm-none-eabi/13.3.1/../../../../arm-none-eabi/lib/thumb/v7e-m+fp/hard\libc_nano.a(libc_a-localeconv.o)
                0x08010c10                _localeconv_r
 .text._close_r
                0x08010c18       0x20 C:/ST/STM32CubeIDE_1.18.1/STM32CubeIDE/plugins/com.st.stm32cube.ide.mcu.externaltools.gnu-tools-for-stm32.13.3.rel1.win32_1.0.0.202411081344/tools/bin/../lib/gcc/arm-none-eabi/13.3.1/../../../../arm-none-eabi/lib/thumb/v7e-m+fp/hard\libc_nano.a(libc_a-closer.o)
                0x08010c18                _close_r
 .text._lseek_r
                0x08010c38       0x24 C:/ST/STM32CubeIDE_1.18.1/STM32CubeIDE/plugins/com.st.stm32cube.ide.mcu.externaltools.gnu-tools-for-stm32.13.3.rel1.win32_1.0.0.202411081344/tools/bin/../lib/gcc/arm-none-eabi/13.3.1/../../../../arm-none-eabi/lib/thumb/v7e-m+fp/hard\libc_nano.a(libc_a-lseekr.o)
                0x08010c38                _lseek_r
 .text._read_r  0x08010c5c       0x24 C:/ST/STM32CubeIDE_1.18.1/STM32CubeIDE/plugins/com.st.stm32cube.ide.mcu.externaltools.gnu-tools-for-stm32.13.3.rel1.win32_1.0.0.202411081344/tools/bin/../lib/gcc/arm-none-eabi/13.3.1/../../../../arm-none-eabi/lib/thumb/v7e-m+fp/hard\libc_nano.a(libc_a-readr.o)
                0x08010c5c                _read_r
 .text._sbrk_r  0x08010c80       0x20 C:/ST/STM32CubeIDE_1.18.1/STM32CubeIDE/plugins/com.st.stm32cube.ide.mcu.externaltools.gnu-tools-for-stm32.13.3.rel1.win32_1.0.0.202411081344/tools/bin/../lib/gcc/arm-none-eabi/13.3.1/../../../../arm-none-eabi/lib/thumb/v7e-m+fp/hard\libc_nano.a(libc_a-sbrkr.o)
                0x08010c80                _sbrk_r
 .text._write_r
                0x08010ca0       0x24 C:/ST/STM32CubeIDE_1.18.1/STM32CubeIDE/plugins/com.st.stm32cube.ide.mcu.externaltools.gnu-tools-for-stm32.13.3.rel1.win32_1.0.0.202411081344/tools/bin/../lib/gcc/arm-none-eabi/13.3.1/../../../../arm-none-eabi/lib/thumb/v7e-m+fp/hard\libc_nano.a(libc_a-writer.o)
                0x08010ca0                _write_r
 .text.__errno  0x08010cc4        0xc C:/ST/STM32CubeIDE_1.18.1/STM32CubeIDE/plugins/com.st.stm32cube.ide.mcu.externaltools.gnu-tools-for-stm32.13.3.rel1.win32_1.0.0.202411081344/tools/bin/../lib/gcc/arm-none-eabi/13.3.1/../../../../arm-none-eabi/lib/thumb/v7e-m+fp/hard\libc_nano.a(libc_a-errno.o)
                0x08010cc4                __errno
 .text.__libc_init_array
                0x08010cd0       0x48 C:/ST/STM32CubeIDE_1.18.1/STM32CubeIDE/plugins/com.st.stm32cube.ide.mcu.externaltools.gnu-tools-for-stm32.13.3.rel1.win32_1.0.0.202411081344/tools/bin/../lib/gcc/arm-none-eabi/13.3.1/../../../../arm-none-eabi/lib/thumb/v7e-m+fp/hard\libc_nano.a(libc_a-init.o)
                0x08010cd0                __libc_init_array
 .text.__retarget_lock_init_recursive
                0x08010d18        0x2 C:/ST/STM32CubeIDE_1.18.1/STM32CubeIDE/plugins/com.st.stm32cube.ide.mcu.externaltools.gnu-tools-for-stm32.13.3.rel1.win32_1.0.0.202411081344/tools/bin/../lib/gcc/arm-none-eabi/13.3.1/../../../../arm-none-eabi/lib/thumb/v7e-m+fp/hard\libc_nano.a(libc_a-lock.o)
                0x08010d18                __retarget_lock_init_recursive
 .text.__retarget_lock_acquire_recursive
                0x08010d1a        0x2 C:/ST/STM32CubeIDE_1.18.1/STM32CubeIDE/plugins/com.st.stm32cube.ide.mcu.externaltools.gnu-tools-for-stm32.13.3.rel1.win32_1.0.0.202411081344/tools/bin/../lib/gcc/arm-none-eabi/13.3.1/../../../../arm-none-eabi/lib/thumb/v7e-m+fp/hard\libc_nano.a(libc_a-lock.o)
                0x08010d1a                __retarget_lock_acquire_recursive
 .text.__retarget_lock_release_recursive
                0x08010d1c        0x2 C:/ST/STM32CubeIDE_1.18.1/STM32CubeIDE/plugins/com.st.stm32cube.ide.mcu.externaltools.gnu-tools-for-stm32.13.3.rel1.win32_1.0.0.202411081344/tools/bin/../lib/gcc/arm-none-eabi/13.3.1/../../../../arm-none-eabi/lib/thumb/v7e-m+fp/hard\libc_nano.a(libc_a-lock.o)
                0x08010d1c                __retarget_lock_release_recursive
 .text.quorem   0x08010d1e      0x110 C:/ST/STM32CubeIDE_1.18.1/STM32CubeIDE/plugins/com.st.stm32cube.ide.mcu.externaltools.gnu-tools-for-stm32.13.3.rel1.win32_1.0.0.202411081344/tools/bin/../lib/gcc/arm-none-eabi/13.3.1/../../../../arm-none-eabi/lib/thumb/v7e-m+fp/hard\libc_nano.a(libc_a-dtoa.o)
 *fill*         0x08010e2e        0x2 
 .text._dtoa_r  0x08010e30      0xba0 C:/ST/STM32CubeIDE_1.18.1/STM32CubeIDE/plugins/com.st.stm32cube.ide.mcu.externaltools.gnu-tools-for-stm32.13.3.rel1.win32_1.0.0.202411081344/tools/bin/../lib/gcc/arm-none-eabi/13.3.1/../../../../arm-none-eabi/lib/thumb/v7e-m+fp/hard\libc_nano.a(libc_a-dtoa.o)
                0x08010e30                _dtoa_r
 .text._free_r  0x080119d0       0x94 C:/ST/STM32CubeIDE_1.18.1/STM32CubeIDE/plugins/com.st.stm32cube.ide.mcu.externaltools.gnu-tools-for-stm32.13.3.rel1.win32_1.0.0.202411081344/tools/bin/../lib/gcc/arm-none-eabi/13.3.1/../../../../arm-none-eabi/lib/thumb/v7e-m+fp/hard\libc_nano.a(libc_a-freer.o)
                0x080119d0                _free_r
 .text._Balloc  0x08011a64       0x80 C:/ST/STM32CubeIDE_1.18.1/STM32CubeIDE/plugins/com.st.stm32cube.ide.mcu.externaltools.gnu-tools-for-stm32.13.3.rel1.win32_1.0.0.202411081344/tools/bin/../lib/gcc/arm-none-eabi/13.3.1/../../../../arm-none-eabi/lib/thumb/v7e-m+fp/hard\libc_nano.a(libc_a-mprec.o)
                0x08011a64                _Balloc
 .text._Bfree   0x08011ae4       0x44 C:/ST/STM32CubeIDE_1.18.1/STM32CubeIDE/plugins/com.st.stm32cube.ide.mcu.externaltools.gnu-tools-for-stm32.13.3.rel1.win32_1.0.0.202411081344/tools/bin/../lib/gcc/arm-none-eabi/13.3.1/../../../../arm-none-eabi/lib/thumb/v7e-m+fp/hard\libc_nano.a(libc_a-mprec.o)
                0x08011ae4                _Bfree
 .text.__multadd
                0x08011b28       0x8c C:/ST/STM32CubeIDE_1.18.1/STM32CubeIDE/plugins/com.st.stm32cube.ide.mcu.externaltools.gnu-tools-for-stm32.13.3.rel1.win32_1.0.0.202411081344/tools/bin/../lib/gcc/arm-none-eabi/13.3.1/../../../../arm-none-eabi/lib/thumb/v7e-m+fp/hard\libc_nano.a(libc_a-mprec.o)
                0x08011b28                __multadd
 .text.__hi0bits
                0x08011bb4       0x3e C:/ST/STM32CubeIDE_1.18.1/STM32CubeIDE/plugins/com.st.stm32cube.ide.mcu.externaltools.gnu-tools-for-stm32.13.3.rel1.win32_1.0.0.202411081344/tools/bin/../lib/gcc/arm-none-eabi/13.3.1/../../../../arm-none-eabi/lib/thumb/v7e-m+fp/hard\libc_nano.a(libc_a-mprec.o)
                0x08011bb4                __hi0bits
 .text.__lo0bits
                0x08011bf2       0x5a C:/ST/STM32CubeIDE_1.18.1/STM32CubeIDE/plugins/com.st.stm32cube.ide.mcu.externaltools.gnu-tools-for-stm32.13.3.rel1.win32_1.0.0.202411081344/tools/bin/../lib/gcc/arm-none-eabi/13.3.1/../../../../arm-none-eabi/lib/thumb/v7e-m+fp/hard\libc_nano.a(libc_a-mprec.o)
                0x08011bf2                __lo0bits
 .text.__i2b    0x08011c4c       0x2c C:/ST/STM32CubeIDE_1.18.1/STM32CubeIDE/plugins/com.st.stm32cube.ide.mcu.externaltools.gnu-tools-for-stm32.13.3.rel1.win32_1.0.0.202411081344/tools/bin/../lib/gcc/arm-none-eabi/13.3.1/../../../../arm-none-eabi/lib/thumb/v7e-m+fp/hard\libc_nano.a(libc_a-mprec.o)
                0x08011c4c                __i2b
 .text.__multiply
                0x08011c78      0x144 C:/ST/STM32CubeIDE_1.18.1/STM32CubeIDE/plugins/com.st.stm32cube.ide.mcu.externaltools.gnu-tools-for-stm32.13.3.rel1.win32_1.0.0.202411081344/tools/bin/../lib/gcc/arm-none-eabi/13.3.1/../../../../arm-none-eabi/lib/thumb/v7e-m+fp/hard\libc_nano.a(libc_a-mprec.o)
                0x08011c78                __multiply
 .text.__pow5mult
                0x08011dbc       0xb4 C:/ST/STM32CubeIDE_1.18.1/STM32CubeIDE/plugins/com.st.stm32cube.ide.mcu.externaltools.gnu-tools-for-stm32.13.3.rel1.win32_1.0.0.202411081344/tools/bin/../lib/gcc/arm-none-eabi/13.3.1/../../../../arm-none-eabi/lib/thumb/v7e-m+fp/hard\libc_nano.a(libc_a-mprec.o)
                0x08011dbc                __pow5mult
 .text.__lshift
                0x08011e70       0xd8 C:/ST/STM32CubeIDE_1.18.1/STM32CubeIDE/plugins/com.st.stm32cube.ide.mcu.externaltools.gnu-tools-for-stm32.13.3.rel1.win32_1.0.0.202411081344/tools/bin/../lib/gcc/arm-none-eabi/13.3.1/../../../../arm-none-eabi/lib/thumb/v7e-m+fp/hard\libc_nano.a(libc_a-mprec.o)
                0x08011e70                __lshift
 .text.__mcmp   0x08011f48       0x36 C:/ST/STM32CubeIDE_1.18.1/STM32CubeIDE/plugins/com.st.stm32cube.ide.mcu.externaltools.gnu-tools-for-stm32.13.3.rel1.win32_1.0.0.202411081344/tools/bin/../lib/gcc/arm-none-eabi/13.3.1/../../../../arm-none-eabi/lib/thumb/v7e-m+fp/hard\libc_nano.a(libc_a-mprec.o)
                0x08011f48                __mcmp
 *fill*         0x08011f7e        0x2 
 .text.__mdiff  0x08011f80      0x128 C:/ST/STM32CubeIDE_1.18.1/STM32CubeIDE/plugins/com.st.stm32cube.ide.mcu.externaltools.gnu-tools-for-stm32.13.3.rel1.win32_1.0.0.202411081344/tools/bin/../lib/gcc/arm-none-eabi/13.3.1/../../../../arm-none-eabi/lib/thumb/v7e-m+fp/hard\libc_nano.a(libc_a-mprec.o)
                0x08011f80                __mdiff
 .text.__d2b    0x080120a8       0xb0 C:/ST/STM32CubeIDE_1.18.1/STM32CubeIDE/plugins/com.st.stm32cube.ide.mcu.externaltools.gnu-tools-for-stm32.13.3.rel1.win32_1.0.0.202411081344/tools/bin/../lib/gcc/arm-none-eabi/13.3.1/../../../../arm-none-eabi/lib/thumb/v7e-m+fp/hard\libc_nano.a(libc_a-mprec.o)
                0x080120a8                __d2b
 .text.__ssputs_r
                0x08012158       0xb6 C:/ST/STM32CubeIDE_1.18.1/STM32CubeIDE/plugins/com.st.stm32cube.ide.mcu.externaltools.gnu-tools-for-stm32.13.3.rel1.win32_1.0.0.202411081344/tools/bin/../lib/gcc/arm-none-eabi/13.3.1/../../../../arm-none-eabi/lib/thumb/v7e-m+fp/hard\libc_nano.a(libc_a-nano-svfprintf.o)
                0x08012158                __ssputs_r
 *fill*         0x0801220e        0x2 
 .text._svfprintf_r
                0x08012210      0x1f8 C:/ST/STM32CubeIDE_1.18.1/STM32CubeIDE/plugins/com.st.stm32cube.ide.mcu.externaltools.gnu-tools-for-stm32.13.3.rel1.win32_1.0.0.202411081344/tools/bin/../lib/gcc/arm-none-eabi/13.3.1/../../../../arm-none-eabi/lib/thumb/v7e-m+fp/hard\libc_nano.a(libc_a-nano-svfprintf.o)
                0x08012210                _svfiprintf_r
                0x08012210                _svfprintf_r
 .text.__sflush_r
                0x08012408      0x108 C:/ST/STM32CubeIDE_1.18.1/STM32CubeIDE/plugins/com.st.stm32cube.ide.mcu.externaltools.gnu-tools-for-stm32.13.3.rel1.win32_1.0.0.202411081344/tools/bin/../lib/gcc/arm-none-eabi/13.3.1/../../../../arm-none-eabi/lib/thumb/v7e-m+fp/hard\libc_nano.a(libc_a-fflush.o)
                0x08012408                __sflush_r
 .text._fflush_r
                0x08012510       0x50 C:/ST/STM32CubeIDE_1.18.1/STM32CubeIDE/plugins/com.st.stm32cube.ide.mcu.externaltools.gnu-tools-for-stm32.13.3.rel1.win32_1.0.0.202411081344/tools/bin/../lib/gcc/arm-none-eabi/13.3.1/../../../../arm-none-eabi/lib/thumb/v7e-m+fp/hard\libc_nano.a(libc_a-fflush.o)
                0x08012510                _fflush_r
 .text.memmove  0x08012560       0x34 C:/ST/STM32CubeIDE_1.18.1/STM32CubeIDE/plugins/com.st.stm32cube.ide.mcu.externaltools.gnu-tools-for-stm32.13.3.rel1.win32_1.0.0.202411081344/tools/bin/../lib/gcc/arm-none-eabi/13.3.1/../../../../arm-none-eabi/lib/thumb/v7e-m+fp/hard\libc_nano.a(libc_a-memmove.o)
                0x08012560                memmove
 .text.memcpy   0x08012594       0x1c C:/ST/STM32CubeIDE_1.18.1/STM32CubeIDE/plugins/com.st.stm32cube.ide.mcu.externaltools.gnu-tools-for-stm32.13.3.rel1.win32_1.0.0.202411081344/tools/bin/../lib/gcc/arm-none-eabi/13.3.1/../../../../arm-none-eabi/lib/thumb/v7e-m+fp/hard\libc_nano.a(libc_a-memcpy-stub.o)
                0x08012594                memcpy
 .text.__assert_func
                0x080125b0       0x3c C:/ST/STM32CubeIDE_1.18.1/STM32CubeIDE/plugins/com.st.stm32cube.ide.mcu.externaltools.gnu-tools-for-stm32.13.3.rel1.win32_1.0.0.202411081344/tools/bin/../lib/gcc/arm-none-eabi/13.3.1/../../../../arm-none-eabi/lib/thumb/v7e-m+fp/hard\libc_nano.a(libc_a-assert.o)
                0x080125b0                __assert_func
 .text._calloc_r
                0x080125ec       0x28 C:/ST/STM32CubeIDE_1.18.1/STM32CubeIDE/plugins/com.st.stm32cube.ide.mcu.externaltools.gnu-tools-for-stm32.13.3.rel1.win32_1.0.0.202411081344/tools/bin/../lib/gcc/arm-none-eabi/13.3.1/../../../../arm-none-eabi/lib/thumb/v7e-m+fp/hard\libc_nano.a(libc_a-callocr.o)
                0x080125ec                _calloc_r
 .text.__ascii_mbtowc
                0x08012614       0x24 C:/ST/STM32CubeIDE_1.18.1/STM32CubeIDE/plugins/com.st.stm32cube.ide.mcu.externaltools.gnu-tools-for-stm32.13.3.rel1.win32_1.0.0.202411081344/tools/bin/../lib/gcc/arm-none-eabi/13.3.1/../../../../arm-none-eabi/lib/thumb/v7e-m+fp/hard\libc_nano.a(libc_a-mbtowc_r.o)
                0x08012614                __ascii_mbtowc
 .text._realloc_r
                0x08012638       0x5c C:/ST/STM32CubeIDE_1.18.1/STM32CubeIDE/plugins/com.st.stm32cube.ide.mcu.externaltools.gnu-tools-for-stm32.13.3.rel1.win32_1.0.0.202411081344/tools/bin/../lib/gcc/arm-none-eabi/13.3.1/../../../../arm-none-eabi/lib/thumb/v7e-m+fp/hard\libc_nano.a(libc_a-reallocr.o)
                0x08012638                _realloc_r
 .text.__ascii_wctomb
                0x08012694       0x1a C:/ST/STM32CubeIDE_1.18.1/STM32CubeIDE/plugins/com.st.stm32cube.ide.mcu.externaltools.gnu-tools-for-stm32.13.3.rel1.win32_1.0.0.202411081344/tools/bin/../lib/gcc/arm-none-eabi/13.3.1/../../../../arm-none-eabi/lib/thumb/v7e-m+fp/hard\libc_nano.a(libc_a-wctomb_r.o)
                0x08012694                __ascii_wctomb
 *fill*         0x080126ae        0x2 
 .text.fprintf  0x080126b0       0x24 C:/ST/STM32CubeIDE_1.18.1/STM32CubeIDE/plugins/com.st.stm32cube.ide.mcu.externaltools.gnu-tools-for-stm32.13.3.rel1.win32_1.0.0.202411081344/tools/bin/../lib/gcc/arm-none-eabi/13.3.1/../../../../arm-none-eabi/lib/thumb/v7e-m+fp/hard\libc_nano.a(libc_a-fprintf.o)
                0x080126b0                fiprintf
                0x080126b0                fprintf
 .text.abort    0x080126d4        0xe C:/ST/STM32CubeIDE_1.18.1/STM32CubeIDE/plugins/com.st.stm32cube.ide.mcu.externaltools.gnu-tools-for-stm32.13.3.rel1.win32_1.0.0.202411081344/tools/bin/../lib/gcc/arm-none-eabi/13.3.1/../../../../arm-none-eabi/lib/thumb/v7e-m+fp/hard\libc_nano.a(libc_a-abort.o)
                0x080126d4                abort
 .text._malloc_usable_size_r