Archive member included to satisfy reference by file (symbol)

C:/ST/STM32CubeIDE_1.18.1/STM32CubeIDE/plugins/com.st.stm32cube.ide.mcu.externaltools.gnu-tools-for-stm32.13.3.rel1.win32_1.0.0.202411081344/tools/bin/../lib/gcc/arm-none-eabi/13.3.1/../../../../arm-none-eabi/lib/thumb/v7e-m+fp/hard\libc_nano.a(libc_a-exit.o)
                              C:/ST/STM32CubeIDE_1.18.1/STM32CubeIDE/plugins/com.st.stm32cube.ide.mcu.externaltools.gnu-tools-for-stm32.13.3.rel1.win32_1.0.0.202411081344/tools/bin/../lib/gcc/arm-none-eabi/13.3.1/../../../../arm-none-eabi/lib/thumb/v7e-m+fp/hard/crt0.o (exit)
C:/ST/STM32CubeIDE_1.18.1/STM32CubeIDE/plugins/com.st.stm32cube.ide.mcu.externaltools.gnu-tools-for-stm32.13.3.rel1.win32_1.0.0.202411081344/tools/bin/../lib/gcc/arm-none-eabi/13.3.1/../../../../arm-none-eabi/lib/thumb/v7e-m+fp/hard\libc_nano.a(libc_a-malloc.o)
                              ./Middlewares/ST/STM32_USB_Device_Library/Class/CDC/Src/usbd_cdc.o (malloc)
C:/ST/STM32CubeIDE_1.18.1/STM32CubeIDE/plugins/com.st.stm32cube.ide.mcu.externaltools.gnu-tools-for-stm32.13.3.rel1.win32_1.0.0.202411081344/tools/bin/../lib/gcc/arm-none-eabi/13.3.1/../../../../arm-none-eabi/lib/thumb/v7e-m+fp/hard\libc_nano.a(libc_a-mallocr.o)
                              C:/ST/STM32CubeIDE_1.18.1/STM32CubeIDE/plugins/com.st.stm32cube.ide.mcu.externaltools.gnu-tools-for-stm32.13.3.rel1.win32_1.0.0.202411081344/tools/bin/../lib/gcc/arm-none-eabi/13.3.1/../../../../arm-none-eabi/lib/thumb/v7e-m+fp/hard\libc_nano.a(libc_a-malloc.o) (_malloc_r)
C:/ST/STM32CubeIDE_1.18.1/STM32CubeIDE/plugins/com.st.stm32cube.ide.mcu.externaltools.gnu-tools-for-stm32.13.3.rel1.win32_1.0.0.202411081344/tools/bin/../lib/gcc/arm-none-eabi/13.3.1/../../../../arm-none-eabi/lib/thumb/v7e-m+fp/hard\libc_nano.a(libc_a-mlock.o)
                              C:/ST/STM32CubeIDE_1.18.1/STM32CubeIDE/plugins/com.st.stm32cube.ide.mcu.externaltools.gnu-tools-for-stm32.13.3.rel1.win32_1.0.0.202411081344/tools/bin/../lib/gcc/arm-none-eabi/13.3.1/../../../../arm-none-eabi/lib/thumb/v7e-m+fp/hard\libc_nano.a(libc_a-mallocr.o) (__malloc_lock)
C:/ST/STM32CubeIDE_1.18.1/STM32CubeIDE/plugins/com.st.stm32cube.ide.mcu.externaltools.gnu-tools-for-stm32.13.3.rel1.win32_1.0.0.202411081344/tools/bin/../lib/gcc/arm-none-eabi/13.3.1/../../../../arm-none-eabi/lib/thumb/v7e-m+fp/hard\libc_nano.a(libc_a-nano-vfprintf_float.o)
                              (_printf_float)
C:/ST/STM32CubeIDE_1.18.1/STM32CubeIDE/plugins/com.st.stm32cube.ide.mcu.externaltools.gnu-tools-for-stm32.13.3.rel1.win32_1.0.0.202411081344/tools/bin/../lib/gcc/arm-none-eabi/13.3.1/../../../../arm-none-eabi/lib/thumb/v7e-m+fp/hard\libc_nano.a(libc_a-nano-vfprintf_i.o)
                              C:/ST/STM32CubeIDE_1.18.1/STM32CubeIDE/plugins/com.st.stm32cube.ide.mcu.externaltools.gnu-tools-for-stm32.13.3.rel1.win32_1.0.0.202411081344/tools/bin/../lib/gcc/arm-none-eabi/13.3.1/../../../../arm-none-eabi/lib/thumb/v7e-m+fp/hard\libc_nano.a(libc_a-nano-vfprintf_float.o) (_printf_common)
C:/ST/STM32CubeIDE_1.18.1/STM32CubeIDE/plugins/com.st.stm32cube.ide.mcu.externaltools.gnu-tools-for-stm32.13.3.rel1.win32_1.0.0.202411081344/tools/bin/../lib/gcc/arm-none-eabi/13.3.1/../../../../arm-none-eabi/lib/thumb/v7e-m+fp/hard\libc_nano.a(libc_a-findfp.o)
                              C:/ST/STM32CubeIDE_1.18.1/STM32CubeIDE/plugins/com.st.stm32cube.ide.mcu.externaltools.gnu-tools-for-stm32.13.3.rel1.win32_1.0.0.202411081344/tools/bin/../lib/gcc/arm-none-eabi/13.3.1/../../../../arm-none-eabi/lib/thumb/v7e-m+fp/hard\libc_nano.a(libc_a-exit.o) (__stdio_exit_handler)
C:/ST/STM32CubeIDE_1.18.1/STM32CubeIDE/plugins/com.st.stm32cube.ide.mcu.externaltools.gnu-tools-for-stm32.13.3.rel1.win32_1.0.0.202411081344/tools/bin/../lib/gcc/arm-none-eabi/13.3.1/../../../../arm-none-eabi/lib/thumb/v7e-m+fp/hard\libc_nano.a(libc_a-fwalk.o)
                              C:/ST/STM32CubeIDE_1.18.1/STM32CubeIDE/plugins/com.st.stm32cube.ide.mcu.externaltools.gnu-tools-for-stm32.13.3.rel1.win32_1.0.0.202411081344/tools/bin/../lib/gcc/arm-none-eabi/13.3.1/../../../../arm-none-eabi/lib/thumb/v7e-m+fp/hard\libc_nano.a(libc_a-findfp.o) (_fwalk_sglue)
C:/ST/STM32CubeIDE_1.18.1/STM32CubeIDE/plugins/com.st.stm32cube.ide.mcu.externaltools.gnu-tools-for-stm32.13.3.rel1.win32_1.0.0.202411081344/tools/bin/../lib/gcc/arm-none-eabi/13.3.1/../../../../arm-none-eabi/lib/thumb/v7e-m+fp/hard\libc_nano.a(libc_a-sprintf.o)
                              ./Core/Src/main.o (sprintf)
C:/ST/STM32CubeIDE_1.18.1/STM32CubeIDE/plugins/com.st.stm32cube.ide.mcu.externaltools.gnu-tools-for-stm32.13.3.rel1.win32_1.0.0.202411081344/tools/bin/../lib/gcc/arm-none-eabi/13.3.1/../../../../arm-none-eabi/lib/thumb/v7e-m+fp/hard\libc_nano.a(libc_a-stdio.o)
[...]
Memory Configuration

Name             Origin             Length             Attributes
RAM              0x20000000         0x00040000         xrw
FLASH            0x08000000         0x00080000         xr
*default*        0x00000000         0xffffffff

Linker script and memory map

LOAD C:/ST/STM32CubeIDE_1.18.1/STM32CubeIDE/plugins/com.st.stm32cube.ide.mcu.externaltools.gnu-tools-for-stm32.13.3.rel1.win32_1.0.0.202411081344/tools/bin/../lib/gcc/arm-none-eabi/13.3.1/thumb/v7e-m+fp/hard/crti.o
LOAD C:/ST/STM32CubeIDE_1.18.1/STM32CubeIDE/plugins/com.st.stm32cube.ide.mcu.externaltools.gnu-tools-for-stm32.13.3.rel1.win32_1.0.0.202411081344/tools/bin/../lib/gcc/arm-none-eabi/13.3.1/thumb/v7e-m+fp/hard/crtbegin.o
LOAD C:/ST/STM32CubeIDE_1.18.1/STM32CubeIDE/plugins/com.st.stm32cube.ide.mcu.externaltools.gnu-tools-for-stm32.13.3.rel1.win32_1.0.0.202411081344/tools/bin/../lib/gcc/arm-none-eabi/13.3.1/../../../../arm-none-eabi/lib/thumb/v7e-m+fp/hard/crt0.o
LOAD ./Core/Src/AHRS.o
LOAD ./Core/Src/Battery.o
LOAD ./Core/Src/Flight_Modes.o
LOAD ./Core/Src/ICM42688P.o
LOAD ./Core/Src/Outputs.o
LOAD ./Core/Src/PIDs.o
LOAD ./Core/Src/Quaternion.o
LOAD ./Core/Src/Sbus.o
LOAD ./Core/Src/main.o
LOAD ./Core/Src/stm32f7xx_hal_msp.o
LOAD ./Core/Src/stm32f7xx_it.o
LOAD ./Core/Src/syscalls.o
LOAD ./Core/Src/sysmem.o
LOAD ./Core/Src/system_stm32f7xx.o
LOAD ./Core/Startup/startup_stm32f722retx.o
LOAD ./Drivers/STM32F7xx_HAL_Driver/Src/stm32f7xx_hal.o
LOAD ./Drivers/STM32F7xx_HAL_Driver/Src/stm32f7xx_hal_adc.o
LOAD ./Drivers/STM32F7xx_HAL_Driver/Src/stm32f7xx_hal_adc_ex.o
LOAD ./Drivers/STM32F7xx_HAL_Driver/Src/stm32f7xx_hal_cortex.o
LOAD ./Drivers/STM32F7xx_HAL_Driver/Src/stm32f7xx_hal_dma.o
LOAD ./Drivers/STM32F7xx_HAL_Driver/Src/stm32f7xx_hal_dma_ex.o
LOAD ./Drivers/STM32F7xx_HAL_Driver/Src/stm32f7xx_hal_exti.o
LOAD ./Drivers/STM32F7xx_HAL_Driver/Src/stm32f7xx_hal_flash.o
LOAD ./Drivers/STM32F7xx_HAL_Driver/Src/stm32f7xx_hal_flash_ex.o
LOAD ./Drivers/STM32F7xx_HAL_Driver/Src/stm32f7xx_hal_gpio.o
LOAD ./Drivers/STM32F7xx_HAL_Driver/Src/stm32f7xx_hal_i2c.o
LOAD ./Drivers/STM32F7xx_HAL_Driver/Src/stm32f7xx_hal_i2c_ex.o
LOAD ./Drivers/STM32F7xx_HAL_Driver/Src/stm32f7xx_hal_pcd.o
LOAD ./Drivers/STM32F7xx_HAL_Driver/Src/stm32f7xx_hal_pcd_ex.o
LOAD ./Drivers/STM32F7xx_HAL_Driver/Src/stm32f7xx_hal_pwr.o
LOAD ./Drivers/STM32F7xx_HAL_Driver/Src/stm32f7xx_hal_pwr_ex.o
LOAD ./Drivers/STM32F7xx_HAL_Driver/Src/stm32f7xx_hal_rcc.o
LOAD ./Drivers/STM32F7xx_HAL_Driver/Src/stm32f7xx_hal_rcc_ex.o
LOAD ./Drivers/STM32F7xx_HAL_Driver/Src/stm32f7xx_hal_spi.o
LOAD ./Drivers/STM32F7xx_HAL_Driver/Src/stm32f7xx_hal_spi_ex.o
LOAD ./Drivers/STM32F7xx_HAL_Driver/Src/stm32f7xx_hal_tim.o
LOAD ./Drivers/STM32F7xx_HAL_Driver/Src/stm32f7xx_hal_tim_ex.o
LOAD ./Drivers/STM32F7xx_HAL_Driver/Src/stm32f7xx_hal_uart.o
LOAD ./Drivers/STM32F7xx_HAL_Driver/Src/stm32f7xx_hal_uart_ex.o
LOAD ./Drivers/STM32F7xx_HAL_Driver/Src/stm32f7xx_ll_usb.o
LOAD ./Middlewares/ST/STM32_USB_Device_Library/Class/CDC/Src/usbd_cdc.o
LOAD ./Middlewares/ST/STM32_USB_Device_Library/Core/Src/usbd_core.o
LOAD ./Middlewares/ST/STM32_USB_Device_Library/Core/Src/usbd_ctlreq.o
LOAD ./Middlewares/ST/STM32_USB_Device_Library/Core/Src/usbd_ioreq.o
LOAD ./USB_DEVICE/App/usb_device.o
LOAD ./USB_DEVICE/App/usbd_cdc_if.o
LOAD ./USB_DEVICE/App/usbd_desc.o
LOAD ./USB_DEVICE/Target/usbd_conf.o
START GROUP
LOAD C:/ST/STM32CubeIDE_1.18.1/STM32CubeIDE/plugins/com.st.stm32cube.ide.mcu.externaltools.gnu-tools-for-stm32.13.3.rel1.win32_1.0.0.202411081344/tools/bin/../lib/gcc/arm-none-eabi/13.3.1/../../../../arm-none-eabi/lib/thumb/v7e-m+fp/hard\libc_nano.a
LOAD C:/ST/STM32CubeIDE_1.18.1/STM32CubeIDE/plugins/com.st.stm32cube.ide.mcu.externaltools.gnu-tools-for-stm32.13.3.rel1.win32_1.0.0.202411081344/tools/bin/../lib/gcc/arm-none-eabi/13.3.1/../../../../arm-none-eabi/lib/thumb/v7e-m+fp/hard\libm.a
END GROUP
START GROUP
LOAD C:/ST/STM32CubeIDE_1.18.1/STM32CubeIDE/plugins/com.st.stm32cube.ide.mcu.externaltools.gnu-tools-for-stm32.13.3.rel1.win32_1.0.0.202411081344/tools/bin/../lib/gcc/arm-none-eabi/13.3.1/thumb/v7e-m+fp/hard\libgcc.a
LOAD C:/ST/STM32CubeIDE_1.18.1/STM32CubeIDE/plugins/com.st.stm32cube.ide.mcu.externaltools.gnu-tools-for-stm32.13.3.rel1.win32_1.0.0.202411081344/tools/bin/../lib/gcc/arm-none-eabi/13.3.1/../../../../arm-none-eabi/lib/thumb/v7e-m+fp/hard\libc_nano.a
END GROUP
START GROUP
LOAD C:/ST/STM32CubeIDE_1.18.1/STM32CubeIDE/plugins/com.st.stm32cube.ide.mcu.externaltools.gnu-tools-for-stm32.13.3.rel1.win32_1.0.0.202411081344/tools/bin/../lib/gcc/arm-none-eabi/13.3.1/thumb/v7e-m+fp/hard\libgcc.a
LOAD C:/ST/STM32CubeIDE_1.18.1/STM32CubeIDE/plugins/com.st.stm32cube.ide.mcu.externaltools.gnu-tools-for-stm32.13.3.rel1.win32_1.0.0.202411081344/tools/bin/../lib/gcc/arm-none-eabi/13.3.1/../../../../arm-none-eabi/lib/thumb/v7e-m+fp/hard\libc_nano.a
LOAD C:/ST/STM32CubeIDE_1.18.1/STM32CubeIDE/plugins/com.st.stm32cube.ide.mcu.externaltools.gnu-tools-for-stm32.13.3.rel1.win32_1.0.0.202411081344/tools/bin/../lib/gcc/arm-none-eabi/13.3.1/../../../../arm-none-eabi/lib/thumb/v7e-m+fp/hard\libnosys.a
END GROUP
START GROUP
LOAD C:/ST/STM32CubeIDE_1.18.1/STM32CubeIDE/plugins/com.st.stm32cube.ide.mcu.externaltools.gnu-tools-for-stm32.13.3.rel1.win32_1.0.0.202411081344/tools/bin/../lib/gcc/arm-none-eabi/13.3.1/thumb/v7e-m+fp/hard\libgcc.a
LOAD C:/ST/STM32CubeIDE_1.18.1/STM32CubeIDE/plugins/com.st.stm32cube.ide.mcu.externaltools.gnu-tools-for-stm32.13.3.rel1.win32_1.0.0.202411081344/tools/bin/../lib/gcc/arm-none-eabi/13.3.1/../../../../arm-none-eabi/lib/thumb/v7e-m+fp/hard\libc_nano.a
LOAD C:/ST/STM32CubeIDE_1.18.1/STM32CubeIDE/plugins/com.st.stm32cube.ide.mcu.externaltools.gnu-tools-for-stm32.13.3.rel1.win32_1.0.0.202411081344/tools/bin/../lib/gcc/arm-none-eabi/13.3.1/../../../../arm-none-eabi/lib/thumb/v7e-m+fp/hard\libnosys.a
END GROUP
LOAD C:/ST/STM32CubeIDE_1.18.1/STM32CubeIDE/plugins/com.st.stm32cube.ide.mcu.externaltools.gnu-tools-for-stm32.13.3.rel1.win32_1.0.0.202411081344/tools/bin/../lib/gcc/arm-none-eabi/13.3.1/thumb/v7e-m+fp/hard/crtend.o
LOAD C:/ST/STM32CubeIDE_1.18.1/STM32CubeIDE/plugins/com.st.stm32cube.ide.mcu.externaltools.gnu-tools-for-stm32.13.3.rel1.win32_1.0.0.202411081344/tools/bin/../lib/gcc/arm-none-eabi/13.3.1/thumb/v7e-m+fp/hard/crtn.o
                0x20040000                        _estack = (ORIGIN (RAM) + LENGTH (RAM))
                0x00000200                        _Min_Heap_Size = 0x200
                0x00000400                        _Min_Stack_Size = 0x400

.isr_vector     0x08000000      0x1e0
                0x08000000                        . = ALIGN (0x4)
 *(.isr_vector)
 .isr_vector    0x08000000      0x1e0 ./Core/Startup/startup_stm32f722retx.o
                0x08000000                g_pfnVectors
                0x080001e0                        . = ALIGN (0x4)

.text           0x080001e0    0x14054
                0x080001e0                        . = ALIGN (0x4)
 *(.text)
 .text          0x080001e0       0x40 C:/ST/STM32CubeIDE_1.18.1/STM32CubeIDE/plugins/com.st.stm32cube.ide.mcu.externaltools.gnu-tools-for-stm32.13.3.rel1.win32_1.0.0.202411081344/tools/bin/../lib/gcc/arm-none-eabi/13.3.1/thumb/v7e-m+fp/hard/crtbegin.o
 .text          0x08000220       0xa0 C:/ST/STM32CubeIDE_1.18.1/STM32CubeIDE/plugins/com.st.stm32cube.ide.mcu.externaltools.gnu-tools-for-stm32.13.3.rel1.win32_1.0.0.202411081344/tools/bin/../lib/gcc/arm-none-eabi/13.3.1/../../../../arm-none-eabi/lib/thumb/v7e-m+fp/hard\libc_nano.a(libc_a-memchr.o)
                0x08000220                memchr
 .text          0x080002c0       0x10 C:/ST/STM32CubeIDE_1.18.1/STM32CubeIDE/plugins/com.st.stm32cube.ide.mcu.externaltools.gnu-tools-for-stm32.13.3.rel1.win32_1.0.0.202411081344/tools/bin/../lib/gcc/arm-none-eabi/13.3.1/../../../../arm-none-eabi/lib/thumb/v7e-m+fp/hard\libc_nano.a(libc_a-strlen.o)
                0x080002c0                strlen
 .text          0x080002d0      0x378 C:/ST/STM32CubeIDE_1.18.1/STM32CubeIDE/plugins/com.st.stm32cube.ide.mcu.externaltools.gnu-tools-for-stm32.13.3.rel1.win32_1.0.0.202411081344/tools/bin/../lib/gcc/arm-none-eabi/13.3.1/thumb/v7e-m+fp/hard\libgcc.a(_arm_addsubdf3.o)
                0x080002d0                __aeabi_drsub
                0x080002d8                __aeabi_dsub
                0x080002d8                __subdf3
                0x080002dc                __aeabi_dadd
                0x080002dc                __adddf3
                0x08000554                __floatunsidf
                0x08000554                __aeabi_ui2d
                0x08000574                __floatsidf
                0x08000574                __aeabi_i2d
                0x08000598                __aeabi_f2d
                0x08000598                __extendsfdf2
                0x080005dc                __floatundidf
                0x080005dc                __aeabi_ul2d
                0x080005ec                __floatdidf
                0x080005ec                __aeabi_l2d
 .text          0x08000648      0x424 C:/ST/STM32CubeIDE_1.18.1/STM32CubeIDE/plugins/com.st.stm32cube.ide.mcu.externaltools.gnu-tools-for-stm32.13.3.rel1.win32_1.0.0.202411081344/tools/bin/../lib/gcc/arm-none-eabi/13.3.1/thumb/v7e-m+fp/hard\libgcc.a(_arm_muldivdf3.o)
                0x08000648                __aeabi_dmul
                0x08000648                __muldf3
                0x0800089c                __divdf3
                0x0800089c                __aeabi_ddiv
 .text          0x08000a6c      0x110 C:/ST/STM32CubeIDE_1.18.1/STM32CubeIDE/plugins/com.st.stm32cube.ide.mcu.externaltools.gnu-tools-for-stm32.13.3.rel1.win32_1.0.0.202411081344/tools/bin/../lib/gcc/arm-none-eabi/13.3.1/thumb/v7e-m+fp/hard\libgcc.a(_arm_cmpdf2.o)
                0x08000a6c                __gtdf2
                0x08000a6c                __gedf2
                0x08000a74                __ltdf2
                0x08000a74                __ledf2
                0x08000a7c                __nedf2
                0x08000a7c                __eqdf2
                0x08000a7c                __cmpdf2
                0x08000af8                __aeabi_cdrcmple
                0x08000b08                __aeabi_cdcmpeq
                0x08000b08                __aeabi_cdcmple
                0x08000b18                __aeabi_dcmpeq
                0x08000b2c                __aeabi_dcmplt
                0x08000b40                __aeabi_dcmple
                0x08000b54                __aeabi_dcmpge
                0x08000b68                __aeabi_dcmpgt
 .text          0x08000b7c       0x2c C:/ST/STM32CubeIDE_1.18.1/STM32CubeIDE/plugins/com.st.stm32cube.ide.mcu.externaltools.gnu-tools-for-stm32.13.3.rel1.win32_1.0.0.202411081344/tools/bin/../lib/gcc/arm-none-eabi/13.3.1/thumb/v7e-m+fp/hard\libgcc.a(_arm_unorddf2.o)
                0x08000b7c                __unorddf2
                0x08000b7c                __aeabi_dcmpun
 .text          0x08000ba8       0x50 C:/ST/STM32CubeIDE_1.18.1/STM32CubeIDE/plugins/com.st.stm32cube.ide.mcu.externaltools.gnu-tools-for-stm32.13.3.rel1.win32_1.0.0.202411081344/tools/bin/../lib/gcc/arm-none-eabi/13.3.1/thumb/v7e-m+fp/hard\libgcc.a(_arm_fixdfsi.o)
                0x08000ba8                __aeabi_d2iz
                0x08000ba8                __fixdfsi
 .text          0x08000bf8       0x40 C:/ST/STM32CubeIDE_1.18.1/STM32CubeIDE/plugins/com.st.stm32cube.ide.mcu.externaltools.gnu-tools-for-stm32.13.3.rel1.win32_1.0.0.202411081344/tools/bin/../lib/gcc/arm-none-eabi/13.3.1/thumb/v7e-m+fp/hard\libgcc.a(_arm_fixunsdfsi.o)
                0x08000bf8                __aeabi_d2uiz
                0x08000bf8                __fixunsdfsi
 .text          0x08000c38       0xa0 C:/ST/STM32CubeIDE_1.18.1/STM32CubeIDE/plugins/com.st.stm32cube.ide.mcu.externaltools.gnu-tools-for-stm32.13.3.rel1.win32_1.0.0.202411081344/tools/bin/../lib/gcc/arm-none-eabi/13.3.1/thumb/v7e-m+fp/hard\libgcc.a(_arm_truncdfsf2.o)
                0x08000c38                __truncdfsf2
                0x08000c38                __aeabi_d2f
 .text          0x08000cd8       0x30 C:/ST/STM32CubeIDE_1.18.1/STM32CubeIDE/plugins/com.st.stm32cube.ide.mcu.externaltools.gnu-tools-for-stm32.13.3.rel1.win32_1.0.0.202411081344/tools/bin/../lib/gcc/arm-none-eabi/13.3.1/thumb/v7e-m+fp/hard\libgcc.a(_aeabi_uldivmod.o)
                0x08000cd8                __aeabi_uldivmod
 .text          0x08000d08      0x2f8 C:/ST/STM32CubeIDE_1.18.1/STM32CubeIDE/plugins/com.st.stm32cube.ide.mcu.externaltools.gnu-tools-for-stm32.13.3.rel1.win32_1.0.0.202411081344/tools/bin/../lib/gcc/arm-none-eabi/13.3.1/thumb/v7e-m+fp/hard\libgcc.a(_udivmoddi4.o)
                0x08000d08                __udivmoddi4
 .text          0x08001000        0x4 C:/ST/STM32CubeIDE_1.18.1/STM32CubeIDE/plugins/com.st.stm32cube.ide.mcu.externaltools.gnu-tools-for-stm32.13.3.rel1.win32_1.0.0.202411081344/tools/bin/../lib/gcc/arm-none-eabi/13.3.1/thumb/v7e-m+fp/hard\libgcc.a(_dvmd_tls.o)
                0x08001000                __aeabi_idiv0
                0x08001000                __aeabi_ldiv0
 *(.text*)
 *fill*         0x08001004        0x4 
 .text.AHRS_Update_Gyro
                0x08001008      0x294 ./Core/Src/AHRS.o
                0x08001008                AHRS_Update_Gyro
 .text.AHRS_Update_Acc
                0x0800129c       0xb8 ./Core/Src/AHRS.o
                0x0800129c                AHRS_Update_Acc
 *fill*         0x08001354        0x4 
 .text.AHRS_Update_Complementary_Filter
                0x08001358      0x170 ./Core/Src/AHRS.o
                0x08001358                AHRS_Update_Complementary_Filter
 .text.Battery_Begin
                0x080014c8       0x30 ./Core/Src/Battery.o
                0x080014c8                Battery_Begin
 .text.Battery_Update
                0x080014f8       0x30 ./Core/Src/Battery.o
                0x080014f8                Battery_Update
 .text.Stabilized_Mode
                0x08001528      0x14c ./Core/Src/Flight_Modes.o
                0x08001528                Stabilized_Mode
 *fill*         0x08001674        0x4 
 .text.Acro_Mode
                0x08001678      0x16c ./Core/Src/Flight_Modes.o
                0x08001678                Acro_Mode
 .text.Manual_Mode
                0x080017e4       0xa4 ./Core/Src/Flight_Modes.o
                0x080017e4                Manual_Mode
 .text.Process_Input
                0x08001888      0x108 ./Core/Src/Flight_Modes.o
                0x08001888                Process_Input
 .text.ICM42688_Begin
                0x08001990      0x136 ./Core/Src/ICM42688P.o
                0x08001990                ICM42688_Begin
 .text.ICM42688_Set_Filters
                0x08001ac6       0x72 ./Core/Src/ICM42688P.o
                0x08001ac6                ICM42688_Set_Filters
 .text.ICM42688_Set_Interrupts
                0x08001b38       0x94 ./Core/Src/ICM42688P.o
                0x08001b38                ICM42688_Set_Interrupts
 *fill*         0x08001bcc        0x4 
 .text.ICM42688_Process_Buffer
                0x08001bd0      0x29c ./Core/Src/ICM42688P.o
                0x08001bd0                ICM42688_Process_Buffer
 .text.ICM42688_Write
                0x08001e6c       0x50 ./Core/Src/ICM42688P.o
                0x08001e6c                ICM42688_Write
 .text.ICM42688_Read
                0x08001ebc       0x78 ./Core/Src/ICM42688P.o
                0x08001ebc                ICM42688_Read
 .text.ICM42688_Read_DMA
                0x08001f34       0x48 ./Core/Src/ICM42688P.o
                0x08001f34                ICM42688_Read_DMA
 .text.Output_Begin
                0x08001f7c       0xc4 ./Core/Src/Outputs.o
                0x08001f7c                Output_Begin
 .text.Servo_Move
                0x08002040       0x8c ./Core/Src/Outputs.o
                0x08002040                Servo_Move
 *fill*         0x080020cc        0x4 
 .text.Output_Update
                0x080020d0      0x3a0 ./Core/Src/Outputs.o
                0x080020d0                Output_Update
 .text.PID_Stabilized_Update
                0x08002470      0x33c ./Core/Src/PIDs.o
                0x08002470                PID_Stabilized_Update
 *fill*         0x080027ac        0x4 
 .text.PID_Acro_Update
                0x080027b0      0x3e8 ./Core/Src/PIDs.o
                0x080027b0                PID_Acro_Update
 .text.Sbus_Begin
                0x08002b98       0x34 ./Core/Src/Sbus.o
                0x08002b98                Sbus_Begin
 .text.sbus_raw_to_us
                0x08002bcc       0x8c ./Core/Src/Sbus.o
                0x08002bcc                sbus_raw_to_us
 .text.Sbus_decode
                0x08002c58      0x2f4 ./Core/Src/Sbus.o
                0x08002c58                Sbus_decode
 .text.HAL_UARTEx_RxEventCallback
                0x08002f4c       0x60 ./Core/Src/main.o
                0x08002f4c                HAL_UARTEx_RxEventCallback
 .text.HAL_GPIO_EXTI_Callback
                0x08002fac       0x2c ./Core/Src/main.o
                0x08002fac                HAL_GPIO_EXTI_Callback
 .text.HAL_SPI_TxRxCpltCallback
                0x08002fd8       0x40 ./Core/Src/main.o
                0x08002fd8                HAL_SPI_TxRxCpltCallback
 .text.main     0x08003018      0x23c ./Core/Src/main.o
                0x08003018                main
 .text.SystemClock_Config
                0x08003254       0xd8 ./Core/Src/main.o
                0x08003254                SystemClock_Config
 .text.MX_ADC1_Init
                0x0800332c       0xa4 ./Core/Src/main.o
 .text.MX_I2C1_Init
                0x080033d0       0x80 ./Core/Src/main.o
 .text.MX_SPI1_Init
                0x08003450       0x7c ./Core/Src/main.o
 .text.MX_TIM2_Init
                0x080034cc      0x130 ./Core/Src/main.o
 .text.MX_TIM3_Init
                0x080035fc      0x130 ./Core/Src/main.o
 .text.MX_UART4_Init
                0x0800372c       0x70 ./Core/Src/main.o
 .text.MX_UART5_Init
                0x0800379c       0x60 ./Core/Src/main.o
 .text.MX_USART6_UART_Init
                0x080037fc       0x60 ./Core/Src/main.o
 .text.MX_DMA_Init
                0x0800385c       0x84 ./Core/Src/main.o
 .text.MX_GPIO_Init
                0x080038e0      0x118 ./Core/Src/main.o
 .text.MPU_Config
                0x080039f8       0x58 ./Core/Src/main.o
 .text.Error_Handler
                0x08003a50       0x34 ./Core/Src/main.o
                0x08003a50                Error_Handler
 .text.HAL_MspInit
                0x08003a84       0x48 ./Core/Src/stm32f7xx_hal_msp.o
                0x08003a84                HAL_MspInit
 .text.HAL_ADC_MspInit
                0x08003acc       0xe8 ./Core/Src/stm32f7xx_hal_msp.o
                0x08003acc                HAL_ADC_MspInit
 .text.HAL_I2C_MspInit
                0x08003bb4       0xbc ./Core/Src/stm32f7xx_hal_msp.o
                0x08003bb4                HAL_I2C_MspInit
 .text.HAL_SPI_MspInit
                0x08003c70      0x160 ./Core/Src/stm32f7xx_hal_msp.o
                0x08003c70                HAL_SPI_MspInit
 .text.HAL_TIM_Base_MspInit
                0x08003dd0       0x64 ./Core/Src/stm32f7xx_hal_msp.o
                0x08003dd0                HAL_TIM_Base_MspInit
 .text.HAL_TIM_MspPostInit
                0x08003e34       0xf0 ./Core/Src/stm32f7xx_hal_msp.o
                0x08003e34                HAL_TIM_MspPostInit
 .text.HAL_UART_MspInit
                0x08003f24      0x2d4 ./Core/Src/stm32f7xx_hal_msp.o
                0x08003f24                HAL_UART_MspInit
 .text.NMI_Handler
                0x080041f8        0x8 ./Core/Src/stm32f7xx_it.o
                0x080041f8                NMI_Handler
 .text.HardFault_Handler
                0x08004200        0x8 ./Core/Src/stm32f7xx_it.o
                0x08004200                HardFault_Handler
 .text.MemManage_Handler
                0x08004208        0x8 ./Core/Src/stm32f7xx_it.o
                0x08004208                MemManage_Handler
 .text.BusFault_Handler
                0x08004210        0x8 ./Core/Src/stm32f7xx_it.o
                0x08004210                BusFault_Handler
 .text.UsageFault_Handler
                0x08004218        0x8 ./Core/Src/stm32f7xx_it.o
                0x08004218                UsageFault_Handler
 .text.SVC_Handler
                0x08004220        0xe ./Core/Src/stm32f7xx_it.o
                0x08004220                SVC_Handler
 .text.DebugMon_Handler
                0x0800422e        0xe ./Core/Src/stm32f7xx_it.o
                0x0800422e                DebugMon_Handler
 .text.PendSV_Handler
                0x0800423c        0xe ./Core/Src/stm32f7xx_it.o
                0x0800423c                PendSV_Handler
 .text.SysTick_Handler
                0x0800424a        0xc ./Core/Src/stm32f7xx_it.o
                0x0800424a                SysTick_Handler
 .text.EXTI4_IRQHandler
                0x08004256        0xe ./Core/Src/stm32f7xx_it.o
                0x08004256                EXTI4_IRQHandler
 .text.DMA1_Stream2_IRQHandler
                0x08004264       0x14 ./Core/Src/stm32f7xx_it.o
                0x08004264                DMA1_Stream2_IRQHandler
 .text.SPI1_IRQHandler
                0x08004278       0x14 ./Core/Src/stm32f7xx_it.o
                0x08004278                SPI1_IRQHandler
 .text.UART4_IRQHandler
                0x0800428c       0x14 ./Core/Src/stm32f7xx_it.o
                0x0800428c                UART4_IRQHandler
 .text.DMA2_Stream0_IRQHandler
                0x080042a0       0x14 ./Core/Src/stm32f7xx_it.o
                0x080042a0                DMA2_Stream0_IRQHandler
 .text.DMA2_Stream3_IRQHandler
                0x080042b4       0x14 ./Core/Src/stm32f7xx_it.o
                0x080042b4                DMA2_Stream3_IRQHandler
 .text.DMA2_Stream4_IRQHandler
                0x080042c8       0x14 ./Core/Src/stm32f7xx_it.o
                0x080042c8                DMA2_Stream4_IRQHandler
 .text.OTG_FS_IRQHandler
                0x080042dc       0x14 ./Core/Src/stm32f7xx_it.o
                0x080042dc                OTG_FS_IRQHandler
 .text._getpid  0x080042f0       0x10 ./Core/Src/syscalls.o
                0x080042f0                _getpid
 .text._kill    0x08004300       0x20 ./Core/Src/syscalls.o
                0x08004300                _kill
 .text._exit    0x08004320       0x16 ./Core/Src/syscalls.o
                0x08004320                _exit
 .text._read    0x08004336       0x3a ./Core/Src/syscalls.o
                0x08004336                _read
 .text._write   0x08004370       0x38 ./Core/Src/syscalls.o
                0x08004370                _write
 .text._close   0x080043a8       0x18 ./Core/Src/syscalls.o
                0x080043a8                _close
 .text._fstat   0x080043c0       0x20 ./Core/Src/syscalls.o
                0x080043c0                _fstat
 .text._isatty  0x080043e0       0x16 ./Core/Src/syscalls.o
                0x080043e0                _isatty
 .text._lseek   0x080043f6       0x1a ./Core/Src/syscalls.o
                0x080043f6                _lseek
 .text._sbrk    0x08004410       0x6c ./Core/Src/sysmem.o
                0x08004410                _sbrk
 .text.SystemInit
                0x0800447c       0x24 ./Core/Src/system_stm32f7xx.o
                0x0800447c                SystemInit
 .text.Reset_Handler
                0x080044a0       0x50 ./Core/Startup/startup_stm32f722retx.o
                0x080044a0                Reset_Handler
 .text.Default_Handler
                0x080044f0        0x2 ./Core/Startup/startup_stm32f722retx.o
                0x080044f0                RTC_Alarm_IRQHandler
                0x080044f0                EXTI2_IRQHandler
                0x080044f0                TIM8_CC_IRQHandler
                0x080044f0                UART8_IRQHandler
                0x080044f0                SPI4_IRQHandler
                0x080044f0                TIM1_CC_IRQHandler
                0x080044f0                DMA2_Stream5_IRQHandler
                0x080044f0                DMA1_Stream5_IRQHandler
                0x080044f0                PVD_IRQHandler
                0x080044f0                TAMP_STAMP_IRQHandler
                0x080044f0                EXTI3_IRQHandler
                0x080044f0                TIM8_TRG_COM_TIM14_IRQHandler
                0x080044f0                TIM1_UP_TIM10_IRQHandler
                0x080044f0                TIM8_UP_TIM13_IRQHandler
                0x080044f0                I2C3_ER_IRQHandler
                0x080044f0                EXTI0_IRQHandler
                0x080044f0                I2C2_EV_IRQHandler
                0x080044f0                CAN1_RX0_IRQHandler
                0x080044f0                FPU_IRQHandler
                0x080044f0                OTG_HS_WKUP_IRQHandler
                0x080044f0                DMA2_Stream2_IRQHandler
                0x080044f0                TIM6_DAC_IRQHandler
                0x080044f0                TIM1_BRK_TIM9_IRQHandler
                0x080044f0                SAI2_IRQHandler
                0x080044f0                USART6_IRQHandler
                0x080044f0                USART3_IRQHandler
                0x080044f0                CAN1_RX1_IRQHandler
                0x080044f0                UART5_IRQHandler
                0x080044f0                TIM4_IRQHandler
                0x080044f0                QUADSPI_IRQHandler
                0x080044f0                I2C1_EV_IRQHandler
                0x080044f0                DMA1_Stream6_IRQHandler
                0x080044f0                DMA1_Stream1_IRQHandler
                0x080044f0                TIM3_IRQHandler
                0x080044f0                RCC_IRQHandler
                0x080044f0                TIM8_BRK_TIM12_IRQHandler
                0x080044f0                Default_Handler
                0x080044f0                EXTI15_10_IRQHandler
                0x080044f0                ADC_IRQHandler
                0x080044f0                DMA1_Stream7_IRQHandler
                0x080044f0                SPI5_IRQHandler
                0x080044f0                TIM7_IRQHandler
                0x080044f0                SDMMC1_IRQHandler
                0x080044f0                TIM5_IRQHandler
                0x080044f0                DMA2_Stream7_IRQHandler
                0x080044f0                I2C3_EV_IRQHandler
                0x080044f0                EXTI9_5_IRQHandler
                0x080044f0                RTC_WKUP_IRQHandler
                0x080044f0                SPI2_IRQHandler
                0x080044f0                OTG_HS_EP1_IN_IRQHandler
                0x080044f0                DMA1_Stream0_IRQHandler
                0x080044f0                CAN1_TX_IRQHandler
                0x080044f0                RNG_IRQHandler
                0x080044f0                OTG_HS_EP1_OUT_IRQHandler
                0x080044f0                WWDG_IRQHandler
                0x080044f0                TIM2_IRQHandler
                0x080044f0                OTG_FS_WKUP_IRQHandler
                0x080044f0                TIM1_TRG_COM_TIM11_IRQHandler
                0x080044f0                OTG_HS_IRQHandler
                0x080044f0                EXTI1_IRQHandler
                0x080044f0                SDMMC2_IRQHandler
                0x080044f0                UART7_IRQHandler
                0x080044f0                USART2_IRQHandler
                0x080044f0                I2C2_ER_IRQHandler
                0x080044f0                DMA2_Stream1_IRQHandler
                0x080044f0                CAN1_SCE_IRQHandler
                0x080044f0                FLASH_IRQHandler
                0x080044f0                USART1_IRQHandler
                0x080044f0                SPI3_IRQHandler
                0x080044f0                DMA1_Stream4_IRQHandler
                0x080044f0                I2C1_ER_IRQHandler
                0x080044f0                FMC_IRQHandler
                0x080044f0                LPTIM1_IRQHandler
                0x080044f0                DMA2_Stream6_IRQHandler
                0x080044f0                SAI1_IRQHandler
                0x080044f0                DMA1_Stream3_IRQHandler
 .text.HAL_Init
                0x080044f2       0x1a ./Drivers/STM32F7xx_HAL_Driver/Src/stm32f7xx_hal.o
                0x080044f2                HAL_Init
 .text.HAL_InitTick
                0x0800450c       0x60 ./Drivers/STM32F7xx_HAL_Driver/Src/stm32f7xx_hal.o
                0x0800450c                HAL_InitTick
 .text.HAL_IncTick
                0x0800456c       0x28 ./Drivers/STM32F7xx_HAL_Driver/Src/stm32f7xx_hal.o
                0x0800456c                HAL_IncTick
 .text.HAL_GetTick
                0x08004594       0x18 ./Drivers/STM32F7xx_HAL_Driver/Src/stm32f7xx_hal.o
                0x08004594                HAL_GetTick
 .text.HAL_Delay
                0x080045ac       0x48 ./Drivers/STM32F7xx_HAL_Driver/Src/stm32f7xx_hal.o
                0x080045ac                HAL_Delay
 .text.HAL_ADC_Init
                0x080045f4       0x88 ./Drivers/STM32F7xx_HAL_Driver/Src/stm32f7xx_hal_adc.o
                0x080045f4                HAL_ADC_Init
 .text.HAL_ADC_Start_DMA
                0x0800467c      0x1fc ./Drivers/STM32F7xx_HAL_Driver/Src/stm32f7xx_hal_adc.o
                0x0800467c                HAL_ADC_Start_DMA
 .text.HAL_ADC_ConvCpltCallback
                0x08004878       0x14 ./Drivers/STM32F7xx_HAL_Driver/Src/stm32f7xx_hal_adc.o
                0x08004878                HAL_ADC_ConvCpltCallback
 .text.HAL_ADC_ConvHalfCpltCallback
                0x0800488c       0x14 ./Drivers/STM32F7xx_HAL_Driver/Src/stm32f7xx_hal_adc.o
                0x0800488c                HAL_ADC_ConvHalfCpltCallback
 .text.HAL_ADC_ErrorCallback
                0x080048a0       0x14 ./Drivers/STM32F7xx_HAL_Driver/Src/stm32f7xx_hal_adc.o
                0x080048a0                HAL_ADC_ErrorCallback
 .text.HAL_ADC_ConfigChannel
                0x080048b4      0x2b4 ./Drivers/STM32F7xx_HAL_Driver/Src/stm32f7xx_hal_adc.o
                0x080048b4                HAL_ADC_ConfigChannel
 .text.ADC_Init
                0x08004b68      0x1f4 ./Drivers/STM32F7xx_HAL_Driver/Src/stm32f7xx_hal_adc.o
 .text.ADC_DMAConvCplt
                0x08004d5c       0xba ./Drivers/STM32F7xx_HAL_Driver/Src/stm32f7xx_hal_adc.o
 .text.ADC_DMAHalfConvCplt
                0x08004e16       0x1c ./Drivers/STM32F7xx_HAL_Driver/Src/stm32f7xx_hal_adc.o
 .text.ADC_DMAError
                0x08004e32       0x2e ./Drivers/STM32F7xx_HAL_Driver/Src/stm32f7xx_hal_adc.o
 .text.__NVIC_SetPriorityGrouping
                0x08004e60       0x48 ./Drivers/STM32F7xx_HAL_Driver/Src/stm32f7xx_hal_cortex.o
 .text.__NVIC_GetPriorityGrouping
                0x08004ea8       0x1c ./Drivers/STM32F7xx_HAL_Driver/Src/stm32f7xx_hal_cortex.o
 .text.__NVIC_EnableIRQ
                0x08004ec4       0x3c ./Drivers/STM32F7xx_HAL_Driver/Src/stm32f7xx_hal_cortex.o
 .text.__NVIC_SetPriority
                0x08004f00       0x54 ./Drivers/STM32F7xx_HAL_Driver/Src/stm32f7xx_hal_cortex.o
 .text.NVIC_EncodePriority
                0x08004f54       0x66 ./Drivers/STM32F7xx_HAL_Driver/Src/stm32f7xx_hal_cortex.o
 *fill*         0x08004fba        0x2 
 .text.SysTick_Config
                0x08004fbc       0x44 ./Drivers/STM32F7xx_HAL_Driver/Src/stm32f7xx_hal_cortex.o
 .text.HAL_NVIC_SetPriorityGrouping
                0x08005000       0x16 ./Drivers/STM32F7xx_HAL_Driver/Src/stm32f7xx_hal_cortex.o
                0x08005000                HAL_NVIC_SetPriorityGrouping
 .text.HAL_NVIC_SetPriority
                0x08005016       0x38 ./Drivers/STM32F7xx_HAL_Driver/Src/stm32f7xx_hal_cortex.o
                0x08005016                HAL_NVIC_SetPriority
 .text.HAL_NVIC_EnableIRQ
                0x0800504e       0x1c ./Drivers/STM32F7xx_HAL_Driver/Src/stm32f7xx_hal_cortex.o
                0x0800504e                HAL_NVIC_EnableIRQ
 .text.HAL_SYSTICK_Config
                0x0800506a       0x18 ./Drivers/STM32F7xx_HAL_Driver/Src/stm32f7xx_hal_cortex.o
                0x0800506a                HAL_SYSTICK_Config
 *fill*         0x08005082        0x2 
 .text.HAL_MPU_Disable
                0x08005084       0x30 ./Drivers/STM32F7xx_HAL_Driver/Src/stm32f7xx_hal_cortex.o
                0x08005084                HAL_MPU_Disable
 .text.HAL_MPU_Enable
                0x080050b4       0x40 ./Drivers/STM32F7xx_HAL_Driver/Src/stm32f7xx_hal_cortex.o
                0x080050b4                HAL_MPU_Enable
 .text.HAL_MPU_ConfigRegion
                0x080050f4       0x80 ./Drivers/STM32F7xx_HAL_Driver/Src/stm32f7xx_hal_cortex.o
                0x080050f4                HAL_MPU_ConfigRegion
 .text.HAL_DMA_Init
                0x08005174      0x15c ./Drivers/STM32F7xx_HAL_Driver/Src/stm32f7xx_hal_dma.o
                0x08005174                HAL_DMA_Init
 .text.HAL_DMA_Start_IT
                0x080052d0       0xc0 ./Drivers/STM32F7xx_HAL_Driver/Src/stm32f7xx_hal_dma.o
                0x080052d0                HAL_DMA_Start_IT
 .text.HAL_DMA_Abort
                0x08005390       0xe0 ./Drivers/STM32F7xx_HAL_Driver/Src/stm32f7xx_hal_dma.o
                0x08005390                HAL_DMA_Abort
 .text.HAL_DMA_Abort_IT
                0x08005470       0x44 ./Drivers/STM32F7xx_HAL_Driver/Src/stm32f7xx_hal_dma.o
                0x08005470                HAL_DMA_Abort_IT
 .text.HAL_DMA_IRQHandler
                0x080054b4      0x314 ./Drivers/STM32F7xx_HAL_Driver/Src/stm32f7xx_hal_dma.o
                0x080054b4                HAL_DMA_IRQHandler
 .text.HAL_DMA_GetError
                0x080057c8       0x18 ./Drivers/STM32F7xx_HAL_Driver/Src/stm32f7xx_hal_dma.o
                0x080057c8                HAL_DMA_GetError
 .text.DMA_SetConfig
                0x080057e0       0x5c ./Drivers/STM32F7xx_HAL_Driver/Src/stm32f7xx_hal_dma.o
 .text.DMA_CalcBaseAndBitshift
                0x0800583c       0x6c ./Drivers/STM32F7xx_HAL_Driver/Src/stm32f7xx_hal_dma.o
 .text.DMA_CheckFifoParam
                0x080058a8       0xf8 ./Drivers/STM32F7xx_HAL_Driver/Src/stm32f7xx_hal_dma.o
 .text.HAL_GPIO_Init
                0x080059a0      0x338 ./Drivers/STM32F7xx_HAL_Driver/Src/stm32f7xx_hal_gpio.o
                0x080059a0                HAL_GPIO_Init
 .text.HAL_GPIO_WritePin
                0x08005cd8       0x32 ./Drivers/STM32F7xx_HAL_Driver/Src/stm32f7xx_hal_gpio.o
                0x08005cd8                HAL_GPIO_WritePin
 .text.HAL_GPIO_TogglePin
                0x08005d0a       0x34 ./Drivers/STM32F7xx_HAL_Driver/Src/stm32f7xx_hal_gpio.o
                0x08005d0a                HAL_GPIO_TogglePin
 *fill*         0x08005d3e        0x2 
 .text.HAL_GPIO_EXTI_IRQHandler
                0x08005d40       0x30 ./Drivers/STM32F7xx_HAL_Driver/Src/stm32f7xx_hal_gpio.o
                0x08005d40                HAL_GPIO_EXTI_IRQHandler
 .text.HAL_I2C_Init
                0x08005d70      0x138 ./Drivers/STM32F7xx_HAL_Driver/Src/stm32f7xx_hal_i2c.o
                0x08005d70                HAL_I2C_Init
 .text.HAL_I2CEx_ConfigAnalogFilter
                0x08005ea8       0x96 ./Drivers/STM32F7xx_HAL_Driver/Src/stm32f7xx_hal_i2c_ex.o
                0x08005ea8                HAL_I2CEx_ConfigAnalogFilter
 .text.HAL_I2CEx_ConfigDigitalFilter
                0x08005f3e       0x98 ./Drivers/STM32F7xx_HAL_Driver/Src/stm32f7xx_hal_i2c_ex.o
                0x08005f3e                HAL_I2CEx_ConfigDigitalFilter
 .text.HAL_PCD_Init
                0x08005fd6      0x22c ./Drivers/STM32F7xx_HAL_Driver/Src/stm32f7xx_hal_pcd.o
                0x08005fd6                HAL_PCD_Init
 .text.HAL_PCD_Start
                0x08006202       0x44 ./Drivers/STM32F7xx_HAL_Driver/Src/stm32f7xx_hal_pcd.o
                0x08006202                HAL_PCD_Start
 .text.HAL_PCD_IRQHandler
                0x08006246      0x99c ./Drivers/STM32F7xx_HAL_Driver/Src/stm32f7xx_hal_pcd.o
                0x08006246                HAL_PCD_IRQHandler
 .text.HAL_PCD_SetAddress
                0x08006be2       0x48 ./Drivers/STM32F7xx_HAL_Driver/Src/stm32f7xx_hal_pcd.o
                0x08006be2                HAL_PCD_SetAddress
 .text.HAL_PCD_EP_Open
                0x08006c2a       0xd4 ./Drivers/STM32F7xx_HAL_Driver/Src/stm32f7xx_hal_pcd.o
                0x08006c2a                HAL_PCD_EP_Open
 .text.HAL_PCD_EP_Close
                0x08006cfe       0x94 ./Drivers/STM32F7xx_HAL_Driver/Src/stm32f7xx_hal_pcd.o
                0x08006cfe                HAL_PCD_EP_Close
 .text.HAL_PCD_EP_Receive
                0x08006d92       0x76 ./Drivers/STM32F7xx_HAL_Driver/Src/stm32f7xx_hal_pcd.o
                0x08006d92                HAL_PCD_EP_Receive
 .text.HAL_PCD_EP_GetRxCount
                0x08006e08       0x30 ./Drivers/STM32F7xx_HAL_Driver/Src/stm32f7xx_hal_pcd.o
                0x08006e08                HAL_PCD_EP_GetRxCount
 .text.HAL_PCD_EP_Transmit
                0x08006e38       0x74 ./Drivers/STM32F7xx_HAL_Driver/Src/stm32f7xx_hal_pcd.o
                0x08006e38                HAL_PCD_EP_Transmit
 .text.HAL_PCD_EP_SetStall
                0x08006eac       0xc6 ./Drivers/STM32F7xx_HAL_Driver/Src/stm32f7xx_hal_pcd.o
                0x08006eac                HAL_PCD_EP_SetStall
 .text.HAL_PCD_EP_ClrStall
                0x08006f72       0xac ./Drivers/STM32F7xx_HAL_Driver/Src/stm32f7xx_hal_pcd.o
                0x08006f72                HAL_PCD_EP_ClrStall
 .text.HAL_PCD_EP_Abort
                0x0800701e       0x62 ./Drivers/STM32F7xx_HAL_Driver/Src/stm32f7xx_hal_pcd.o
                0x0800701e                HAL_PCD_EP_Abort
 .text.PCD_WriteEmptyTxFifo
                0x08007080      0x118 ./Drivers/STM32F7xx_HAL_Driver/Src/stm32f7xx_hal_pcd.o
 .text.PCD_EP_OutXfrComplete_int
                0x08007198      0x1d0 ./Drivers/STM32F7xx_HAL_Driver/Src/stm32f7xx_hal_pcd.o
 .text.PCD_EP_OutSetupPacket_int
                0x08007368       0x8c ./Drivers/STM32F7xx_HAL_Driver/Src/stm32f7xx_hal_pcd.o
 .text.HAL_PCDEx_SetTxFiFo
                0x080073f4       0x8e ./Drivers/STM32F7xx_HAL_Driver/Src/stm32f7xx_hal_pcd_ex.o
                0x080073f4                HAL_PCDEx_SetTxFiFo
 .text.HAL_PCDEx_SetRxFiFo
                0x08007482       0x22 ./Drivers/STM32F7xx_HAL_Driver/Src/stm32f7xx_hal_pcd_ex.o
                0x08007482                HAL_PCDEx_SetRxFiFo
 .text.HAL_PCDEx_ActivateLPM
                0x080074a4       0x48 ./Drivers/STM32F7xx_HAL_Driver/Src/stm32f7xx_hal_pcd_ex.o
                0x080074a4                HAL_PCDEx_ActivateLPM
 .text.HAL_PWREx_EnableOverDrive
                0x080074ec       0xa0 ./Drivers/STM32F7xx_HAL_Driver/Src/stm32f7xx_hal_pwr_ex.o
                0x080074ec                HAL_PWREx_EnableOverDrive
 .text.HAL_RCC_OscConfig
                0x0800758c      0x548 ./Drivers/STM32F7xx_HAL_Driver/Src/stm32f7xx_hal_rcc.o
                0x0800758c                HAL_RCC_OscConfig
 .text.HAL_RCC_ClockConfig
                0x08007ad4      0x1d8 ./Drivers/STM32F7xx_HAL_Driver/Src/stm32f7xx_hal_rcc.o
                0x08007ad4                HAL_RCC_ClockConfig
 .text.HAL_RCC_GetSysClockFreq
                0x08007cac      0x20c ./Drivers/STM32F7xx_HAL_Driver/Src/stm32f7xx_hal_rcc.o
                0x08007cac                HAL_RCC_GetSysClockFreq
 .text.HAL_RCC_GetHCLKFreq
                0x08007eb8       0x18 ./Drivers/STM32F7xx_HAL_Driver/Src/stm32f7xx_hal_rcc.o
                0x08007eb8                HAL_RCC_GetHCLKFreq
 .text.HAL_RCC_GetPCLK1Freq
                0x08007ed0       0x28 ./Drivers/STM32F7xx_HAL_Driver/Src/stm32f7xx_hal_rcc.o
                0x08007ed0                HAL_RCC_GetPCLK1Freq
 .text.HAL_RCC_GetPCLK2Freq
                0x08007ef8       0x28 ./Drivers/STM32F7xx_HAL_Driver/Src/stm32f7xx_hal_rcc.o
                0x08007ef8                HAL_RCC_GetPCLK2Freq
 .text.HAL_RCCEx_PeriphCLKConfig
                0x08007f20      0x694 ./Drivers/STM32F7xx_HAL_Driver/Src/stm32f7xx_hal_rcc_ex.o
                0x08007f20                HAL_RCCEx_PeriphCLKConfig
 .text.HAL_SPI_Init
                0x080085b4      0x156 ./Drivers/STM32F7xx_HAL_Driver/Src/stm32f7xx_hal_spi.o
                0x080085b4                HAL_SPI_Init
 .text.HAL_SPI_Transmit
                0x0800870a      0x2ec ./Drivers/STM32F7xx_HAL_Driver/Src/stm32f7xx_hal_spi.o
                0x0800870a                HAL_SPI_Transmit
 .text.HAL_SPI_Receive
                0x080089f6      0x270 ./Drivers/STM32F7xx_HAL_Driver/Src/stm32f7xx_hal_spi.o
                0x080089f6                HAL_SPI_Receive
 .text.HAL_SPI_TransmitReceive
                0x08008c66      0x43e ./Drivers/STM32F7xx_HAL_Driver/Src/stm32f7xx_hal_spi.o
                0x08008c66                HAL_SPI_TransmitReceive
 .text.HAL_SPI_TransmitReceive_DMA
                0x080090a4      0x30c ./Drivers/STM32F7xx_HAL_Driver/Src/stm32f7xx_hal_spi.o
                0x080090a4                HAL_SPI_TransmitReceive_DMA
 .text.HAL_SPI_IRQHandler
                0x080093b0      0x200 ./Drivers/STM32F7xx_HAL_Driver/Src/stm32f7xx_hal_spi.o
                0x080093b0                HAL_SPI_IRQHandler
 .text.HAL_SPI_RxCpltCallback
                0x080095b0       0x14 ./Drivers/STM32F7xx_HAL_Driver/Src/stm32f7xx_hal_spi.o
                0x080095b0                HAL_SPI_RxCpltCallback
 .text.HAL_SPI_RxHalfCpltCallback
                0x080095c4       0x14 ./Drivers/STM32F7xx_HAL_Driver/Src/stm32f7xx_hal_spi.o
                0x080095c4                HAL_SPI_RxHalfCpltCallback
 .text.HAL_SPI_TxRxHalfCpltCallback
                0x080095d8       0x14 ./Drivers/STM32F7xx_HAL_Driver/Src/stm32f7xx_hal_spi.o
                0x080095d8                HAL_SPI_TxRxHalfCpltCallback
 .text.HAL_SPI_ErrorCallback
                0x080095ec       0x14 ./Drivers/STM32F7xx_HAL_Driver/Src/stm32f7xx_hal_spi.o
                0x080095ec                HAL_SPI_ErrorCallback
 .text.SPI_DMAReceiveCplt
                0x08009600       0xaa ./Drivers/STM32F7xx_HAL_Driver/Src/stm32f7xx_hal_spi.o
 .text.SPI_DMATransmitReceiveCplt
                0x080096aa       0x92 ./Drivers/STM32F7xx_HAL_Driver/Src/stm32f7xx_hal_spi.o
 .text.SPI_DMAHalfReceiveCplt
                0x0800973c       0x1c ./Drivers/STM32F7xx_HAL_Driver/Src/stm32f7xx_hal_spi.o
 .text.SPI_DMAHalfTransmitReceiveCplt
                0x08009758       0x1c ./Drivers/STM32F7xx_HAL_Driver/Src/stm32f7xx_hal_spi.o
 .text.SPI_DMAError
                0x08009774       0x40 ./Drivers/STM32F7xx_HAL_Driver/Src/stm32f7xx_hal_spi.o
 .text.SPI_DMAAbortOnError
                0x080097b4       0x2a ./Drivers/STM32F7xx_HAL_Driver/Src/stm32f7xx_hal_spi.o
 *fill*         0x080097de        0x2 
 .text.SPI_WaitFlagStateUntilTimeout
                0x080097e0      0x110 ./Drivers/STM32F7xx_HAL_Driver/Src/stm32f7xx_hal_spi.o
 .text.SPI_WaitFifoStateUntilTimeout
                0x080098f0      0x12c ./Drivers/STM32F7xx_HAL_Driver/Src/stm32f7xx_hal_spi.o
 .text.SPI_EndRxTransaction
                0x08009a1c       0xf8 ./Drivers/STM32F7xx_HAL_Driver/Src/stm32f7xx_hal_spi.o
 .text.SPI_EndRxTxTransaction
                0x08009b14       0xd4 ./Drivers/STM32F7xx_HAL_Driver/Src/stm32f7xx_hal_spi.o
 .text.HAL_TIM_Base_Init
                0x08009be8       0xae ./Drivers/STM32F7xx_HAL_Driver/Src/stm32f7xx_hal_tim.o
                0x08009be8                HAL_TIM_Base_Init
 .text.HAL_TIM_PWM_Init
                0x08009c96       0xae ./Drivers/STM32F7xx_HAL_Driver/Src/stm32f7xx_hal_tim.o
                0x08009c96                HAL_TIM_PWM_Init
 .text.HAL_TIM_PWM_MspInit
                0x08009d44       0x14 ./Drivers/STM32F7xx_HAL_Driver/Src/stm32f7xx_hal_tim.o
                0x08009d44                HAL_TIM_PWM_MspInit
 .text.HAL_TIM_PWM_Start
                0x08009d58      0x1f4 ./Drivers/STM32F7xx_HAL_Driver/Src/stm32f7xx_hal_tim.o
                0x08009d58                HAL_TIM_PWM_Start
 .text.HAL_TIM_PWM_ConfigChannel
                0x08009f4c      0x228 ./Drivers/STM32F7xx_HAL_Driver/Src/stm32f7xx_hal_tim.o
                0x08009f4c                HAL_TIM_PWM_ConfigChannel
 .text.HAL_TIM_ConfigClockSource
                0x0800a174      0x194 ./Drivers/STM32F7xx_HAL_Driver/Src/stm32f7xx_hal_tim.o
                0x0800a174                HAL_TIM_ConfigClockSource
 .text.TIM_Base_SetConfig
                0x0800a308      0x14c ./Drivers/STM32F7xx_HAL_Driver/Src/stm32f7xx_hal_tim.o
                0x0800a308                TIM_Base_SetConfig
 .text.TIM_OC1_SetConfig
                0x0800a454       0xe4 ./Drivers/STM32F7xx_HAL_Driver/Src/stm32f7xx_hal_tim.o
 .text.TIM_OC2_SetConfig
                0x0800a538       0xf0 ./Drivers/STM32F7xx_HAL_Driver/Src/stm32f7xx_hal_tim.o
                0x0800a538                TIM_OC2_SetConfig
 .text.TIM_OC3_SetConfig
                0x0800a628       0xec ./Drivers/STM32F7xx_HAL_Driver/Src/stm32f7xx_hal_tim.o
 .text.TIM_OC4_SetConfig
                0x0800a714       0xb0 ./Drivers/STM32F7xx_HAL_Driver/Src/stm32f7xx_hal_tim.o
 .text.TIM_OC5_SetConfig
                0x0800a7c4       0xa4 ./Drivers/STM32F7xx_HAL_Driver/Src/stm32f7xx_hal_tim.o
 .text.TIM_OC6_SetConfig
                0x0800a868       0xa8 ./Drivers/STM32F7xx_HAL_Driver/Src/stm32f7xx_hal_tim.o
 .text.TIM_TI1_ConfigInputStage
                0x0800a910       0x5e ./Drivers/STM32F7xx_HAL_Driver/Src/stm32f7xx_hal_tim.o
 .text.TIM_TI2_ConfigInputStage
                0x0800a96e       0x60 ./Drivers/STM32F7xx_HAL_Driver/Src/stm32f7xx_hal_tim.o
 .text.TIM_ITRx_SetConfig
                0x0800a9ce       0x36 ./Drivers/STM32F7xx_HAL_Driver/Src/stm32f7xx_hal_tim.o
 .text.TIM_ETR_SetConfig
                0x0800aa04       0x40 ./Drivers/STM32F7xx_HAL_Driver/Src/stm32f7xx_hal_tim.o
                0x0800aa04                TIM_ETR_SetConfig
 .text.TIM_CCxChannelCmd
                0x0800aa44       0x4a ./Drivers/STM32F7xx_HAL_Driver/Src/stm32f7xx_hal_tim.o
                0x0800aa44                TIM_CCxChannelCmd
 *fill*         0x0800aa8e        0x2 
 .text.HAL_TIMEx_MasterConfigSynchronization
                0x0800aa90      0x11c ./Drivers/STM32F7xx_HAL_Driver/Src/stm32f7xx_hal_tim_ex.o
                0x0800aa90                HAL_TIMEx_MasterConfigSynchronization
 .text.HAL_UART_Init
                0x0800abac       0x9c ./Drivers/STM32F7xx_HAL_Driver/Src/stm32f7xx_hal_uart.o
                0x0800abac                HAL_UART_Init
 .text.HAL_UART_AbortReceive
                0x0800ac48      0x15e ./Drivers/STM32F7xx_HAL_Driver/Src/stm32f7xx_hal_uart.o
                0x0800ac48                HAL_UART_AbortReceive
 *fill*         0x0800ada6        0x2 
 .text.HAL_UART_IRQHandler
                0x0800ada8      0x5d8 ./Drivers/STM32F7xx_HAL_Driver/Src/stm32f7xx_hal_uart.o
                0x0800ada8                HAL_UART_IRQHandler
 .text.HAL_UART_TxCpltCallback
                0x0800b380       0x14 ./Drivers/STM32F7xx_HAL_Driver/Src/stm32f7xx_hal_uart.o
                0x0800b380                HAL_UART_TxCpltCallback
 .text.HAL_UART_RxCpltCallback
                0x0800b394       0x14 ./Drivers/STM32F7xx_HAL_Driver/Src/stm32f7xx_hal_uart.o
                0x0800b394                HAL_UART_RxCpltCallback
 .text.HAL_UART_RxHalfCpltCallback
                0x0800b3a8       0x14 ./Drivers/STM32F7xx_HAL_Driver/Src/stm32f7xx_hal_uart.o
                0x0800b3a8                HAL_UART_RxHalfCpltCallback
 .text.HAL_UART_ErrorCallback
                0x0800b3bc       0x14 ./Drivers/STM32F7xx_HAL_Driver/Src/stm32f7xx_hal_uart.o
                0x0800b3bc                HAL_UART_ErrorCallback
 .text.UART_SetConfig
                0x0800b3d0      0x4c8 ./Drivers/STM32F7xx_HAL_Driver/Src/stm32f7xx_hal_uart.o
                0x0800b3d0                UART_SetConfig
 .text.UART_AdvFeatureConfig
                0x0800b898      0x144 ./Drivers/STM32F7xx_HAL_Driver/Src/stm32f7xx_hal_uart.o
                0x0800b898                UART_AdvFeatureConfig
 .text.UART_CheckIdleState
                0x0800b9dc       0xae ./Drivers/STM32F7xx_HAL_Driver/Src/stm32f7xx_hal_uart.o
                0x0800b9dc                UART_CheckIdleState
 .text.UART_WaitOnFlagUntilTimeout
                0x0800ba8a       0xda ./Drivers/STM32F7xx_HAL_Driver/Src/stm32f7xx_hal_uart.o
                0x0800ba8a                UART_WaitOnFlagUntilTimeout
 .text.UART_Start_Receive_DMA
                0x0800bb64      0x140 ./Drivers/STM32F7xx_HAL_Driver/Src/stm32f7xx_hal_uart.o
                0x0800bb64                UART_Start_Receive_DMA
 .text.UART_EndTxTransfer
                0x0800bca4       0x4c ./Drivers/STM32F7xx_HAL_Driver/Src/stm32f7xx_hal_uart.o
 .text.UART_EndRxTransfer
                0x0800bcf0       0xc8 ./Drivers/STM32F7xx_HAL_Driver/Src/stm32f7xx_hal_uart.o
 .text.UART_DMAReceiveCplt
                0x0800bdb8      0x15e ./Drivers/STM32F7xx_HAL_Driver/Src/stm32f7xx_hal_uart.o
 .text.UART_DMARxHalfCplt
                0x0800bf16       0x72 ./Drivers/STM32F7xx_HAL_Driver/Src/stm32f7xx_hal_uart.o
 .text.UART_DMAError
                0x0800bf88       0x7e ./Drivers/STM32F7xx_HAL_Driver/Src/stm32f7xx_hal_uart.o
 .text.UART_DMAAbortOnError
                0x0800c006       0x24 ./Drivers/STM32F7xx_HAL_Driver/Src/stm32f7xx_hal_uart.o
 .text.UART_EndTransmit_IT
                0x0800c02a       0x54 ./Drivers/STM32F7xx_HAL_Driver/Src/stm32f7xx_hal_uart.o
 .text.HAL_UARTEx_ReceiveToIdle_DMA
                0x0800c07e       0xa8 ./Drivers/STM32F7xx_HAL_Driver/Src/stm32f7xx_hal_uart_ex.o
                0x0800c07e                HAL_UARTEx_ReceiveToIdle_DMA
 *fill*         0x0800c126        0x2 
 .text.USB_CoreInit
                0x0800c128      0x118 ./Drivers/STM32F7xx_HAL_Driver/Src/stm32f7xx_ll_usb.o
                0x0800c128                USB_CoreInit
 .text.USB_SetTurnaroundTime
                0x0800c240      0x144 ./Drivers/STM32F7xx_HAL_Driver/Src/stm32f7xx_ll_usb.o
                0x0800c240                USB_SetTurnaroundTime
 .text.USB_EnableGlobalInt
                0x0800c384       0x22 ./Drivers/STM32F7xx_HAL_Driver/Src/stm32f7xx_ll_usb.o
                0x0800c384                USB_EnableGlobalInt
 .text.USB_DisableGlobalInt
                0x0800c3a6       0x22 ./Drivers/STM32F7xx_HAL_Driver/Src/stm32f7xx_ll_usb.o
                0x0800c3a6                USB_DisableGlobalInt
 .text.USB_SetCurrentMode
                0x0800c3c8       0x98 ./Drivers/STM32F7xx_HAL_Driver/Src/stm32f7xx_ll_usb.o
                0x0800c3c8                USB_SetCurrentMode
 .text.USB_DevInit
                0x0800c460      0x2e0 ./Drivers/STM32F7xx_HAL_Driver/Src/stm32f7xx_ll_usb.o
                0x0800c460                USB_DevInit
 .text.USB_FlushTxFifo
                0x0800c740       0x64 ./Drivers/STM32F7xx_HAL_Driver/Src/stm32f7xx_ll_usb.o
                0x0800c740                USB_FlushTxFifo
 .text.USB_FlushRxFifo
                0x0800c7a4       0x5c ./Drivers/STM32F7xx_HAL_Driver/Src/stm32f7xx_ll_usb.o
                0x0800c7a4                USB_FlushRxFifo
 .text.USB_SetDevSpeed
                0x0800c800       0x32 ./Drivers/STM32F7xx_HAL_Driver/Src/stm32f7xx_ll_usb.o
                0x0800c800                USB_SetDevSpeed
 .text.USB_GetDevSpeed
                0x0800c832       0x4a ./Drivers/STM32F7xx_HAL_Driver/Src/stm32f7xx_ll_usb.o
                0x0800c832                USB_GetDevSpeed
 .text.USB_ActivateEndpoint
                0x0800c87c      0x110 ./Drivers/STM32F7xx_HAL_Driver/Src/stm32f7xx_ll_usb.o
                0x0800c87c                USB_ActivateEndpoint
 .text.USB_DeactivateEndpoint
                0x0800c98c      0x1b8 ./Drivers/STM32F7xx_HAL_Driver/Src/stm32f7xx_ll_usb.o
                0x0800c98c                USB_DeactivateEndpoint
 .text.USB_EPStartXfer
                0x0800cb44      0x548 ./Drivers/STM32F7xx_HAL_Driver/Src/stm32f7xx_ll_usb.o
                0x0800cb44                USB_EPStartXfer
 .text.USB_EPStopXfer
                0x0800d08c      0x154 ./Drivers/STM32F7xx_HAL_Driver/Src/stm32f7xx_ll_usb.o
                0x0800d08c                USB_EPStopXfer
 .text.USB_WritePacket
                0x0800d1e0       0x7c ./Drivers/STM32F7xx_HAL_Driver/Src/stm32f7xx_ll_usb.o
                0x0800d1e0                USB_WritePacket
 .text.USB_ReadPacket
                0x0800d25c       0xb0 ./Drivers/STM32F7xx_HAL_Driver/Src/stm32f7xx_ll_usb.o
                0x0800d25c                USB_ReadPacket
 .text.USB_EPSetStall
                0x0800d30c       0xdc ./Drivers/STM32F7xx_HAL_Driver/Src/stm32f7xx_ll_usb.o
                0x0800d30c                USB_EPSetStall
 .text.USB_EPClearStall
                0x0800d3e8       0xcc ./Drivers/STM32F7xx_HAL_Driver/Src/stm32f7xx_ll_usb.o
                0x0800d3e8                USB_EPClearStall
 .text.USB_SetDevAddress
                0x0800d4b4       0x4c ./Drivers/STM32F7xx_HAL_Driver/Src/stm32f7xx_ll_usb.o
                0x0800d4b4                USB_SetDevAddress
 .text.USB_DevConnect
                0x0800d500       0x42 ./Drivers/STM32F7xx_HAL_Driver/Src/stm32f7xx_ll_usb.o
                0x0800d500                USB_DevConnect
 .text.USB_DevDisconnect
                0x0800d542       0x42 ./Drivers/STM32F7xx_HAL_Driver/Src/stm32f7xx_ll_usb.o
                0x0800d542                USB_DevDisconnect
 .text.USB_ReadInterrupts
                0x0800d584       0x26 ./Drivers/STM32F7xx_HAL_Driver/Src/stm32f7xx_ll_usb.o
                0x0800d584                USB_ReadInterrupts
 .text.USB_ReadDevAllOutEpInterrupt
                0x0800d5aa       0x34 ./Drivers/STM32F7xx_HAL_Driver/Src/stm32f7xx_ll_usb.o
                0x0800d5aa                USB_ReadDevAllOutEpInterrupt
 .text.USB_ReadDevAllInEpInterrupt
                0x0800d5de       0x34 ./Drivers/STM32F7xx_HAL_Driver/Src/stm32f7xx_ll_usb.o
                0x0800d5de                USB_ReadDevAllInEpInterrupt
 .text.USB_ReadDevOutEPInterrupt
                0x0800d612       0x3c ./Drivers/STM32F7xx_HAL_Driver/Src/stm32f7xx_ll_usb.o
                0x0800d612                USB_ReadDevOutEPInterrupt
 .text.USB_ReadDevInEPInterrupt
                0x0800d64e       0x5c ./Drivers/STM32F7xx_HAL_Driver/Src/stm32f7xx_ll_usb.o
                0x0800d64e                USB_ReadDevInEPInterrupt
 .text.USB_GetMode
                0x0800d6aa       0x1c ./Drivers/STM32F7xx_HAL_Driver/Src/stm32f7xx_ll_usb.o
                0x0800d6aa                USB_GetMode
 *fill*         0x0800d6c6        0x2 
 .text.USB_ActivateSetup
                0x0800d6c8       0x48 ./Drivers/STM32F7xx_HAL_Driver/Src/stm32f7xx_ll_usb.o
                0x0800d6c8                USB_ActivateSetup
 .text.USB_EP0_OutStart
                0x0800d710       0xbc ./Drivers/STM32F7xx_HAL_Driver/Src/stm32f7xx_ll_usb.o
                0x0800d710                USB_EP0_OutStart
 .text.USB_CoreReset
                0x0800d7cc       0x70 ./Drivers/STM32F7xx_HAL_Driver/Src/stm32f7xx_ll_usb.o
 .text.USBD_CDC_Init
                0x0800d83c      0x1f0 ./Middlewares/ST/STM32_USB_Device_Library/Class/CDC/Src/usbd_cdc.o
 .text.USBD_CDC_DeInit
                0x0800da2c      0x104 ./Middlewares/ST/STM32_USB_Device_Library/Class/CDC/Src/usbd_cdc.o
 .text.USBD_CDC_Setup
                0x0800db30      0x1b8 ./Middlewares/ST/STM32_USB_Device_Library/Class/CDC/Src/usbd_cdc.o
 .text.USBD_CDC_DataIn
                0x0800dce8       0xfe ./Middlewares/ST/STM32_USB_Device_Library/Class/CDC/Src/usbd_cdc.o
 .text.USBD_CDC_DataOut
                0x0800dde6       0x70 ./Middlewares/ST/STM32_USB_Device_Library/Class/CDC/Src/usbd_cdc.o
 .text.USBD_CDC_EP0_RxReady
                0x0800de56       0x74 ./Middlewares/ST/STM32_USB_Device_Library/Class/CDC/Src/usbd_cdc.o
 *fill*         0x0800deca        0x2 
 .text.USBD_CDC_GetFSCfgDesc
                0x0800decc       0x70 ./Middlewares/ST/STM32_USB_Device_Library/Class/CDC/Src/usbd_cdc.o
 .text.USBD_CDC_GetHSCfgDesc
                0x0800df3c       0x70 ./Middlewares/ST/STM32_USB_Device_Library/Class/CDC/Src/usbd_cdc.o
 .text.USBD_CDC_GetOtherSpeedCfgDesc
                0x0800dfac       0x70 ./Middlewares/ST/STM32_USB_Device_Library/Class/CDC/Src/usbd_cdc.o
 .text.USBD_CDC_GetDeviceQualifierDescriptor
                0x0800e01c       0x20 ./Middlewares/ST/STM32_USB_Device_Library/Class/CDC/Src/usbd_cdc.o
                0x0800e01c                USBD_CDC_GetDeviceQualifierDescriptor
 .text.USBD_CDC_RegisterInterface
                0x0800e03c       0x34 ./Middlewares/ST/STM32_USB_Device_Library/Class/CDC/Src/usbd_cdc.o
                0x0800e03c                USBD_CDC_RegisterInterface
 .text.USBD_CDC_SetTxBuffer
                0x0800e070       0x44 ./Middlewares/ST/STM32_USB_Device_Library/Class/CDC/Src/usbd_cdc.o
                0x0800e070                USBD_CDC_SetTxBuffer
 .text.USBD_CDC_SetRxBuffer
                0x0800e0b4       0x3a ./Middlewares/ST/STM32_USB_Device_Library/Class/CDC/Src/usbd_cdc.o
                0x0800e0b4                USBD_CDC_SetRxBuffer
 *fill*         0x0800e0ee        0x2 
 .text.USBD_CDC_TransmitPacket
                0x0800e0f0       0x80 ./Middlewares/ST/STM32_USB_Device_Library/Class/CDC/Src/usbd_cdc.o
                0x0800e0f0                USBD_CDC_TransmitPacket
 .text.USBD_CDC_ReceivePacket
                0x0800e170       0x6c ./Middlewares/ST/STM32_USB_Device_Library/Class/CDC/Src/usbd_cdc.o
                0x0800e170                USBD_CDC_ReceivePacket
 .text.USBD_Init
                0x0800e1dc       0x60 ./Middlewares/ST/STM32_USB_Device_Library/Core/Src/usbd_core.o
                0x0800e1dc                USBD_Init
 .text.USBD_RegisterClass
                0x0800e23c       0x6c ./Middlewares/ST/STM32_USB_Device_Library/Core/Src/usbd_core.o
                0x0800e23c                USBD_RegisterClass
 .text.USBD_Start
                0x0800e2a8       0x18 ./Middlewares/ST/STM32_USB_Device_Library/Core/Src/usbd_core.o
                0x0800e2a8                USBD_Start
 .text.USBD_RunTestMode
                0x0800e2c0       0x16 ./Middlewares/ST/STM32_USB_Device_Library/Core/Src/usbd_core.o
                0x0800e2c0                USBD_RunTestMode
 .text.USBD_SetClassConfig
                0x0800e2d6       0x38 ./Middlewares/ST/STM32_USB_Device_Library/Core/Src/usbd_core.o
                0x0800e2d6                USBD_SetClassConfig
 .text.USBD_ClrClassConfig
                0x0800e30e       0x34 ./Middlewares/ST/STM32_USB_Device_Library/Core/Src/usbd_core.o
                0x0800e30e                USBD_ClrClassConfig
 .text.USBD_LL_SetupStage
                0x0800e342       0xaa ./Middlewares/ST/STM32_USB_Device_Library/Core/Src/usbd_core.o
                0x0800e342                USBD_LL_SetupStage
 .text.USBD_LL_DataOutStage
                0x0800e3ec      0x178 ./Middlewares/ST/STM32_USB_Device_Library/Core/Src/usbd_core.o
                0x0800e3ec                USBD_LL_DataOutStage
 .text.USBD_LL_DataInStage
                0x0800e564      0x176 ./Middlewares/ST/STM32_USB_Device_Library/Core/Src/usbd_core.o
                0x0800e564                USBD_LL_DataInStage
 .text.USBD_LL_Reset
                0x0800e6da       0xa6 ./Middlewares/ST/STM32_USB_Device_Library/Core/Src/usbd_core.o
                0x0800e6da                USBD_LL_Reset
 .text.USBD_LL_SetSpeed
                0x0800e780       0x20 ./Middlewares/ST/STM32_USB_Device_Library/Core/Src/usbd_core.o
                0x0800e780                USBD_LL_SetSpeed
 .text.USBD_LL_Suspend
                0x0800e7a0       0x38 ./Middlewares/ST/STM32_USB_Device_Library/Core/Src/usbd_core.o
                0x0800e7a0                USBD_LL_Suspend
 .text.USBD_LL_Resume
                0x0800e7d8       0x30 ./Middlewares/ST/STM32_USB_Device_Library/Core/Src/usbd_core.o
                0x0800e7d8                USBD_LL_Resume
 .text.USBD_LL_SOF
                0x0800e808       0x40 ./Middlewares/ST/STM32_USB_Device_Library/Core/Src/usbd_core.o
                0x0800e808                USBD_LL_SOF
 .text.USBD_LL_IsoINIncomplete
                0x0800e848       0x64 ./Middlewares/ST/STM32_USB_Device_Library/Core/Src/usbd_core.o
                0x0800e848                USBD_LL_IsoINIncomplete
 .text.USBD_LL_IsoOUTIncomplete
                0x0800e8ac       0x64 ./Middlewares/ST/STM32_USB_Device_Library/Core/Src/usbd_core.o
                0x0800e8ac                USBD_LL_IsoOUTIncomplete
 .text.USBD_LL_DevConnected
                0x0800e910       0x16 ./Middlewares/ST/STM32_USB_Device_Library/Core/Src/usbd_core.o
                0x0800e910                USBD_LL_DevConnected
 .text.USBD_LL_DevDisconnected
                0x0800e926       0x46 ./Middlewares/ST/STM32_USB_Device_Library/Core/Src/usbd_core.o
                0x0800e926                USBD_LL_DevDisconnected
 .text.USBD_CoreFindIF
                0x0800e96c       0x1a ./Middlewares/ST/STM32_USB_Device_Library/Core/Src/usbd_core.o
                0x0800e96c                USBD_CoreFindIF
 .text.USBD_CoreFindEP
                0x0800e986       0x1a ./Middlewares/ST/STM32_USB_Device_Library/Core/Src/usbd_core.o
                0x0800e986                USBD_CoreFindEP
 .text.USBD_GetEpDesc
                0x0800e9a0       0x70 ./Middlewares/ST/STM32_USB_Device_Library/Core/Src/usbd_core.o
                0x0800e9a0                USBD_GetEpDesc
 .text.USBD_GetNextDesc
                0x0800ea10       0x38 ./Middlewares/ST/STM32_USB_Device_Library/Core/Src/usbd_core.o
                0x0800ea10                USBD_GetNextDesc
 .text.SWAPBYTE
                0x0800ea48       0x3e ./Middlewares/ST/STM32_USB_Device_Library/Core/Src/usbd_ctlreq.o
 *fill*         0x0800ea86        0x2 
 .text.USBD_StdDevReq
                0x0800ea88       0xe4 ./Middlewares/ST/STM32_USB_Device_Library/Core/Src/usbd_ctlreq.o
                0x0800ea88                USBD_StdDevReq
 .text.USBD_StdItfReq
                0x0800eb6c       0xd8 ./Middlewares/ST/STM32_USB_Device_Library/Core/Src/usbd_ctlreq.o
                0x0800eb6c                USBD_StdItfReq
 .text.USBD_StdEPReq
                0x0800ec44      0x33e ./Middlewares/ST/STM32_USB_Device_Library/Core/Src/usbd_ctlreq.o
                0x0800ec44                USBD_StdEPReq
 *fill*         0x0800ef82        0x2 
 .text.USBD_GetDescriptor
                0x0800ef84      0x328 ./Middlewares/ST/STM32_USB_Device_Library/Core/Src/usbd_ctlreq.o
 .text.USBD_SetAddress
                0x0800f2ac       0x88 ./Middlewares/ST/STM32_USB_Device_Library/Core/Src/usbd_ctlreq.o
 .text.USBD_SetConfig
                0x0800f334      0x154 ./Middlewares/ST/STM32_USB_Device_Library/Core/Src/usbd_ctlreq.o
 .text.USBD_GetConfig
                0x0800f488       0x6c ./Middlewares/ST/STM32_USB_Device_Library/Core/Src/usbd_ctlreq.o
 .text.USBD_GetStatus
                0x0800f4f4       0x68 ./Middlewares/ST/STM32_USB_Device_Library/Core/Src/usbd_ctlreq.o
 .text.USBD_SetFeature
                0x0800f55c       0x52 ./Middlewares/ST/STM32_USB_Device_Library/Core/Src/usbd_ctlreq.o
 .text.USBD_ClrFeature
                0x0800f5ae       0x44 ./Middlewares/ST/STM32_USB_Device_Library/Core/Src/usbd_ctlreq.o
 .text.USBD_ParseSetupRequest
                0x0800f5f2       0x74 ./Middlewares/ST/STM32_USB_Device_Library/Core/Src/usbd_ctlreq.o
                0x0800f5f2                USBD_ParseSetupRequest
 .text.USBD_CtlError
                0x0800f666       0x22 ./Middlewares/ST/STM32_USB_Device_Library/Core/Src/usbd_ctlreq.o
                0x0800f666                USBD_CtlError
 .text.USBD_GetString
                0x0800f688       0xa4 ./Middlewares/ST/STM32_USB_Device_Library/Core/Src/usbd_ctlreq.o
                0x0800f688                USBD_GetString
 .text.USBD_GetLen
                0x0800f72c       0x34 ./Middlewares/ST/STM32_USB_Device_Library/Core/Src/usbd_ctlreq.o
 .text.USBD_CtlSendData
                0x0800f760       0x3c ./Middlewares/ST/STM32_USB_Device_Library/Core/Src/usbd_ioreq.o
                0x0800f760                USBD_CtlSendData
 .text.USBD_CtlContinueSendData
                0x0800f79c       0x22 ./Middlewares/ST/STM32_USB_Device_Library/Core/Src/usbd_ioreq.o
                0x0800f79c                USBD_CtlContinueSendData
 .text.USBD_CtlPrepareRx
                0x0800f7be       0x42 ./Middlewares/ST/STM32_USB_Device_Library/Core/Src/usbd_ioreq.o
                0x0800f7be                USBD_CtlPrepareRx
 .text.USBD_CtlContinueRx
                0x0800f800       0x22 ./Middlewares/ST/STM32_USB_Device_Library/Core/Src/usbd_ioreq.o
                0x0800f800                USBD_CtlContinueRx
 .text.USBD_CtlSendStatus
                0x0800f822       0x26 ./Middlewares/ST/STM32_USB_Device_Library/Core/Src/usbd_ioreq.o
                0x0800f822                USBD_CtlSendStatus
 .text.USBD_CtlReceiveStatus
                0x0800f848       0x26 ./Middlewares/ST/STM32_USB_Device_Library/Core/Src/usbd_ioreq.o
                0x0800f848                USBD_CtlReceiveStatus
 *fill*         0x0800f86e        0x2 
 .text.MX_USB_DEVICE_Init
                0x0800f870       0x60 ./USB_DEVICE/App/usb_device.o
                0x0800f870                MX_USB_DEVICE_Init
 .text.CDC_Init_FS
                0x0800f8d0       0x28 ./USB_DEVICE/App/usbd_cdc_if.o
 .text.CDC_DeInit_FS
                0x0800f8f8       0x10 ./USB_DEVICE/App/usbd_cdc_if.o
 .text.CDC_Control_FS
                0x0800f908       0xbc ./USB_DEVICE/App/usbd_cdc_if.o
 .text.CDC_Receive_FS
                0x0800f9c4       0x28 ./USB_DEVICE/App/usbd_cdc_if.o
 .text.CDC_Transmit_FS
                0x0800f9ec       0x4c ./USB_DEVICE/App/usbd_cdc_if.o
                0x0800f9ec                CDC_Transmit_FS
 .text.CDC_TransmitCplt_FS
                0x0800fa38       0x22 ./USB_DEVICE/App/usbd_cdc_if.o
 *fill*         0x0800fa5a        0x2 
 .text.USBD_FS_DeviceDescriptor
                0x0800fa5c       0x24 ./USB_DEVICE/App/usbd_desc.o
                0x0800fa5c                USBD_FS_DeviceDescriptor
 .text.USBD_FS_LangIDStrDescriptor
                0x0800fa80       0x24 ./USB_DEVICE/App/usbd_desc.o
                0x0800fa80                USBD_FS_LangIDStrDescriptor
 .text.USBD_FS_ProductStrDescriptor
                0x0800faa4       0x3c ./USB_DEVICE/App/usbd_desc.o
                0x0800faa4                USBD_FS_ProductStrDescriptor
 .text.USBD_FS_ManufacturerStrDescriptor
                0x0800fae0       0x28 ./USB_DEVICE/App/usbd_desc.o
                0x0800fae0                USBD_FS_ManufacturerStrDescriptor
 .text.USBD_FS_SerialStrDescriptor
                0x0800fb08       0x24 ./USB_DEVICE/App/usbd_desc.o
                0x0800fb08                USBD_FS_SerialStrDescriptor
 .text.USBD_FS_ConfigStrDescriptor
                0x0800fb2c       0x3c ./USB_DEVICE/App/usbd_desc.o
                0x0800fb2c                USBD_FS_ConfigStrDescriptor
 .text.USBD_FS_InterfaceStrDescriptor
                0x0800fb68       0x3c ./USB_DEVICE/App/usbd_desc.o
                0x0800fb68                USBD_FS_InterfaceStrDescriptor
 .text.USBD_FS_USR_BOSDescriptor
                0x0800fba4       0x24 ./USB_DEVICE/App/usbd_desc.o
                0x0800fba4                USBD_FS_USR_BOSDescriptor
 .text.Get_SerialNum
                0x0800fbc8       0x58 ./USB_DEVICE/App/usbd_desc.o
 .text.IntToUnicode
                0x0800fc20       0x7e ./USB_DEVICE/App/usbd_desc.o
 *fill*         0x0800fc9e        0x2 
 .text.HAL_PCD_MspInit
                0x0800fca0       0xe4 ./USB_DEVICE/Target/usbd_conf.o
                0x0800fca0                HAL_PCD_MspInit
 .text.HAL_PCD_SetupStageCallback
                0x0800fd84       0x24 ./USB_DEVICE/Target/usbd_conf.o
                0x0800fd84                HAL_PCD_SetupStageCallback
 .text.HAL_PCD_DataOutStageCallback
                0x0800fda8       0x36 ./USB_DEVICE/Target/usbd_conf.o
                0x0800fda8                HAL_PCD_DataOutStageCallback
 .text.HAL_PCD_DataInStageCallback
                0x0800fdde       0x34 ./USB_DEVICE/Target/usbd_conf.o
                0x0800fdde                HAL_PCD_DataInStageCallback
 .text.HAL_PCD_SOFCallback
                0x0800fe12       0x1c ./USB_DEVICE/Target/usbd_conf.o
                0x0800fe12                HAL_PCD_SOFCallback
 .text.HAL_PCD_ResetCallback
                0x0800fe2e       0x50 ./USB_DEVICE/Target/usbd_conf.o
                0x0800fe2e                HAL_PCD_ResetCallback
 *fill*         0x0800fe7e        0x2 
 .text.HAL_PCD_SuspendCallback
                0x0800fe80       0x4c ./USB_DEVICE/Target/usbd_conf.o
                0x0800fe80                HAL_PCD_SuspendCallback
 .text.HAL_PCD_ResumeCallback
                0x0800fecc       0x1c ./USB_DEVICE/Target/usbd_conf.o
                0x0800fecc                HAL_PCD_ResumeCallback
 .text.HAL_PCD_ISOOUTIncompleteCallback
                0x0800fee8       0x24 ./USB_DEVICE/Target/usbd_conf.o
                0x0800fee8                HAL_PCD_ISOOUTIncompleteCallback
 .text.HAL_PCD_ISOINIncompleteCallback
                0x0800ff0c       0x24 ./USB_DEVICE/Target/usbd_conf.o
                0x0800ff0c                HAL_PCD_ISOINIncompleteCallback
 .text.HAL_PCD_ConnectCallback
                0x0800ff30       0x1c ./USB_DEVICE/Target/usbd_conf.o
                0x0800ff30                HAL_PCD_ConnectCallback
 .text.HAL_PCD_DisconnectCallback
                0x0800ff4c       0x1c ./USB_DEVICE/Target/usbd_conf.o
                0x0800ff4c                HAL_PCD_DisconnectCallback
 .text.USBD_LL_Init
                0x0800ff68       0xa0 ./USB_DEVICE/Target/usbd_conf.o
                0x0800ff68                USBD_LL_Init
 .text.USBD_LL_Start
                0x08010008       0x36 ./USB_DEVICE/Target/usbd_conf.o
                0x08010008                USBD_LL_Start
 .text.USBD_LL_OpenEP
                0x0801003e       0x4c ./USB_DEVICE/Target/usbd_conf.o
                0x0801003e                USBD_LL_OpenEP
 .text.USBD_LL_CloseEP
                0x0801008a       0x3e ./USB_DEVICE/Target/usbd_conf.o
                0x0801008a                USBD_LL_CloseEP
 .text.USBD_LL_StallEP
                0x080100c8       0x3e ./USB_DEVICE/Target/usbd_conf.o
                0x080100c8                USBD_LL_StallEP
 .text.USBD_LL_ClearStallEP
                0x08010106       0x3e ./USB_DEVICE/Target/usbd_conf.o
                0x08010106                USBD_LL_ClearStallEP
 .text.USBD_LL_IsStallEP
                0x08010144       0x58 ./USB_DEVICE/Target/usbd_conf.o
                0x08010144                USBD_LL_IsStallEP
 .text.USBD_LL_SetUSBAddress
                0x0801019c       0x3e ./USB_DEVICE/Target/usbd_conf.o
                0x0801019c                USBD_LL_SetUSBAddress
 .text.USBD_LL_Transmit
                0x080101da       0x42 ./USB_DEVICE/Target/usbd_conf.o
                0x080101da                USBD_LL_Transmit
 .text.USBD_LL_PrepareReceive
                0x0801021c       0x42 ./USB_DEVICE/Target/usbd_conf.o
                0x0801021c                USBD_LL_PrepareReceive
 .text.USBD_LL_GetRxDataSize
                0x0801025e       0x26 ./USB_DEVICE/Target/usbd_conf.o
                0x0801025e                USBD_LL_GetRxDataSize
 .text.HAL_PCDEx_LPM_Callback
                0x08010284       0x9c ./USB_DEVICE/Target/usbd_conf.o
                0x08010284                HAL_PCDEx_LPM_Callback
 .text.SystemClockConfig_Resume
                0x08010320        0xc ./USB_DEVICE/Target/usbd_conf.o
 .text.USBD_Get_USB_Status
                0x0801032c       0x58 ./USB_DEVICE/Target/usbd_conf.o
                0x0801032c                USBD_Get_USB_Status
 .text.malloc   0x08010384       0x10 C:/ST/STM32CubeIDE_1.18.1/STM32CubeIDE/plugins/com.st.stm32cube.ide.mcu.externaltools.gnu-tools-for-stm32.13.3.rel1.win32_1.0.0.202411081344/tools/bin/../lib/gcc/arm-none-eabi/13.3.1/../../../../arm-none-eabi/lib/thumb/v7e-m+fp/hard\libc_nano.a(libc_a-malloc.o)
                0x08010384                malloc
 .text.free     0x08010394       0x10 C:/ST/STM32CubeIDE_1.18.1/STM32CubeIDE/plugins/com.st.stm32cube.ide.mcu.externaltools.gnu-tools-for-stm32.13.3.rel1.win32_1.0.0.202411081344/tools/bin/../lib/gcc/arm-none-eabi/13.3.1/../../../../arm-none-eabi/lib/thumb/v7e-m+fp/hard\libc_nano.a(libc_a-malloc.o)
                0x08010394                free
 .text.sbrk_aligned
                0x080103a4       0x44 C:/ST/STM32CubeIDE_1.18.1/STM32CubeIDE/plugins/com.st.stm32cube.ide.mcu.externaltools.gnu-tools-for-stm32.13.3.rel1.win32_1.0.0.202411081344/tools/bin/../lib/gcc/arm-none-eabi/13.3.1/../../../../arm-none-eabi/lib/thumb/v7e-m+fp/hard\libc_nano.a(libc_a-mallocr.o)
 .text._malloc_r
                0x080103e8      0x100 C:/ST/STM32CubeIDE_1.18.1/STM32CubeIDE/plugins/com.st.stm32cube.ide.mcu.externaltools.gnu-tools-for-stm32.13.3.rel1.win32_1.0.0.202411081344/tools/bin/../lib/gcc/arm-none-eabi/13.3.1/../../../../arm-none-eabi/lib/thumb/v7e-m+fp/hard\libc_nano.a(libc_a-mallocr.o)
                0x080103e8                _malloc_r
 .text.__malloc_lock
                0x080104e8        0xc C:/ST/STM32CubeIDE_1.18.1/STM32CubeIDE/plugins/com.st.stm32cube.ide.mcu.externaltools.gnu-tools-for-stm32.13.3.rel1.win32_1.0.0.202411081344/tools/bin/../lib/gcc/arm-none-eabi/13.3.1/../../../../arm-none-eabi/lib/thumb/v7e-m+fp/hard\libc_nano.a(libc_a-mlock.o)
                0x080104e8                __malloc_lock
 .text.__malloc_unlock
                0x080104f4        0xc C:/ST/STM32CubeIDE_1.18.1/STM32CubeIDE/plugins/com.st.stm32cube.ide.mcu.externaltools.gnu-tools-for-stm32.13.3.rel1.win32_1.0.0.202411081344/tools/bin/../lib/gcc/arm-none-eabi/13.3.1/../../../../arm-none-eabi/lib/thumb/v7e-m+fp/hard\libc_nano.a(libc_a-mlock.o)
                0x080104f4                __malloc_unlock
 .text.__cvt    0x08010500       0xca C:/ST/STM32CubeIDE_1.18.1/STM32CubeIDE/plugins/com.st.stm32cube.ide.mcu.externaltools.gnu-tools-for-stm32.13.3.rel1.win32_1.0.0.202411081344/tools/bin/../lib/gcc/arm-none-eabi/13.3.1/../../../../arm-none-eabi/lib/thumb/v7e-m+fp/hard\libc_nano.a(libc_a-nano-vfprintf_float.o)
                0x08010500                __cvt
 .text.__exponent
                0x080105ca       0x74 C:/ST/STM32CubeIDE_1.18.1/STM32CubeIDE/plugins/com.st.stm32cube.ide.mcu.externaltools.gnu-tools-for-stm32.13.3.rel1.win32_1.0.0.202411081344/tools/bin/../lib/gcc/arm-none-eabi/13.3.1/../../../../arm-none-eabi/lib/thumb/v7e-m+fp/hard\libc_nano.a(libc_a-nano-vfprintf_float.o)
                0x080105ca                __exponent
 *fill*         0x0801063e        0x2 
 .text._printf_float
                0x08010640      0x454 C:/ST/STM32CubeIDE_1.18.1/STM32CubeIDE/plugins/com.st.stm32cube.ide.mcu.externaltools.gnu-tools-for-stm32.13.3.rel1.win32_1.0.0.202411081344/tools/bin/../lib/gcc/arm-none-eabi/13.3.1/../../../../arm-none-eabi/lib/thumb/v7e-m+fp/hard\libc_nano.a(libc_a-nano-vfprintf_float.o)
                0x08010640                _printf_float
 .text._printf_common
                0x08010a94       0xda C:/ST/STM32CubeIDE_1.18.1/STM32CubeIDE/plugins/com.st.stm32cube.ide.mcu.externaltools.gnu-tools-for-stm32.13.3.rel1.win32_1.0.0.202411081344/tools/bin/../lib/gcc/arm-none-eabi/13.3.1/../../../../arm-none-eabi/lib/thumb/v7e-m+fp/hard\libc_nano.a(libc_a-nano-vfprintf_i.o)
                0x08010a94                _printf_common
 *fill*         0x08010b6e        0x2 
 .text._printf_i
                0x08010b70      0x23c C:/ST/STM32CubeIDE_1.18.1/STM32CubeIDE/plugins/com.st.stm32cube.ide.mcu.externaltools.gnu-tools-for-stm32.13.3.rel1.win32_1.0.0.202411081344/tools/bin/../lib/gcc/arm-none-eabi/13.3.1/../../../../arm-none-eabi/lib/thumb/v7e-m+fp/hard\libc_nano.a(libc_a-nano-vfprintf_i.o)
                0x08010b70                _printf_i
 .text.std      0x08010dac       0x6c C:/ST/STM32CubeIDE_1.18.1/STM32CubeIDE/plugins/com.st.stm32cube.ide.mcu.externaltools.gnu-tools-for-stm32.13.3.rel1.win32_1.0.0.202411081344/tools/bin/../lib/gcc/arm-none-eabi/13.3.1/../../../../arm-none-eabi/lib/thumb/v7e-m+fp/hard\libc_nano.a(libc_a-findfp.o)
 .text.stdio_exit_handler
                0x08010e18       0x18 C:/ST/STM32CubeIDE_1.18.1/STM32CubeIDE/plugins/com.st.stm32cube.ide.mcu.externaltools.gnu-tools-for-stm32.13.3.rel1.win32_1.0.0.202411081344/tools/bin/../lib/gcc/arm-none-eabi/13.3.1/../../../../arm-none-eabi/lib/thumb/v7e-m+fp/hard\libc_nano.a(libc_a-findfp.o)
 .text.cleanup_stdio
                0x08010e30       0x40 C:/ST/STM32CubeIDE_1.18.1/STM32CubeIDE/plugins/com.st.stm32cube.ide.mcu.externaltools.gnu-tools-for-stm32.13.3.rel1.win32_1.0.0.202411081344/tools/bin/../lib/gcc/arm-none-eabi/13.3.1/../../../../arm-none-eabi/lib/thumb/v7e-m+fp/hard\libc_nano.a(libc_a-findfp.o)
 .text.global_stdio_init.part.0
                0x08010e70       0x3c C:/ST/STM32CubeIDE_1.18.1/STM32CubeIDE/plugins/com.st.stm32cube.ide.mcu.externaltools.gnu-tools-for-stm32.13.3.rel1.win32_1.0.0.202411081344/tools/bin/../lib/gcc/arm-none-eabi/13.3.1/../../../../arm-none-eabi/lib/thumb/v7e-m+fp/hard\libc_nano.a(libc_a-findfp.o)
 .text.__sfp_lock_acquire
                0x08010eac        0xc C:/ST/STM32CubeIDE_1.18.1/STM32CubeIDE/plugins/com.st.stm32cube.ide.mcu.externaltools.gnu-tools-for-stm32.13.3.rel1.win32_1.0.0.202411081344/tools/bin/../lib/gcc/arm-none-eabi/13.3.1/../../../../arm-none-eabi/lib/thumb/v7e-m+fp/hard\libc_nano.a(libc_a-findfp.o)
                0x08010eac                __sfp_lock_acquire
 .text.__sfp_lock_release
                0x08010eb8        0xc C:/ST/STM32CubeIDE_1.18.1/STM32CubeIDE/plugins/com.st.stm32cube.ide.mcu.externaltools.gnu-tools-for-stm32.13.3.rel1.win32_1.0.0.202411081344/tools/bin/../lib/gcc/arm-none-eabi/13.3.1/../../../../arm-none-eabi/lib/thumb/v7e-m+fp/hard\libc_nano.a(libc_a-findfp.o)
                0x08010eb8                __sfp_lock_release
 .text.__sinit  0x08010ec4       0x30 C:/ST/STM32CubeIDE_1.18.1/STM32CubeIDE/plugins/com.st.stm32cube.ide.mcu.externaltools.gnu-tools-for-stm32.13.3.rel1.win32_1.0.0.202411081344/tools/bin/../lib/gcc/arm-none-eabi/13.3.1/../../../../arm-none-eabi/lib/thumb/v7e-m+fp/hard\libc_nano.a(libc_a-findfp.o)
                0x08010ec4                __sinit
 .text._fwalk_sglue
                0x08010ef4       0x3c C:/ST/STM32CubeIDE_1.18.1/STM32CubeIDE/plugins/com.st.stm32cube.ide.mcu.externaltools.gnu-tools-for-stm32.13.3.rel1.win32_1.0.0.202411081344/tools/bin/../lib/gcc/arm-none-eabi/13.3.1/../../../../arm-none-eabi/lib/thumb/v7e-m+fp/hard\libc_nano.a(libc_a-fwalk.o)
                0x08010ef4                _fwalk_sglue
 .text.sprintf  0x08010f30       0x44 C:/ST/STM32CubeIDE_1.18.1/STM32CubeIDE/plugins/com.st.stm32cube.ide.mcu.externaltools.gnu-tools-for-stm32.13.3.rel1.win32_1.0.0.202411081344/tools/bin/../lib/gcc/arm-none-eabi/13.3.1/../../../../arm-none-eabi/lib/thumb/v7e-m+fp/hard\libc_nano.a(libc_a-sprintf.o)
                0x08010f30                siprintf
                0x08010f30                sprintf
 .text.__sread  0x08010f74       0x22 C:/ST/STM32CubeIDE_1.18.1/STM32CubeIDE/plugins/com.st.stm32cube.ide.mcu.externaltools.gnu-tools-for-stm32.13.3.rel1.win32_1.0.0.202411081344/tools/bin/../lib/gcc/arm-none-eabi/13.3.1/../../../../arm-none-eabi/lib/thumb/v7e-m+fp/hard\libc_nano.a(libc_a-stdio.o)
                0x08010f74                __sread
 .text.__swrite
                0x08010f96       0x38 C:/ST/STM32CubeIDE_1.18.1/STM32CubeIDE/plugins/com.st.stm32cube.ide.mcu.externaltools.gnu-tools-for-stm32.13.3.rel1.win32_1.0.0.202411081344/tools/bin/../lib/gcc/arm-none-eabi/13.3.1/../../../../arm-none-eabi/lib/thumb/v7e-m+fp/hard\libc_nano.a(libc_a-stdio.o)
                0x08010f96                __swrite
 .text.__sseek  0x08010fce       0x24 C:/ST/STM32CubeIDE_1.18.1/STM32CubeIDE/plugins/com.st.stm32cube.ide.mcu.externaltools.gnu-tools-for-stm32.13.3.rel1.win32_1.0.0.202411081344/tools/bin/../lib/gcc/arm-none-eabi/13.3.1/../../../../arm-none-eabi/lib/thumb/v7e-m+fp/hard\libc_nano.a(libc_a-stdio.o)
                0x08010fce                __sseek
 .text.__sclose
                0x08010ff2        0x8 C:/ST/STM32CubeIDE_1.18.1/STM32CubeIDE/plugins/com.st.stm32cube.ide.mcu.externaltools.gnu-tools-for-stm32.13.3.rel1.win32_1.0.0.202411081344/tools/bin/../lib/gcc/arm-none-eabi/13.3.1/../../../../arm-none-eabi/lib/thumb/v7e-m+fp/hard\libc_nano.a(libc_a-stdio.o)
                0x08010ff2                __sclose
 .text.memset   0x08010ffa       0x10 C:/ST/STM32CubeIDE_1.18.1/STM32CubeIDE/plugins/com.st.stm32cube.ide.mcu.externaltools.gnu-tools-for-stm32.13.3.rel1.win32_1.0.0.202411081344/tools/bin/../lib/gcc/arm-none-eabi/13.3.1/../../../../arm-none-eabi/lib/thumb/v7e-m+fp/hard\libc_nano.a(libc_a-memset.o)
                0x08010ffa                memset
 *fill*         0x0801100a        0x2 
 .text._localeconv_r
                0x0801100c        0x8 C:/ST/STM32CubeIDE_1.18.1/STM32CubeIDE/plugins/com.st.stm32cube.ide.mcu.externaltools.gnu-tools-for-stm32.13.3.rel1.win32_1.0.0.202411081344/tools/bin/../lib/gcc/arm-none-eabi/13.3.1/../../../../arm-none-eabi/lib/thumb/v7e-m+fp/hard\libc_nano.a(libc_a-localeconv.o)
                0x0801100c                _localeconv_r
 .text._close_r
                0x08011014       0x20 C:/ST/STM32CubeIDE_1.18.1/STM32CubeIDE/plugins/com.st.stm32cube.ide.mcu.externaltools.gnu-tools-for-stm32.13.3.rel1.win32_1.0.0.202411081344/tools/bin/../lib/gcc/arm-none-eabi/13.3.1/../../../../arm-none-eabi/lib/thumb/v7e-m+fp/hard\libc_nano.a(libc_a-closer.o)
                0x08011014                _close_r
 .text._lseek_r
                0x08011034       0x24 C:/ST/STM32CubeIDE_1.18.1/STM32CubeIDE/plugins/com.st.stm32cube.ide.mcu.externaltools.gnu-tools-for-stm32.13.3.rel1.win32_1.0.0.202411081344/tools/bin/../lib/gcc/arm-none-eabi/13.3.1/../../../../arm-none-eabi/lib/thumb/v7e-m+fp/hard\libc_nano.a(libc_a-lseekr.o)
                0x08011034                _lseek_r
 .text._read_r  0x08011058       0x24 C:/ST/STM32CubeIDE_1.18.1/STM32CubeIDE/plugins/com.st.stm32cube.ide.mcu.externaltools.gnu-tools-for-stm32.13.3.rel1.win32_1.0.0.202411081344/tools/bin/../lib/gcc/arm-none-eabi/13.3.1/../../../../arm-none-eabi/lib/thumb/v7e-m+fp/hard\libc_nano.a(libc_a-readr.o)
                0x08011058                _read_r
 .text._sbrk_r  0x0801107c       0x20 C:/ST/STM32CubeIDE_1.18.1/STM32CubeIDE/plugins/com.st.stm32cube.ide.mcu.externaltools.gnu-tools-for-stm32.13.3.rel1.win32_1.0.0.202411081344/tools/bin/../lib/gcc/arm-none-eabi/13.3.1/../../../../arm-none-eabi/lib/thumb/v7e-m+fp/hard\libc_nano.a(libc_a-sbrkr.o)
                0x0801107c                _sbrk_r
 .text._write_r
                0x0801109c       0x24 C:/ST/STM32CubeIDE_1.18.1/STM32CubeIDE/plugins/com.st.stm32cube.ide.mcu.externaltools.gnu-tools-for-stm32.13.3.rel1.win32_1.0.0.202411081344/tools/bin/../lib/gcc/arm-none-eabi/13.3.1/../../../../arm-none-eabi/lib/thumb/v7e-m+fp/hard\libc_nano.a(libc_a-writer.o)
                0x0801109c                _write_r
 .text.__errno  0x080110c0        0xc C:/ST/STM32CubeIDE_1.18.1/STM32CubeIDE/plugins/com.st.stm32cube.ide.mcu.externaltools.gnu-tools-for-stm32.13.3.rel1.win32_1.0.0.202411081344/tools/bin/../lib/gcc/arm-none-eabi/13.3.1/../../../../arm-none-eabi/lib/thumb/v7e-m+fp/hard\libc_nano.a(libc_a-errno.o)
                0x080110c0                __errno
 .text.__libc_init_array
                0x080110cc       0x48 C:/ST/STM32CubeIDE_1.18.1/STM32CubeIDE/plugins/com.st.stm32cube.ide.mcu.externaltools.gnu-tools-for-stm32.13.3.rel1.win32_1.0.0.202411081344/tools/bin/../lib/gcc/arm-none-eabi/13.3.1/../../../../arm-none-eabi/lib/thumb/v7e-m+fp/hard\libc_nano.a(libc_a-init.o)
                0x080110cc                __libc_init_array
 .text.__retarget_lock_init_recursive
                0x08011114        0x2 C:/ST/STM32CubeIDE_1.18.1/STM32CubeIDE/plugins/com.st.stm32cube.ide.mcu.externaltools.gnu-tools-for-stm32.13.3.rel1.win32_1.0.0.202411081344/tools/bin/../lib/gcc/arm-none-eabi/13.3.1/../../../../arm-none-eabi/lib/thumb/v7e-m+fp/hard\libc_nano.a(libc_a-lock.o)
                0x08011114                __retarget_lock_init_recursive
 .text.__retarget_lock_acquire_recursive
                0x08011116        0x2 C:/ST/STM32CubeIDE_1.18.1/STM32CubeIDE/plugins/com.st.stm32cube.ide.mcu.externaltools.gnu-tools-for-stm32.13.3.rel1.win32_1.0.0.202411081344/tools/bin/../lib/gcc/arm-none-eabi/13.3.1/../../../../arm-none-eabi/lib/thumb/v7e-m+fp/hard\libc_nano.a(libc_a-lock.o)
                0x08011116                __retarget_lock_acquire_recursive
 .text.__retarget_lock_release_recursive
                0x08011118        0x2 C:/ST/STM32CubeIDE_1.18.1/STM32CubeIDE/plugins/com.st.stm32cube.ide.mcu.externaltools.gnu-tools-for-stm32.13.3.rel1.win32_1.0.0.202411081344/tools/bin/../lib/gcc/arm-none-eabi/13.3.1/../../../../arm-none-eabi/lib/thumb/v7e-m+fp/hard\libc_nano.a(libc_a-lock.o)
                0x08011118                __retarget_lock_release_recursive
 .text.quorem   0x0801111a      0x110 C:/ST/STM32CubeIDE_1.18.1/STM32CubeIDE/plugins/com.st.stm32cube.ide.mcu.externaltools.gnu-tools-for-stm32.13.3.rel1.win32_1.0.0.202411081344/tools/bin/../lib/gcc/arm-none-eabi/13.3.1/../../../../arm-none-eabi/lib/thumb/v7e-m+fp/hard\libc_nano.a(libc_a-dtoa.o)
 *fill*         0x0801122a        0x6 
 .text._dtoa_r  0x08011230      0xba0 C:/ST/STM32CubeIDE_1.18.1/STM32CubeIDE/plugins/com.st.stm32cube.ide.mcu.externaltools.gnu-tools-for-stm32.13.3.rel1.win32_1.0.0.202411081344/tools/bin/../lib/gcc/arm-none-eabi/13.3.1/../../../../arm-none-eabi/lib/thumb/v7e-m+fp/hard\libc_nano.a(libc_a-dtoa.o)
                0x08011230                _dtoa_r
 .text._free_r  0x08011dd0       0x94 C:/ST/STM32CubeIDE_1.18.1/STM32CubeIDE/plugins/com.st.stm32cube.ide.mcu.externaltools.gnu-tools-for-stm32.13.3.rel1.win32_1.0.0.202411081344/tools/bin/../lib/gcc/arm-none-eabi/13.3.1/../../../../arm-none-eabi/lib/thumb/v7e-m+fp/hard\libc_nano.a(libc_a-freer.o)
                0x08011dd0                _free_r
 .text._Balloc  0x08011e64       0x80 C:/ST/STM32CubeIDE_1.18.1/STM32CubeIDE/plugins/com.st.stm32cube.ide.mcu.externaltools.gnu-tools-for-stm32.13.3.rel1.win32_1.0.0.202411081344/tools/bin/../lib/gcc/arm-none-eabi/13.3.1/../../../../arm-none-eabi/lib/thumb/v7e-m+fp/hard\libc_nano.a(libc_a-mprec.o)
                0x08011e64                _Balloc
 .text._Bfree   0x08011ee4       0x44 C:/ST/STM32CubeIDE_1.18.1/STM32CubeIDE/plugins/com.st.stm32cube.ide.mcu.externaltools.gnu-tools-for-stm32.13.3.rel1.win32_1.0.0.202411081344/tools/bin/../lib/gcc/arm-none-eabi/13.3.1/../../../../arm-none-eabi/lib/thumb/v7e-m+fp/hard\libc_nano.a(libc_a-mprec.o)
                0x08011ee4                _Bfree
 .text.__multadd
                0x08011f28       0x8c C:/ST/STM32CubeIDE_1.18.1/STM32CubeIDE/plugins/com.st.stm32cube.ide.mcu.externaltools.gnu-tools-for-stm32.13.3.rel1.win32_1.0.0.202411081344/tools/bin/../lib/gcc/arm-none-eabi/13.3.1/../../../../arm-none-eabi/lib/thumb/v7e-m+fp/hard\libc_nano.a(libc_a-mprec.o)
                0x08011f28                __multadd
 .text.__hi0bits
                0x08011fb4       0x3e C:/ST/STM32CubeIDE_1.18.1/STM32CubeIDE/plugins/com.st.stm32cube.ide.mcu.externaltools.gnu-tools-for-stm32.13.3.rel1.win32_1.0.0.202411081344/tools/bin/../lib/gcc/arm-none-eabi/13.3.1/../../../../arm-none-eabi/lib/thumb/v7e-m+fp/hard\libc_nano.a(libc_a-mprec.o)
                0x08011fb4                __hi0bits
 .text.__lo0bits
                0x08011ff2       0x5a C:/ST/STM32CubeIDE_1.18.1/STM32CubeIDE/plugins/com.st.stm32cube.ide.mcu.externaltools.gnu-tools-for-stm32.13.3.rel1.win32_1.0.0.202411081344/tools/bin/../lib/gcc/arm-none-eabi/13.3.1/../../../../arm-none-eabi/lib/thumb/v7e-m+fp/hard\libc_nano.a(libc_a-mprec.o)
                0x08011ff2                __lo0bits
 .text.__i2b    0x0801204c       0x2c C:/ST/STM32CubeIDE_1.18.1/STM32CubeIDE/plugins/com.st.stm32cube.ide.mcu.externaltools.gnu-tools-for-stm32.13.3.rel1.win32_1.0.0.202411081344/tools/bin/../lib/gcc/arm-none-eabi/13.3.1/../../../../arm-none-eabi/lib/thumb/v7e-m+fp/hard\libc_nano.a(libc_a-mprec.o)
                0x0801204c                __i2b
 .text.__multiply
                0x08012078      0x144 C:/ST/STM32CubeIDE_1.18.1/STM32CubeIDE/plugins/com.st.stm32cube.ide.mcu.externaltools.gnu-tools-for-stm32.13.3.rel1.win32_1.0.0.202411081344/tools/bin/../lib/gcc/arm-none-eabi/13.3.1/../../../../arm-none-eabi/lib/thumb/v7e-m+fp/hard\libc_nano.a(libc_a-mprec.o)
                0x08012078                __multiply
 .text.__pow5mult
                0x080121bc       0xb4 C:/ST/STM32CubeIDE_1.18.1/STM32CubeIDE/plugins/com.st.stm32cube.ide.mcu.externaltools.gnu-tools-for-stm32.13.3.rel1.win32_1.0.0.202411081344/tools/bin/../lib/gcc/arm-none-eabi/13.3.1/../../../../arm-none-eabi/lib/thumb/v7e-m+fp/hard\libc_nano.a(libc_a-mprec.o)
                0x080121bc                __pow5mult
 .text.__lshift
                0x08012270       0xd8 C:/ST/STM32CubeIDE_1.18.1/STM32CubeIDE/plugins/com.st.stm32cube.ide.mcu.externaltools.gnu-tools-for-stm32.13.3.rel1.win32_1.0.0.202411081344/tools/bin/../lib/gcc/arm-none-eabi/13.3.1/../../../../arm-none-eabi/lib/thumb/v7e-m+fp/hard\libc_nano.a(libc_a-mprec.o)
                0x08012270                __lshift
 .text.__mcmp   0x08012348       0x36 C:/ST/STM32CubeIDE_1.18.1/STM32CubeIDE/plugins/com.st.stm32cube.ide.mcu.externaltools.gnu-tools-for-stm32.13.3.rel1.win32_1.0.0.202411081344/tools/bin/../lib/gcc/arm-none-eabi/13.3.1/../../../../arm-none-eabi/lib/thumb/v7e-m+fp/hard\libc_nano.a(libc_a-mprec.o)
                0x08012348                __mcmp
 *fill*         0x0801237e        0x2 
 .text.__mdiff  0x08012380      0x128 C:/ST/STM32CubeIDE_1.18.1/STM32CubeIDE/plugins/com.st.stm32cube.ide.mcu.externaltools.gnu-tools-for-stm32.13.3.rel1.win32_1.0.0.202411081344/tools/bin/../lib/gcc/arm-none-eabi/13.3.1/../../../../arm-none-eabi/lib/thumb/v7e-m+fp/hard\libc_nano.a(libc_a-mprec.o)
                0x08012380                __mdiff
 .text.__d2b    0x080124a8       0xb0 C:/ST/STM32CubeIDE_1.18.1/STM32CubeIDE/plugins/com.st.stm32cube.ide.mcu.externaltools.gnu-tools-for-stm32.13.3.rel1.win32_1.0.0.202411081344/tools/bin/../lib/gcc/arm-none-eabi/13.3.1/../../../../arm-none-eabi/lib/thumb/v7e-m+fp/hard\libc_nano.a(libc_a-mprec.o)
                0x080124a8                __d2b
 .text.__ssputs_r
                0x08012558       0xb6 C:/ST/STM32CubeIDE_1.18.1/STM32CubeIDE/plugins/com.st.stm32cube.ide.mcu.externaltools.gnu-tools-for-stm32.13.3.rel1.win32_1.0.0.202411081344/tools/bin/../lib/gcc/arm-none-eabi/13.3.1/../../../../arm-none-eabi/lib/thumb/v7e-m+fp/hard\libc_nano.a(libc_a-nano-svfprintf.o)
                0x08012558                __ssputs_r
 *fill*         0x0801260e        0x2 
 .text._svfprintf_r
                0x08012610      0x1f8 C:/ST/STM32CubeIDE_1.18.1/STM32CubeIDE/plugins/com.st.stm32cube.ide.mcu.externaltools.gnu-tools-for-stm32.13.3.rel1.win32_1.0.0.202411081344/tools/bin/../lib/gcc/arm-none-eabi/13.3.1/../../../../arm-none-eabi/lib/thumb/v7e-m+fp/hard\libc_nano.a(libc_a-nano-svfprintf.o)
                0x08012610                _svfiprintf_r
                0x08012610                _svfprintf_r
 .text.__sflush_r
                0x08012808      0x108 C:/ST/STM32CubeIDE_1.18.1/STM32CubeIDE/plugins/com.st.stm32cube.ide.mcu.externaltools.gnu-tools-for-stm32.13.3.rel1.win32_1.0.0.202411081344/tools/bin/../lib/gcc/arm-none-eabi/13.3.1/../../../../arm-none-eabi/lib/thumb/v7e-m+fp/hard\libc_nano.a(libc_a-fflush.o)
                0x08012808                __sflush_r
 .text._fflush_r
                0x08012910       0x50 C:/ST/STM32CubeIDE_1.18.1/STM32CubeIDE/plugins/com.st.stm32cube.ide.mcu.externaltools.gnu-tools-for-stm32.13.3.rel1.win32_1.0.0.202411081344/tools/bin/../lib/gcc/arm-none-eabi/13.3.1/../../../../arm-none-eabi/lib/thumb/v7e-m+fp/hard\libc_nano.a(libc_a-fflush.o)
                0x08012910                _fflush_r
 .text.memmove  0x08012960       0x34 C:/ST/STM32CubeIDE_1.18.1/STM32CubeIDE/plugins/com.st.stm32cube.ide.mcu.externaltools.gnu-tools-for-stm32.13.3.rel1.win32_1.0.0.202411081344/tools/bin/../lib/gcc/arm-none-eabi/13.3.1/../../../../arm-none-eabi/lib/thumb/v7e-m+fp/hard\libc_nano.a(libc_a-memmove.o)
                0x08012960                memmove
 .text.memcpy   0x08012994       0x1c C:/ST/STM32CubeIDE_1.18.1/STM32CubeIDE/plugins/com.st.stm32cube.ide.mcu.externaltools.gnu-tools-for-stm32.13.3.rel1.win32_1.0.0.202411081344/tools/bin/../lib/gcc/arm-none-eabi/13.3.1/../../../../arm-none-eabi/lib/thumb/v7e-m+fp/hard\libc_nano.a(libc_a-memcpy-stub.o)
                0x08012994                memcpy
 .text.__assert_func
                0x080129b0       0x3c C:/ST/STM32CubeIDE_1.18.1/STM32CubeIDE/plugins/com.st.stm32cube.ide.mcu.externaltools.gnu-tools-for-stm32.13.3.rel1.win32_1.0.0.202411081344/tools/bin/../lib/gcc/arm-none-eabi/13.3.1/../../../../arm-none-eabi/lib/thumb/v7e-m+fp/hard\libc_nano.a(libc_a-assert.o)
                0x080129b0                __assert_func
 .text._calloc_r
                0x080129ec       0x28 C:/ST/STM32CubeIDE_1.18.1/STM32CubeIDE/plugins/com.st.stm32cube.ide.mcu.externaltools.gnu-tools-for-stm32.13.3.rel1.win32_1.0.0.202411081344/tools/bin/../lib/gcc/arm-none-eabi/13.3.1/../../../../arm-none-eabi/lib/thumb/v7e-m+fp/hard\libc_nano.a(libc_a-callocr.o)
                0x080129ec                _calloc_r
 .text.__ascii_mbtowc
                0x08012a14       0x24 C:/ST/STM32CubeIDE_1.18.1/STM32CubeIDE/plugins/com.st.stm32cube.ide.mcu.externaltools.gnu-tools-for-stm32.13.3.rel1.win32_1.0.0.202411081344/tools/bin/../lib/gcc/arm-none-eabi/13.3.1/../../../../arm-none-eabi/lib/thumb/v7e-m+fp/hard\libc_nano.a(libc_a-mbtowc_r.o)
                0x08012a14                __ascii_mbtowc
 .text._realloc_r
                0x08012a38       0x5c C:/ST/STM32CubeIDE_1.18.1/STM32CubeIDE/plugins/com.st.stm32cube.ide.mcu.externaltools.gnu-tools-for-stm32.13.3.rel1.win32_1.0.0.202411081344/tools/bin/../lib/gcc/arm-none-eabi/13.3.1/../../../../arm-none-eabi/lib/thumb/v7e-m+fp/hard\libc_nano.a(libc_a-reallocr.o)
                0x08012a38                _realloc_r
 .text.__ascii_wctomb
                0x08012a94       0x1a C:/ST/STM32CubeIDE_1.18.1/STM32CubeIDE/plugins/com.st.stm32cube.ide.mcu.externaltools.gnu-tools-for-stm32.13.3.rel1.win32_1.0.0.202411081344/tools/bin/../lib/gcc/arm-none-eabi/13.3.1/../../../../arm-none-eabi/lib/thumb/v7e-m+fp/hard\libc_nano.a(libc_a-wctomb_r.o)
                0x08012a94                __ascii_wctomb
 *fill*         0x08012aae        0x2 
 .text.fprintf  0x08012ab0       0x24 C:/ST/STM32CubeIDE_1.18.1/STM32CubeIDE/plugins/com.st.stm32cube.ide.mcu.externaltools.gnu-tools-for-stm32.13.3.rel1.win32_1.0.0.202411081344/tools/bin/../lib/gcc/arm-none-eabi/13.3.1/../../../../arm-none-eabi/lib/thumb/v7e-m+fp/hard\libc_nano.a(libc_a-fprintf.o)
                0x08012ab0                fiprintf
                0x08012ab0                fprintf
 .text.abort    0x08012ad4        0xe C:/ST/STM32CubeIDE_1.18.1/STM32CubeIDE/plugins/com.st.stm32cube.ide.mcu.externaltools.gnu-tools-for-stm32.13.3.rel1.win32_1.0.0.202411081344/tools/bin/../lib/gcc/arm-none-eabi/13.3.1/../../../../arm-none-eabi/lib/thumb/v7e-m+fp/hard\libc_nano.a(libc_a-abort.o)