../Core/Src/main.c:118:6:HAL_UARTEx_RxEventCallback	16	static
../Core/Src/main.c:133:6:HAL_GPIO_EXTI_Callback	16	static
../Core/Src/main.c:144:6:HAL_SPI_TxRxCpltCallback	16	static
../Core/Src/main.c:162:5:main	72	static
../Core/Src/main.c:277:6:SystemClock_Config	88	static
../Core/Src/main.c:330:13:MX_ADC1_Init	24	static
../Core/Src/main.c:382:13:MX_I2C1_Init	8	static
../Core/Src/main.c:430:13:MX_SPI1_Init	8	static
../Core/Src/main.c:470:13:MX_TIM2_Init	64	static
../Core/Src/main.c:541:13:MX_TIM3_Init	64	static
../Core/Src/main.c:612:13:MX_UART4_Init	8	static
../Core/Src/main.c:648:13:MX_UART5_Init	8	static
../Core/Src/main.c:683:13:MX_USART6_UART_Init	8	static
../Core/Src/main.c:716:13:MX_DMA_Init	16	static
../Core/Src/main.c:744:13:MX_GPIO_Init	48	static
../Core/Src/main.c:799:6:MPU_Config	24	static
../Core/Src/main.c:830:6:Error_Handler	16	static,ignoring_inline_asm
